=== COMMAND ===
/home/ubuntu/rayenv/bin/python3 /fsx/Vortex-mid/Vortex-moldable-sched/service/run_hpo.py {"wf_id": "hpo-0a5998a0", "cohesion": {"accuracy": 0.9021, "model_name": "convnext_large", "epoch": 28, "learning_rate": 0.01547057214934211, "momentum": 0.7883831916940598, "batch_size": 64, "hidden": 10, "image_size": 64, "next_trials": 3}, "hosts": {"g5.xlarge": ["172.31.39.199"]}, "chains": 3, "tinyda_iterations": 28, "mesh": "convnext_large", "port": 4242}

=== STDOUT ===
hpo-0a5998a0
{"config": {"accuracy": 0.9039, "model_name": "convnext_large", "epoch": 39, "learning_rate": 0.04630304373478604, "momentum": 0.7493931067631064, "batch_size": 64, "hidden": 10, "image_size": 64, "next_trials": 3}, "status": "ok", "wf_id": "hpo-0a5998a0", "mode": "cloud"}


=== STDERR ===
INFO:cloud_runner_HPO_new:Starting HPO Cloud Runner execution...
INFO:cloud_runner_HPO_new:Setting up HPO Ray cluster...
INFO:cloud_runner_HPO_new:Extracted 1 worker IPs: ['172.31.39.199']
INFO:cloud_runner_HPO_new:Ray Head: 172.31.39.199
INFO:cloud_runner_HPO_new:Ray Workers: []
INFO:paramiko.transport:Connected (version 2.0, client OpenSSH_8.9p1)
INFO:paramiko.transport:Authentication (publickey) successful!
INFO:cloud_runner_HPO_new:Ray port 6380 on 172.31.39.199 is free after stop
INFO:cloud_runner_HPO_new:Ray head startup output: 2026-05-05 11:26:55,085	INFO usage_lib.py:474 -- Usage stats collection is enabled by default without user confirmation because this terminal is detected to be non-interactive. To disable this, add `--disable-usage-stats` to the command that starts the cluster, or run the following command: `ray disable-usage-stats` before starting the cluster. See https://docs.ray.io/en/master/cluster/usage-stats.html for more details.
2026-05-05 11:26:55,086	INFO scripts.py:940 -- [37mLocal node IP[39m: [1m172.31.39.199[22m
2026-05-05 11:27:01,281	SUCC scripts.py:979 -- [32m--------------------[39m
2026-05-05 11:27:01,281	SUCC scripts.py:980 -- [32mRay runtime started.[39m
2026-05-05 11:27:01,281	SUCC scripts.py:981 -- [32m--------------------[39m
2026-05-05 11:27:01,281	INFO scripts.py:983 -- [36mNext steps[39m
2026-05-05 11:27:01,281	INFO scripts.py:986 -- To add another node to this Ray cluster, run
2026-05-05 11:27:01,281	INFO scripts.py:989 -- [1m  ray start --address='172.31.39.199:6380'[22m
2026-05-05 11:27:01,281	INFO scripts.py:1000 -- To connect to this Ray cluster:
2026-05-05 11:27:01,281	INFO scripts.py:1002 -- [35mimport[39m[26m ray
2026-05-05 11:27:01,281	INFO scripts.py:1003 -- ray[35m.[39m[26minit()
2026-05-05 11:27:01,281	INFO scripts.py:1017 -- To submit a Ray job using the Ray Jobs CLI:
2026-05-05 11:27:01,282	INFO scripts.py:1018 -- [1m  RAY_API_SERVER_ADDRESS='http://127.0.0.1:8265' ray job submit --working-dir . -- python my_script.py[22m
2026-05-05 11:27:01,282	INFO scripts.py:1027 -- See https://docs.ray.io/en/latest/cluster/running-applications/job-submission/index.html 
2026-05-05 11:27:01,282	INFO scripts.py:1031 -- for more information on submitting Ray jobs to the Ray cluster.
2026-05-05 11:27:01,282	INFO scripts.py:1036 -- To terminate the Ray runtime, run
2026-05-05 11:27:01,282	INFO scripts.py:1037 -- [1m  ray stop[22m
2026-05-05 11:27:01,282	INFO scripts.py:1040 -- To view the status of the cluster, use
2026-05-05 11:27:01,282	INFO scripts.py:1041 --   [1mray status[22m[26m
2026-05-05 11:27:01,282	INFO scripts.py:1045 -- To monitor and debug Ray, view the dashboard at 
2026-05-05 11:27:01,282	INFO scripts.py:1046 --   [1m127.0.0.1:8265[22m[26m
2026-05-05 11:27:01,282	INFO scripts.py:1053 -- [4mIf connection to the dashboard fails, check your firewall settings and network configuration.[24m

INFO:paramiko.transport:Connected (version 2.0, client OpenSSH_8.9p1)
INFO:paramiko.transport:Authentication (publickey) successful!
INFO:cloud_runner_HPO_new:Ray head ports reachable; assuming healthy.
INFO:cloud_runner_HPO_new:No additional Ray workers to start
INFO:cloud_runner_HPO_new:Ray cluster setup completed successfully
INFO:cloud_runner_HPO_new:Starting HPO pipeline execution...
INFO:paramiko.transport:Connected (version 2.0, client OpenSSH_8.9p1)
INFO:paramiko.transport:Authentication (publickey) successful!
INFO:cloud_runner_HPO_new:⚠️  HPO CONFIG PREPARED:
INFO:cloud_runner_HPO_new:    model_name: convnext_large
INFO:cloud_runner_HPO_new:    epochs: 28
INFO:cloud_runner_HPO_new:    trials: 3
INFO:cloud_runner_HPO_new:    Full config: {'model_name': 'convnext_large', 'epoch': 28, 'next_trials': 3, 'learning_rate': 0.01547057214934211, 'momentum': 0.7883831916940598, 'batch_size': 64, 'hidden': 10, 'image_size': 64, 'amp': True, 'train_backbone': False, 'data_dir': '/home/ubuntu/cifar10'}
INFO:paramiko.transport.sftp:[chan 0] Opened sftp connection (server version 3)
INFO:paramiko.transport.sftp:[chan 0] sftp session closed.
INFO:cloud_runner_HPO_new:Extracted 1 worker IPs: ['172.31.39.199']
INFO:cloud_runner_HPO_new:Executing HPO pipeline...
WARNING:cloud_runner_HPO_new:HPO pipeline warnings: 2026-05-05 11:27:05,983	INFO worker.py:1672 -- Using address 172.31.39.199:6380 set in the environment variable RAY_ADDRESS
2026-05-05 11:27:05,986	INFO worker.py:1814 -- Connecting to existing Ray cluster at address: 172.31.39.199:6380...
2026-05-05 11:27:06,017	INFO worker.py:2003 -- Connected to Ray cluster. View the dashboard at [1m[32m127.0.0.1:8265 [39m[22m
/home/ubuntu/rayenv/lib/python3.10/site-packages/ray/_private/worker.py:2051: FutureWarning: Tip: In future versions of Ray, Ray will no longer override accelerator visible devices env var if num_gpus=0 or num_gpus=None (default). To enable this behavior and turn off this error message, set RAY_ACCEL_ENV_VAR_OVERRIDE_ON_ZERO=0
  warnings.warn(
2026-05-05 11:27:06,801	INFO registry.py:112 -- Detected unknown callable for trainable. Converting to class.
[36m(TrainController pid=11858)[0m Requesting resources: {'GPU': 1} * 1
[36m(TrainController pid=11858)[0m Attempting to start training worker group of size 1 with the following resources: [{'GPU': 1}] * 1
[36m(RayTrainWorker pid=11946)[0m Setting up process group for: env:// [rank=0, world_size=1]
[36m(TrainController pid=11858)[0m Started training worker group of size 1: 
[36m(TrainController pid=11858)[0m - (ip=172.31.39.199, pid=11946) world_rank=0, local_rank=0, node_rank=0
[36m(RayTrainWorker pid=11946)[0m 
[36m(RayTrainWorker pid=11946)[0m ================ WORKER DEVICE DEBUG ================
[36m(RayTrainWorker pid=11946)[0m CUDA_VISIBLE_DEVICES = 0
[36m(RayTrainWorker pid=11946)[0m torch.cuda.is_available() = True
[36m(RayTrainWorker pid=11946)[0m torch.cuda.device_count() = 1
[36m(RayTrainWorker pid=11946)[0m current device index = 0
[36m(RayTrainWorker pid=11946)[0m device name = NVIDIA A10G
[36m(RayTrainWorker pid=11946)[0m =====================================================
[36m(RayTrainWorker pid=11946)[0m 
[36m(RayTrainWorker pid=11946)[0m 🔍 TRAINING WITH MODEL: convnext_large
[36m(RayTrainWorker pid=11946)[0m 🔍 FULL CONFIG: epochs=34, lr=0.007487581672183538, batch_size=64, image_size=64
[36m(RayTrainWorker pid=11946)[0m Moving model to device: cuda:0
[36m(RayTrainWorker pid=11946)[0m Reporting training result 1: TrainingReport(checkpoint=None, metrics={'epoch': 1, 'accuracy': 0.8735, 'best_accuracy': 0.8735, 'avg_epoch_time_s': 34.218376518000014}, validation=False)
[36m(RayTrainWorker pid=11946)[0m Reporting training result 2: TrainingReport(checkpoint=None, metrics={'epoch': 2, 'accuracy': 0.88, 'best_accuracy': 0.88, 'avg_epoch_time_s': 29.65791779899996}, validation=False)
[36m(RayTrainWorker pid=11946)[0m Reporting training result 3: TrainingReport(checkpoint=None, metrics={'epoch': 3, 'accuracy': 0.8836, 'best_accuracy': 0.8836, 'avg_epoch_time_s': 28.08442615466667}, validation=False)
[36m(RayTrainWorker pid=11946)[0m Reporting training result 4: TrainingReport(checkpoint=None, metrics={'epoch': 4, 'accuracy': 0.8861, 'best_accuracy': 0.8861, 'avg_epoch_time_s': 27.320792225499986}, validation=False)
[36m(RayTrainWorker pid=11946)[0m Reporting training result 5: TrainingReport(checkpoint=None, metrics={'epoch': 5, 'accuracy': 0.889, 'best_accuracy': 0.889, 'avg_epoch_time_s': 26.85233721759996}, validation=False)
[36m(RayTrainWorker pid=11946)[0m Reporting training result 6: TrainingReport(checkpoint=None, metrics={'epoch': 6, 'accuracy': 0.8905, 'best_accuracy': 0.8905, 'avg_epoch_time_s': 26.539730983833312}, validation=False)
[36m(RayTrainWorker pid=11946)[0m Reporting training result 7: TrainingReport(checkpoint=None, metrics={'epoch': 7, 'accuracy': 0.8915, 'best_accuracy': 0.8915, 'avg_epoch_time_s': 26.315114839714266}, validation=False)
[36m(RayTrainWorker pid=11946)[0m Reporting training result 8: TrainingReport(checkpoint=None, metrics={'epoch': 8, 'accuracy': 0.8928, 'best_accuracy': 0.8928, 'avg_epoch_time_s': 26.151847478999997}, validation=False)
[36m(RayTrainWorker pid=11946)[0m Reporting training result 9: TrainingReport(checkpoint=None, metrics={'epoch': 9, 'accuracy': 0.8935, 'best_accuracy': 0.8935, 'avg_epoch_time_s': 26.016537032666648}, validation=False)
[36m(RayTrainWorker pid=11946)[0m Reporting training result 10: TrainingReport(checkpoint=None, metrics={'epoch': 10, 'accuracy': 0.8931, 'best_accuracy': 0.8935, 'avg_epoch_time_s': 25.909271528499993}, validation=False)
[36m(RayTrainWorker pid=11946)[0m Reporting training result 11: TrainingReport(checkpoint=None, metrics={'epoch': 11, 'accuracy': 0.8938, 'best_accuracy': 0.8938, 'avg_epoch_time_s': 25.82108910863636}, validation=False)
[36m(RayTrainWorker pid=11946)[0m Reporting training result 12: TrainingReport(checkpoint=None, metrics={'epoch': 12, 'accuracy': 0.895, 'best_accuracy': 0.895, 'avg_epoch_time_s': 25.74785390083332}, validation=False)
[36m(RayTrainWorker pid=11946)[0m Reporting training result 13: TrainingReport(checkpoint=None, metrics={'epoch': 13, 'accuracy': 0.8956, 'best_accuracy': 0.8956, 'avg_epoch_time_s': 25.690890708076914}, validation=False)
[36m(RayTrainWorker pid=11946)[0m Reporting training result 14: TrainingReport(checkpoint=None, metrics={'epoch': 14, 'accuracy': 0.8974, 'best_accuracy': 0.8974, 'avg_epoch_time_s': 25.63950044399998}, validation=False)
[36m(RayTrainWorker pid=11946)[0m Reporting training result 15: TrainingReport(checkpoint=None, metrics={'epoch': 15, 'accuracy': 0.8969, 'best_accuracy': 0.8974, 'avg_epoch_time_s': 25.595895538866657}, validation=False)
[36m(RayTrainWorker pid=11946)[0m Reporting training result 16: TrainingReport(checkpoint=None, metrics={'epoch': 16, 'accuracy': 0.8961, 'best_accuracy': 0.8974, 'avg_epoch_time_s': 25.56649448262499}, validation=False)
[36m(RayTrainWorker pid=11946)[0m Reporting training result 17: TrainingReport(checkpoint=None, metrics={'epoch': 17, 'accuracy': 0.897, 'best_accuracy': 0.8974, 'avg_epoch_time_s': 25.528836640941176}, validation=False)
[36m(RayTrainWorker pid=11946)[0m Reporting training result 18: TrainingReport(checkpoint=None, metrics={'epoch': 18, 'accuracy': 0.8978, 'best_accuracy': 0.8978, 'avg_epoch_time_s': 25.49584071516665}, validation=False)
[36m(RayTrainWorker pid=11946)[0m Reporting training result 19: TrainingReport(checkpoint=None, metrics={'epoch': 19, 'accuracy': 0.8987, 'best_accuracy': 0.8987, 'avg_epoch_time_s': 25.465039359421052}, validation=False)
[36m(RayTrainWorker pid=11946)[0m Reporting training result 20: TrainingReport(checkpoint=None, metrics={'epoch': 20, 'accuracy': 0.8977, 'best_accuracy': 0.8987, 'avg_epoch_time_s': 25.438878916299995}, validation=False)
[36m(RayTrainWorker pid=11946)[0m Reporting training result 21: TrainingReport(checkpoint=None, metrics={'epoch': 21, 'accuracy': 0.899, 'best_accuracy': 0.899, 'avg_epoch_time_s': 25.41445109709524}, validation=False)
[36m(RayTrainWorker pid=11946)[0m Reporting training result 22: TrainingReport(checkpoint=None, metrics={'epoch': 22, 'accuracy': 0.8985, 'best_accuracy': 0.899, 'avg_epoch_time_s': 25.394535452136367}, validation=False)
[36m(RayTrainWorker pid=11946)[0m Reporting training result 23: TrainingReport(checkpoint=None, metrics={'epoch': 23, 'accuracy': 0.8988, 'best_accuracy': 0.899, 'avg_epoch_time_s': 25.37755252826086}, validation=False)
[36m(RayTrainWorker pid=11946)[0m Reporting training result 24: TrainingReport(checkpoint=None, metrics={'epoch': 24, 'accuracy': 0.8987, 'best_accuracy': 0.899, 'avg_epoch_time_s': 25.357890920791665}, validation=False)
[36m(RayTrainWorker pid=11946)[0m Reporting training result 25: TrainingReport(checkpoint=None, metrics={'epoch': 25, 'accuracy': 0.8997, 'best_accuracy': 0.8997, 'avg_epoch_time_s': 25.34343264039999}, validation=False)
[36m(RayTrainWorker pid=11946)[0m Reporting training result 26: TrainingReport(checkpoint=None, metrics={'epoch': 26, 'accuracy': 0.8991, 'best_accuracy': 0.8997, 'avg_epoch_time_s': 25.330985088692298}, validation=False)
[36m(RayTrainWorker pid=11946)[0m Reporting training result 27: TrainingReport(checkpoint=None, metrics={'epoch': 27, 'accuracy': 0.8995, 'best_accuracy': 0.8997, 'avg_epoch_time_s': 25.31485363062962}, validation=False)
[36m(RayTrainWorker pid=11946)[0m Reporting training result 28: TrainingReport(checkpoint=None, metrics={'epoch': 28, 'accuracy': 0.9012, 'best_accuracy': 0.9012, 'avg_epoch_time_s': 25.294561826107138}, validation=False)
[36m(RayTrainWorker pid=11946)[0m Reporting training result 29: TrainingReport(checkpoint=None, metrics={'epoch': 29, 'accuracy': 0.9009, 'best_accuracy': 0.9012, 'avg_epoch_time_s': 25.284734296724135}, validation=False)
[36m(RayTrainWorker pid=11946)[0m Reporting training result 30: TrainingReport(checkpoint=None, metrics={'epoch': 30, 'accuracy': 0.9004, 'best_accuracy': 0.9012, 'avg_epoch_time_s': 25.2720017883}, validation=False)
[36m(RayTrainWorker pid=11946)[0m Reporting training result 31: TrainingReport(checkpoint=None, metrics={'epoch': 31, 'accuracy': 0.902, 'best_accuracy': 0.902, 'avg_epoch_time_s': 25.257854160354842}, validation=False)
[36m(RayTrainWorker pid=11946)[0m Reporting training result 32: TrainingReport(checkpoint=None, metrics={'epoch': 32, 'accuracy': 0.8995, 'best_accuracy': 0.902, 'avg_epoch_time_s': 25.251857882031246}, validation=False)
[36m(RayTrainWorker pid=11946)[0m Reporting training result 33: TrainingReport(checkpoint=None, metrics={'epoch': 33, 'accuracy': 0.9013, 'best_accuracy': 0.902, 'avg_epoch_time_s': 25.244917882787874}, validation=False)
[36m(RayTrainWorker pid=11946)[0m Reporting training result 34: TrainingReport(checkpoint=None, metrics={'epoch': 34, 'accuracy': 0.8999, 'best_accuracy': 0.902, 'avg_epoch_time_s': 25.23565704052941}, validation=False)
[36m(TrainController pid=14982)[0m Requesting resources: {'GPU': 1} * 1
[36m(TrainController pid=14982)[0m Attempting to start training worker group of size 1 with the following resources: [{'GPU': 1}] * 1
[36m(RayTrainWorker pid=15028)[0m Setting up process group for: env:// [rank=0, world_size=1]
[36m(TrainController pid=14982)[0m Started training worker group of size 1: 
[36m(TrainController pid=14982)[0m - (ip=172.31.39.199, pid=15028) world_rank=0, local_rank=0, node_rank=0
[36m(RayTrainWorker pid=15028)[0m 
[36m(RayTrainWorker pid=15028)[0m ================ WORKER DEVICE DEBUG ================
[36m(RayTrainWorker pid=15028)[0m CUDA_VISIBLE_DEVICES = 0
[36m(RayTrainWorker pid=15028)[0m torch.cuda.is_available() = True
[36m(RayTrainWorker pid=15028)[0m torch.cuda.device_count() = 1
[36m(RayTrainWorker pid=15028)[0m current device index = 0
[36m(RayTrainWorker pid=15028)[0m device name = NVIDIA A10G
[36m(RayTrainWorker pid=15028)[0m =====================================================
[36m(RayTrainWorker pid=15028)[0m 
[36m(RayTrainWorker pid=15028)[0m 🔍 TRAINING WITH MODEL: convnext_large
[36m(RayTrainWorker pid=15028)[0m 🔍 FULL CONFIG: epochs=39, lr=0.04630304373478604, batch_size=64, image_size=64
[36m(RayTrainWorker pid=15028)[0m Moving model to device: cuda:0
[36m(RayTrainWorker pid=15028)[0m Reporting training result 1: TrainingReport(checkpoint=None, metrics={'epoch': 1, 'accuracy': 0.8858, 'best_accuracy': 0.8858, 'avg_epoch_time_s': 33.92580023000028}, validation=False)
[36m(RayTrainWorker pid=15028)[0m Reporting training result 2: TrainingReport(checkpoint=None, metrics={'epoch': 2, 'accuracy': 0.8907, 'best_accuracy': 0.8907, 'avg_epoch_time_s': 29.477269618000037}, validation=False)
[36m(RayTrainWorker pid=15028)[0m Reporting training result 3: TrainingReport(checkpoint=None, metrics={'epoch': 3, 'accuracy': 0.8944, 'best_accuracy': 0.8944, 'avg_epoch_time_s': 27.95028349100009}, validation=False)
[36m(RayTrainWorker pid=15028)[0m Reporting training result 4: TrainingReport(checkpoint=None, metrics={'epoch': 4, 'accuracy': 0.8939, 'best_accuracy': 0.8944, 'avg_epoch_time_s': 27.18801785975006}, validation=False)
[36m(RayTrainWorker pid=15028)[0m Reporting training result 5: TrainingReport(checkpoint=None, metrics={'epoch': 5, 'accuracy': 0.8968, 'best_accuracy': 0.8968, 'avg_epoch_time_s': 26.75577395219998}, validation=False)
[36m(RayTrainWorker pid=15028)[0m Reporting training result 6: TrainingReport(checkpoint=None, metrics={'epoch': 6, 'accuracy': 0.8965, 'best_accuracy': 0.8968, 'avg_epoch_time_s': 26.441395879999998}, validation=False)
[36m(RayTrainWorker pid=15028)[0m Reporting training result 7: TrainingReport(checkpoint=None, metrics={'epoch': 7, 'accuracy': 0.8976, 'best_accuracy': 0.8976, 'avg_epoch_time_s': 26.223437610285732}, validation=False)
[36m(RayTrainWorker pid=15028)[0m Reporting training result 8: TrainingReport(checkpoint=None, metrics={'epoch': 8, 'accuracy': 0.8985, 'best_accuracy': 0.8985, 'avg_epoch_time_s': 26.073653559000036}, validation=False)
[36m(RayTrainWorker pid=15028)[0m Reporting training result 9: TrainingReport(checkpoint=None, metrics={'epoch': 9, 'accuracy': 0.8987, 'best_accuracy': 0.8987, 'avg_epoch_time_s': 25.921324961888885}, validation=False)
[36m(RayTrainWorker pid=15028)[0m Reporting training result 10: TrainingReport(checkpoint=None, metrics={'epoch': 10, 'accuracy': 0.8974, 'best_accuracy': 0.8987, 'avg_epoch_time_s': 25.816521330000022}, validation=False)
[36m(RayTrainWorker pid=15028)[0m Reporting training result 11: TrainingReport(checkpoint=None, metrics={'epoch': 11, 'accuracy': 0.8971, 'best_accuracy': 0.8987, 'avg_epoch_time_s': 25.746636907636375}, validation=False)
[36m(RayTrainWorker pid=15028)[0m Reporting training result 12: TrainingReport(checkpoint=None, metrics={'epoch': 12, 'accuracy': 0.8999, 'best_accuracy': 0.8999, 'avg_epoch_time_s': 25.67516060008332}, validation=False)
[36m(RayTrainWorker pid=15028)[0m Reporting training result 13: TrainingReport(checkpoint=None, metrics={'epoch': 13, 'accuracy': 0.8974, 'best_accuracy': 0.8999, 'avg_epoch_time_s': 25.619212771461555}, validation=False)
[36m(RayTrainWorker pid=15028)[0m Reporting training result 14: TrainingReport(checkpoint=None, metrics={'epoch': 14, 'accuracy': 0.8985, 'best_accuracy': 0.8999, 'avg_epoch_time_s': 25.576904348999992}, validation=False)
[36m(RayTrainWorker pid=15028)[0m Reporting training result 15: TrainingReport(checkpoint=None, metrics={'epoch': 15, 'accuracy': 0.8992, 'best_accuracy': 0.8999, 'avg_epoch_time_s': 25.53800182433333}, validation=False)
[36m(RayTrainWorker pid=15028)[0m Reporting training result 16: TrainingReport(checkpoint=None, metrics={'epoch': 16, 'accuracy': 0.8971, 'best_accuracy': 0.8999, 'avg_epoch_time_s': 25.507757973312494}, validation=False)
[36m(RayTrainWorker pid=15028)[0m Reporting training result 17: TrainingReport(checkpoint=None, metrics={'epoch': 17, 'accuracy': 0.895, 'best_accuracy': 0.8999, 'avg_epoch_time_s': 25.47219081058823}, validation=False)
[36m(RayTrainWorker pid=15028)[0m Reporting training result 18: TrainingReport(checkpoint=None, metrics={'epoch': 18, 'accuracy': 0.9014, 'best_accuracy': 0.9014, 'avg_epoch_time_s': 25.440777158277772}, validation=False)
[36m(RayTrainWorker pid=15028)[0m Reporting training result 19: TrainingReport(checkpoint=None, metrics={'epoch': 19, 'accuracy': 0.8986, 'best_accuracy': 0.9014, 'avg_epoch_time_s': 25.414336640842112}, validation=False)
[36m(RayTrainWorker pid=15028)[0m Reporting training result 20: TrainingReport(checkpoint=None, metrics={'epoch': 20, 'accuracy': 0.8972, 'best_accuracy': 0.9014, 'avg_epoch_time_s': 25.38930277715001}, validation=False)
[36m(RayTrainWorker pid=15028)[0m Reporting training result 21: TrainingReport(checkpoint=None, metrics={'epoch': 21, 'accuracy': 0.8963, 'best_accuracy': 0.9014, 'avg_epoch_time_s': 25.368566696428584}, validation=False)
[36m(RayTrainWorker pid=15028)[0m Reporting training result 22: TrainingReport(checkpoint=None, metrics={'epoch': 22, 'accuracy': 0.8982, 'best_accuracy': 0.9014, 'avg_epoch_time_s': 25.346423930454545}, validation=False)
[36m(RayTrainWorker pid=15028)[0m Reporting training result 23: TrainingReport(checkpoint=None, metrics={'epoch': 23, 'accuracy': 0.9002, 'best_accuracy': 0.9014, 'avg_epoch_time_s': 25.332654105521748}, validation=False)
[36m(RayTrainWorker pid=15028)[0m Reporting training result 24: TrainingReport(checkpoint=None, metrics={'epoch': 24, 'accuracy': 0.9, 'best_accuracy': 0.9014, 'avg_epoch_time_s': 25.315973519625004}, validation=False)
[36m(RayTrainWorker pid=15028)[0m Reporting training result 25: TrainingReport(checkpoint=None, metrics={'epoch': 25, 'accuracy': 0.8977, 'best_accuracy': 0.9014, 'avg_epoch_time_s': 25.300203454120002}, validation=False)
[36m(RayTrainWorker pid=15028)[0m Reporting training result 26: TrainingReport(checkpoint=None, metrics={'epoch': 26, 'accuracy': 0.9032, 'best_accuracy': 0.9032, 'avg_epoch_time_s': 25.286889397884615}, validation=False)
[36m(RayTrainWorker pid=15028)[0m Reporting training result 27: TrainingReport(checkpoint=None, metrics={'epoch': 27, 'accuracy': 0.8989, 'best_accuracy': 0.9032, 'avg_epoch_time_s': 25.27201926407408}, validation=False)
[36m(RayTrainWorker pid=15028)[0m Reporting training result 28: TrainingReport(checkpoint=None, metrics={'epoch': 28, 'accuracy': 0.8995, 'best_accuracy': 0.9032, 'avg_epoch_time_s': 25.252923855535723}, validation=False)
[36m(RayTrainWorker pid=15028)[0m Reporting training result 29: TrainingReport(checkpoint=None, metrics={'epoch': 29, 'accuracy': 0.8964, 'best_accuracy': 0.9032, 'avg_epoch_time_s': 25.2432587637931}, validation=False)
[36m(RayTrainWorker pid=15028)[0m Reporting training result 30: TrainingReport(checkpoint=None, metrics={'epoch': 30, 'accuracy': 0.8956, 'best_accuracy': 0.9032, 'avg_epoch_time_s': 25.229849864633344}, validation=False)
[36m(RayTrainWorker pid=15028)[0m Reporting training result 31: TrainingReport(checkpoint=None, metrics={'epoch': 31, 'accuracy': 0.9039, 'best_accuracy': 0.9039, 'avg_epoch_time_s': 25.21890865664516}, validation=False)
[36m(RayTrainWorker pid=15028)[0m Reporting training result 32: TrainingReport(checkpoint=None, metrics={'epoch': 32, 'accuracy': 0.9008, 'best_accuracy': 0.9039, 'avg_epoch_time_s': 25.210261859906254}, validation=False)
[36m(RayTrainWorker pid=15028)[0m Reporting training result 33: TrainingReport(checkpoint=None, metrics={'epoch': 33, 'accuracy': 0.8996, 'best_accuracy': 0.9039, 'avg_epoch_time_s': 25.198581407666662}, validation=False)
[36m(RayTrainWorker pid=15028)[0m Reporting training result 34: TrainingReport(checkpoint=None, metrics={'epoch': 34, 'accuracy': 0.9001, 'best_accuracy': 0.9039, 'avg_epoch_time_s': 25.190112772558823}, validation=False)
[36m(RayTrainWorker pid=15028)[0m Reporting training result 35: TrainingReport(checkpoint=None, metrics={'epoch': 35, 'accuracy': 0.9012, 'best_accuracy': 0.9039, 'avg_epoch_time_s': 25.181786435371436}, validation=False)
[36m(RayTrainWorker pid=15028)[0m Reporting training result 36: TrainingReport(checkpoint=None, metrics={'epoch': 36, 'accuracy': 0.8962, 'best_accuracy': 0.9039, 'avg_epoch_time_s': 25.17265250172222}, validation=False)
[36m(RayTrainWorker pid=15028)[0m Reporting training result 37: TrainingReport(checkpoint=None, metrics={'epoch': 37, 'accuracy': 0.898, 'best_accuracy': 0.9039, 'avg_epoch_time_s': 25.1639764205946}, validation=False)
[36m(RayTrainWorker pid=15028)[0m Reporting training result 38: TrainingReport(checkpoint=None, metrics={'epoch': 38, 'accuracy': 0.9003, 'best_accuracy': 0.9039, 'avg_epoch_time_s': 25.16021854892105}, validation=False)
[36m(RayTrainWorker pid=15028)[0m Reporting training result 39: TrainingReport(checkpoint=None, metrics={'epoch': 39, 'accuracy': 0.8994, 'best_accuracy': 0.9039, 'avg_epoch_time_s': 25.156835642641024}, validation=False)
[36m(TrainController pid=18457)[0m Requesting resources: {'GPU': 1} * 1
[36m(TrainController pid=18457)[0m Attempting to start training worker group of size 1 with the following resources: [{'GPU': 1}] * 1
[36m(RayTrainWorker pid=18505)[0m Setting up process group for: env:// [rank=0, world_size=1]
[36m(TrainController pid=18457)[0m Started training worker group of size 1: 
[36m(TrainController pid=18457)[0m - (ip=172.31.39.199, pid=18505) world_rank=0, local_rank=0, node_rank=0
[36m(RayTrainWorker pid=18505)[0m 
[36m(RayTrainWorker pid=18505)[0m ================ WORKER DEVICE DEBUG ================
[36m(RayTrainWorker pid=18505)[0m CUDA_VISIBLE_DEVICES = 0
[36m(RayTrainWorker pid=18505)[0m torch.cuda.is_available() = True
[36m(RayTrainWorker pid=18505)[0m torch.cuda.device_count() = 1
[36m(RayTrainWorker pid=18505)[0m current device index = 0
[36m(RayTrainWorker pid=18505)[0m device name = NVIDIA A10G
[36m(RayTrainWorker pid=18505)[0m =====================================================
[36m(RayTrainWorker pid=18505)[0m 
[36m(RayTrainWorker pid=18505)[0m 🔍 TRAINING WITH MODEL: convnext_large
[36m(RayTrainWorker pid=18505)[0m 🔍 FULL CONFIG: epochs=25, lr=0.020032890942164434, batch_size=64, image_size=64
[36m(RayTrainWorker pid=18505)[0m Moving model to device: cuda:0
[36m(RayTrainWorker pid=18505)[0m Reporting training result 1: TrainingReport(checkpoint=None, metrics={'epoch': 1, 'accuracy': 0.887, 'best_accuracy': 0.887, 'avg_epoch_time_s': 34.364019955}, validation=False)
[36m(RayTrainWorker pid=18505)[0m Reporting training result 2: TrainingReport(checkpoint=None, metrics={'epoch': 2, 'accuracy': 0.8903, 'best_accuracy': 0.8903, 'avg_epoch_time_s': 29.7363708245}, validation=False)
[36m(RayTrainWorker pid=18505)[0m Reporting training result 3: TrainingReport(checkpoint=None, metrics={'epoch': 3, 'accuracy': 0.8937, 'best_accuracy': 0.8937, 'avg_epoch_time_s': 28.149369826333288}, validation=False)
[36m(RayTrainWorker pid=18505)[0m Reporting training result 4: TrainingReport(checkpoint=None, metrics={'epoch': 4, 'accuracy': 0.8948, 'best_accuracy': 0.8948, 'avg_epoch_time_s': 27.388003500249965}, validation=False)
[36m(RayTrainWorker pid=18505)[0m Reporting training result 5: TrainingReport(checkpoint=None, metrics={'epoch': 5, 'accuracy': 0.8965, 'best_accuracy': 0.8965, 'avg_epoch_time_s': 26.9222537052}, validation=False)
[36m(RayTrainWorker pid=18505)[0m Reporting training result 6: TrainingReport(checkpoint=None, metrics={'epoch': 6, 'accuracy': 0.8971, 'best_accuracy': 0.8971, 'avg_epoch_time_s': 26.605517810999952}, validation=False)
[36m(RayTrainWorker pid=18505)[0m Reporting training result 7: TrainingReport(checkpoint=None, metrics={'epoch': 7, 'accuracy': 0.8982, 'best_accuracy': 0.8982, 'avg_epoch_time_s': 26.395594981285676}, validation=False)
[36m(RayTrainWorker pid=18505)[0m Reporting training result 8: TrainingReport(checkpoint=None, metrics={'epoch': 8, 'accuracy': 0.8964, 'best_accuracy': 0.8982, 'avg_epoch_time_s': 26.225000147624996}, validation=False)
[36m(RayTrainWorker pid=18505)[0m Reporting training result 9: TrainingReport(checkpoint=None, metrics={'epoch': 9, 'accuracy': 0.8969, 'best_accuracy': 0.8982, 'avg_epoch_time_s': 26.0945602541111}, validation=False)
[36m(RayTrainWorker pid=18505)[0m Reporting training result 10: TrainingReport(checkpoint=None, metrics={'epoch': 10, 'accuracy': 0.8988, 'best_accuracy': 0.8988, 'avg_epoch_time_s': 25.996217714999965}, validation=False)
[36m(RayTrainWorker pid=18505)[0m Reporting training result 11: TrainingReport(checkpoint=None, metrics={'epoch': 11, 'accuracy': 0.9001, 'best_accuracy': 0.9001, 'avg_epoch_time_s': 25.918024827090903}, validation=False)
[36m(RayTrainWorker pid=18505)[0m Reporting training result 12: TrainingReport(checkpoint=None, metrics={'epoch': 12, 'accuracy': 0.9005, 'best_accuracy': 0.9005, 'avg_epoch_time_s': 25.846353023999995}, validation=False)
[36m(RayTrainWorker pid=18505)[0m Reporting training result 13: TrainingReport(checkpoint=None, metrics={'epoch': 13, 'accuracy': 0.9011, 'best_accuracy': 0.9011, 'avg_epoch_time_s': 25.791114130076913}, validation=False)
[36m(RayTrainWorker pid=18505)[0m Reporting training result 14: TrainingReport(checkpoint=None, metrics={'epoch': 14, 'accuracy': 0.8993, 'best_accuracy': 0.9011, 'avg_epoch_time_s': 25.743745824714292}, validation=False)
[36m(RayTrainWorker pid=18505)[0m Reporting training result 15: TrainingReport(checkpoint=None, metrics={'epoch': 15, 'accuracy': 0.9009, 'best_accuracy': 0.9011, 'avg_epoch_time_s': 25.70924039133333}, validation=False)
[36m(RayTrainWorker pid=18505)[0m Reporting training result 16: TrainingReport(checkpoint=None, metrics={'epoch': 16, 'accuracy': 0.9006, 'best_accuracy': 0.9011, 'avg_epoch_time_s': 25.679505479}, validation=False)
[36m(RayTrainWorker pid=18505)[0m Reporting training result 17: TrainingReport(checkpoint=None, metrics={'epoch': 17, 'accuracy': 0.9023, 'best_accuracy': 0.9023, 'avg_epoch_time_s': 25.637786870058818}, validation=False)
[36m(RayTrainWorker pid=18505)[0m Reporting training result 18: TrainingReport(checkpoint=None, metrics={'epoch': 18, 'accuracy': 0.9022, 'best_accuracy': 0.9023, 'avg_epoch_time_s': 25.60747870166665}, validation=False)
[36m(RayTrainWorker pid=18505)[0m Reporting training result 19: TrainingReport(checkpoint=None, metrics={'epoch': 19, 'accuracy': 0.8998, 'best_accuracy': 0.9023, 'avg_epoch_time_s': 25.57837182963158}, validation=False)
[36m(RayTrainWorker pid=18505)[0m Reporting training result 20: TrainingReport(checkpoint=None, metrics={'epoch': 20, 'accuracy': 0.9032, 'best_accuracy': 0.9032, 'avg_epoch_time_s': 25.55407690500001}, validation=False)
[36m(RayTrainWorker pid=18505)[0m Reporting training result 21: TrainingReport(checkpoint=None, metrics={'epoch': 21, 'accuracy': 0.9021, 'best_accuracy': 0.9032, 'avg_epoch_time_s': 25.53361124247619}, validation=False)
[36m(RayTrainWorker pid=18505)[0m Reporting training result 22: TrainingReport(checkpoint=None, metrics={'epoch': 22, 'accuracy': 0.9036, 'best_accuracy': 0.9036, 'avg_epoch_time_s': 25.51302420145455}, validation=False)
[36m(RayTrainWorker pid=18505)[0m Reporting training result 23: TrainingReport(checkpoint=None, metrics={'epoch': 23, 'accuracy': 0.9016, 'best_accuracy': 0.9036, 'avg_epoch_time_s': 25.496966121434763}, validation=False)
[36m(RayTrainWorker pid=18505)[0m Reporting training result 24: TrainingReport(checkpoint=None, metrics={'epoch': 24, 'accuracy': 0.9014, 'best_accuracy': 0.9036, 'avg_epoch_time_s': 25.48195401395833}, validation=False)
[36m(RayTrainWorker pid=18505)[0m Reporting training result 25: TrainingReport(checkpoint=None, metrics={'epoch': 25, 'accuracy': 0.8999, 'best_accuracy': 0.9036, 'avg_epoch_time_s': 25.467882975840002}, validation=False)
2026-05-05 12:09:29,432	INFO tune.py:1001 -- Wrote the latest version of all result files and experiment state to '/fsx/ray_results/pytorch_hpo_phase1' in 0.0545s.

INFO:cloud_runner_HPO_new:Parsed HPO result: {'config': {'accuracy': 0.9039, 'model_name': 'convnext_large', 'epoch': 39, 'learning_rate': 0.04630304373478604, 'momentum': 0.7493931067631064, 'batch_size': 64, 'hidden': 10, 'image_size': 64, 'next_trials': 3}}
INFO:cloud_runner_HPO_new:HPO pipeline completed successfully
INFO:cloud_runner_HPO_new:Cleaning up Ray cluster...
INFO:paramiko.transport:Connected (version 2.0, client OpenSSH_8.9p1)
INFO:paramiko.transport:Authentication (publickey) successful!
INFO:cloud_runner_HPO_new:Ray stopped on 172.31.39.199
INFO:cloud_runner_HPO_new:HPO execution completed successfully

