Submitting 7 generated HPO workflows with Poisson delays (avg=90s)
Submitting pos=0 data8.yaml (id: hpo-60bf3eb4, model: vgg19)
  Success: hpo-60bf3eb4
  Waiting 271s before next submission...
Submitting pos=1 data9.yaml (id: hpo-b03a4442, model: convnext_large)
  Success: hpo-b03a4442
  Waiting 119s before next submission...
Submitting pos=2 data5.yaml (id: hpo-df19b440, model: wide_resnet101_2)
  Success: hpo-df19b440
  Waiting 82s before next submission...
Submitting pos=3 data7.yaml (id: hpo-73120874, model: wide_resnet101_2)
  Success: hpo-73120874
  Waiting 15s before next submission...
Submitting pos=4 data3.yaml (id: hpo-a87b8123, model: vgg19)
  Success: hpo-a87b8123
  Waiting 15s before next submission...
Submitting pos=5 data12.yaml (id: hpo-ccb43739, model: vgg19)
  Success: hpo-ccb43739
  Waiting 5s before next submission...
Submitting pos=6 data1.yaml (id: hpo-417bb2bd, model: vgg19)
  Success: hpo-417bb2bd

All 7 workflow(s) submitted.
Check progress:  cat workflow_status.log
Send END when done:  PYTHONPATH=. python3 scripts/dispatcher_HPO.py --end --host 172.31.9.121
