sweep: 180 cells (5 policies × 6 Ns × 6 seeds)
existing JSON has 0 cells; resume=False
[1/180] FCFS-ST-LA__N200__seed7: running... ok in 42.3s  (misses=0.185, cost=€125.172)
[2/180] FCFS-ST-LA__N200__seed107: running... ok in 40.9s  (misses=0.15, cost=€115.4905)
[3/180] FCFS-ST-LA__N200__seed207: running... ok in 40.6s  (misses=0.185, cost=€128.7056)
[4/180] FCFS-ST-LA__N200__seed1007: running... ok in 41.7s  (misses=0.16, cost=€127.1663)
[5/180] FCFS-ST-LA__N200__seed1107: running... ok in 40.2s  (misses=0.15, cost=€121.9958)
[6/180] FCFS-ST-LA__N200__seed1207: running... ok in 39.8s  (misses=0.145, cost=€117.5043)
[7/180] FCFS-ST-LA__N300__seed7: running... ok in 53.3s  (misses=0.3067, cost=€141.3996)
[8/180] FCFS-ST-LA__N300__seed107: running... ok in 53.6s  (misses=0.3033, cost=€133.5895)
[9/180] FCFS-ST-LA__N300__seed207: running... ok in 52.5s  (misses=0.2967, cost=€134.6652)
[10/180] FCFS-ST-LA__N300__seed1007: running... ok in 53.8s  (misses=0.3, cost=€132.0116)
[11/180] FCFS-ST-LA__N300__seed1107: running... ok in 55.7s  (misses=0.29, cost=€123.9698)
[12/180] FCFS-ST-LA__N300__seed1207: running... ok in 52.4s  (misses=0.2967, cost=€133.4644)
[13/180] FCFS-ST-LA__N400__seed7: running... ok in 1001.9s  (misses=0.38, cost=€130.517)
[14/180] FCFS-ST-LA__N400__seed107: running... ok in 974.4s  (misses=0.375, cost=€136.2572)
[15/180] FCFS-ST-LA__N400__seed207: running... ok in 74.2s  (misses=0.37, cost=€145.8737)
[16/180] FCFS-ST-LA__N400__seed1007: running... ok in 978.8s  (misses=0.365, cost=€152.9354)
[17/180] FCFS-ST-LA__N400__seed1107: running... ok in 611.7s  (misses=0.365, cost=€141.4534)
[18/180] FCFS-ST-LA__N400__seed1207: running... ok in 1275.6s  (misses=0.3625, cost=€139.1014)
[19/180] FCFS-ST-LA__N500__seed7: running... ok in 991.4s  (misses=0.412, cost=€143.2205)
[20/180] FCFS-ST-LA__N500__seed107: running... ok in 987.8s  (misses=0.396, cost=€144.3158)
[21/180] FCFS-ST-LA__N500__seed207: running... ok in 1267.3s  (misses=0.406, cost=€143.2183)
[22/180] FCFS-ST-LA__N500__seed1007: running... ok in 1888.1s  (misses=0.406, cost=€139.5396)
[23/180] FCFS-ST-LA__N500__seed1107: running... ok in 1753.2s  (misses=0.41, cost=€139.1898)
[24/180] FCFS-ST-LA__N500__seed1207: running... ok in 1888.7s  (misses=0.398, cost=€137.171)
[25/180] FCFS-ST-LA__N600__seed7: running... ok in 852.7s  (misses=0.4367, cost=€149.8831)
[26/180] FCFS-ST-LA__N600__seed107: running... ok in 2800.6s  (misses=0.425, cost=€149.8095)
[27/180] FCFS-ST-LA__N600__seed207: running... ok in 855.8s  (misses=0.4283, cost=€142.2918)
[28/180] FCFS-ST-LA__N600__seed1007: running... ok in 1624.2s  (misses=0.4267, cost=€147.6351)
[29/180] FCFS-ST-LA__N600__seed1107: running... ok in 2001.4s  (misses=0.4317, cost=€142.4501)
[30/180] FCFS-ST-LA__N600__seed1207: running... ok in 1907.0s  (misses=0.4283, cost=€146.071)
[31/180] FCFS-ST-LA__N700__seed7: running... ok in 1249.7s  (misses=0.4557, cost=€151.083)
[32/180] FCFS-ST-LA__N700__seed107: running... ok in 534.3s  (misses=0.45, cost=€152.3846)
[33/180] FCFS-ST-LA__N700__seed207: running... ok in 652.6s  (misses=0.4586, cost=€150.883)
[34/180] FCFS-ST-LA__N700__seed1007: running... ok in 1267.7s  (misses=0.4671, cost=€150.1663)
[35/180] FCFS-ST-LA__N700__seed1107: running... ok in 1168.9s  (misses=0.4529, cost=€153.3486)
[36/180] FCFS-ST-LA__N700__seed1207: running... ok in 687.9s  (misses=0.44, cost=€150.13)
[37/180] EDF-ST-LA__N200__seed7: running... ok in 330.7s  (misses=0.13, cost=€112.9106)
[38/180] EDF-ST-LA__N200__seed107: running... ok in 79.3s  (misses=0.095, cost=€131.8093)
[39/180] EDF-ST-LA__N200__seed207: running... ok in 529.4s  (misses=0.155, cost=€124.3413)
[40/180] EDF-ST-LA__N200__seed1007: running... ok in 329.2s  (misses=0.125, cost=€124.0211)
[41/180] EDF-ST-LA__N200__seed1107: running... ok in 217.2s  (misses=0.12, cost=€130.2254)
[42/180] EDF-ST-LA__N200__seed1207: running... ok in 74.1s  (misses=0.095, cost=€116.5771)
[43/180] EDF-ST-LA__N300__seed7: running... ok in 973.9s  (misses=0.12, cost=€111.17)
[44/180] EDF-ST-LA__N300__seed107: running... ok in 1870.2s  (misses=0.1333, cost=€121.6524)
[45/180] EDF-ST-LA__N300__seed207: running... ok in 325.6s  (misses=0.1333, cost=€116.9983)
[46/180] EDF-ST-LA__N300__seed1007: running... ok in 61.5s  (misses=0.11, cost=€105.9684)
[47/180] EDF-ST-LA__N300__seed1107: running... ok in 60.7s  (misses=0.12, cost=€108.3323)
[48/180] EDF-ST-LA__N300__seed1207: running... ok in 61.0s  (misses=0.13, cost=€120.9769)
[49/180] EDF-ST-LA__N400__seed7: running... ok in 81.4s  (misses=0.12, cost=€107.8554)
[50/180] EDF-ST-LA__N400__seed107: running... ok in 80.5s  (misses=0.105, cost=€110.4437)
[51/180] EDF-ST-LA__N400__seed207: running... ok in 82.3s  (misses=0.115, cost=€118.0536)
[52/180] EDF-ST-LA__N400__seed1007: running... ok in 81.0s  (misses=0.1275, cost=€110.4213)
[53/180] EDF-ST-LA__N400__seed1107: running... ok in 82.8s  (misses=0.115, cost=€103.938)
[54/180] EDF-ST-LA__N400__seed1207: running... 