+ source /home/ubuntu/rayenv/bin/activate
++ deactivate nondestructive
++ '[' -n '' ']'
++ '[' -n '' ']'
++ '[' -n /bin/bash -o -n '' ']'
++ hash -r
++ '[' -n '' ']'
++ unset VIRTUAL_ENV
++ unset VIRTUAL_ENV_PROMPT
++ '[' '!' nondestructive = nondestructive ']'
++ VIRTUAL_ENV=/home/ubuntu/rayenv
++ export VIRTUAL_ENV
++ _OLD_VIRTUAL_PATH=/home/ubuntu/rayenv/bin:/opt/slurm/bin:/usr/local/sbin:/usr/local/bin:/usr/sbin:/usr/bin:/sbin:/bin:/usr/games:/usr/local/games:/snap/bin
++ PATH=/home/ubuntu/rayenv/bin:/home/ubuntu/rayenv/bin:/opt/slurm/bin:/usr/local/sbin:/usr/local/bin:/usr/sbin:/usr/bin:/sbin:/bin:/usr/games:/usr/local/games:/snap/bin
++ export PATH
++ '[' -n '' ']'
++ '[' -z '' ']'
++ _OLD_VIRTUAL_PS1=
++ PS1='(rayenv) '
++ export PS1
++ VIRTUAL_ENV_PROMPT='(rayenv) '
++ export VIRTUAL_ENV_PROMPT
++ '[' -n /bin/bash -o -n '' ']'
++ hash -r
+ module load libfabric-aws/1.22.0amzn5.0
/var/spool/slurmd/job00071/slurm_script: line 16: module: command not found
+ true
++ scontrol show hostnames gpu-compute-st-g4dn-nodes-4
+ nodes=gpu-compute-st-g4dn-nodes-4
++ echo gpu-compute-st-g4dn-nodes-4
++ head -n1
+ head_node=gpu-compute-st-g4dn-nodes-4
++ srun -N1 -n1 -w gpu-compute-st-g4dn-nodes-4 hostname -I
++ awk '{print $1}'
+ head_ip=172.31.12.143
+ port=7167
+ echo '[INFO] Cluster nodes: gpu-compute-st-g4dn-nodes-4'
+ echo '[INFO] Head Node: gpu-compute-st-g4dn-nodes-4 (172.31.12.143)'
+ echo '[INFO] Using RAY_ADDRESS=172.31.12.143:7167'
+ trap cleanup EXIT
+ for node in $nodes
+ srun --overlap -N1 -n1 -w gpu-compute-st-g4dn-nodes-4 bash -c 'source ~/rayenv/bin/activate && ray stop'
+ echo '[INFO] Waiting for Ray head GCS on 172.31.12.143:7167 ...'
+ srun --overlap -N1 -n1 -w gpu-compute-st-g4dn-nodes-4 bash -c 'source ~/rayenv/bin/activate && ray start --head --node-ip-address=172.31.12.143 --port=7167 --block'
++ seq 1 12
+ for attempt in $(seq 1 12)
+ python3 -c 'import socket; s=socket.socket(); s.settimeout(2); s.connect(('\''172.31.12.143'\'',7167)); s.close(); print('\''READY'\'')'
+ grep -q READY
+ '[' 1 -eq 12 ']'
+ echo '[INFO] GCS not ready yet (attempt 1/12), waiting 5s...'
+ sleep 5
+ for attempt in $(seq 1 12)
+ grep -q READY
+ python3 -c 'import socket; s=socket.socket(); s.settimeout(2); s.connect(('\''172.31.12.143'\'',7167)); s.close(); print('\''READY'\'')'
+ echo '[INFO] Ray head GCS ready after 10s'
+ break
++ echo gpu-compute-st-g4dn-nodes-4
++ tail -n +2
+ echo '[INFO] Waiting 15s for Ray workers to join ...'
+ sleep 15
+ echo '[INFO] Running HPO pipeline on head ....'
+ srun --overlap -N1 -n1 -w gpu-compute-st-g4dn-nodes-4 bash -lc '
export RAY_ADDRESS='\''172.31.12.143:7167'\''
echo '\''{"learning_rate": 0.0088, "momentum": 0.86, "next_trials": 2, "epochs": 28}'\''       | python3 /fsx/Vortex-mid/Vortex-moldable-sched/fsx/hyperparameter_test/hpo_pipeline_verbose.py --hosts 1 '
2026-05-05 11:27:21,788	INFO worker.py:1672 -- Using address 172.31.12.143:7167 set in the environment variable RAY_ADDRESS
2026-05-05 11:27:21,792	INFO worker.py:1814 -- Connecting to existing Ray cluster at address: 172.31.12.143:7167...
2026-05-05 11:27:21,817	INFO worker.py:2003 -- Connected to Ray cluster. View the dashboard at [1m[32m127.0.0.1:8265 [39m[22m
/home/ubuntu/rayenv/lib/python3.10/site-packages/ray/_private/worker.py:2051: FutureWarning: Tip: In future versions of Ray, Ray will no longer override accelerator visible devices env var if num_gpus=0 or num_gpus=None (default). To enable this behavior and turn off this error message, set RAY_ACCEL_ENV_VAR_OVERRIDE_ON_ZERO=0
  warnings.warn(
2026-05-05 11:27:22,599	INFO registry.py:112 -- Detected unknown callable for trainable. Converting to class.
[36m(TrainController pid=22526)[0m Requesting resources: {'GPU': 1} * 1
[36m(TrainController pid=22526)[0m Attempting to start training worker group of size 1 with the following resources: [{'GPU': 1}] * 1
[36m(RayTrainWorker pid=22624)[0m Setting up process group for: env:// [rank=0, world_size=1]
[36m(TrainController pid=22526)[0m Started training worker group of size 1: 
[36m(TrainController pid=22526)[0m - (ip=172.31.12.143, pid=22624) world_rank=0, local_rank=0, node_rank=0
[36m(RayTrainWorker pid=22624)[0m 
[36m(RayTrainWorker pid=22624)[0m ================ WORKER DEVICE DEBUG ================
[36m(RayTrainWorker pid=22624)[0m CUDA_VISIBLE_DEVICES = 0
[36m(RayTrainWorker pid=22624)[0m torch.cuda.is_available() = True
[36m(RayTrainWorker pid=22624)[0m torch.cuda.device_count() = 1
[36m(RayTrainWorker pid=22624)[0m current device index = 0
[36m(RayTrainWorker pid=22624)[0m device name = Tesla T4
[36m(RayTrainWorker pid=22624)[0m =====================================================
[36m(RayTrainWorker pid=22624)[0m 
[36m(RayTrainWorker pid=22624)[0m 🔍 TRAINING WITH MODEL: resnext50_32x4d
[36m(RayTrainWorker pid=22624)[0m 🔍 FULL CONFIG: epochs=12, lr=0.005750055164644759, batch_size=64, image_size=64
[36m(RayTrainWorker pid=22624)[0m Moving model to device: cuda:0
[36m(RayTrainWorker pid=22624)[0m Reporting training result 1: TrainingReport(checkpoint=None, metrics={'epoch': 1, 'accuracy': 0.5607, 'best_accuracy': 0.5607, 'avg_epoch_time_s': 23.144171311998434}, validation=False)
[36m(RayTrainWorker pid=22624)[0m Reporting training result 2: TrainingReport(checkpoint=None, metrics={'epoch': 2, 'accuracy': 0.5574, 'best_accuracy': 0.5607, 'avg_epoch_time_s': 22.85713992949968}, validation=False)
[36m(RayTrainWorker pid=22624)[0m Reporting training result 3: TrainingReport(checkpoint=None, metrics={'epoch': 3, 'accuracy': 0.5882, 'best_accuracy': 0.5882, 'avg_epoch_time_s': 22.787485789666487}, validation=False)
[36m(RayTrainWorker pid=22624)[0m Reporting training result 4: TrainingReport(checkpoint=None, metrics={'epoch': 4, 'accuracy': 0.5682, 'best_accuracy': 0.5882, 'avg_epoch_time_s': 22.75694717774968}, validation=False)
[36m(RayTrainWorker pid=22624)[0m Reporting training result 5: TrainingReport(checkpoint=None, metrics={'epoch': 5, 'accuracy': 0.593, 'best_accuracy': 0.593, 'avg_epoch_time_s': 22.729410085199923}, validation=False)
[36m(RayTrainWorker pid=22624)[0m Reporting training result 6: TrainingReport(checkpoint=None, metrics={'epoch': 6, 'accuracy': 0.5848, 'best_accuracy': 0.593, 'avg_epoch_time_s': 22.652808319999775}, validation=False)
[36m(RayTrainWorker pid=22624)[0m Reporting training result 7: TrainingReport(checkpoint=None, metrics={'epoch': 7, 'accuracy': 0.6026, 'best_accuracy': 0.6026, 'avg_epoch_time_s': 22.62167284499992}, validation=False)
[36m(RayTrainWorker pid=22624)[0m Reporting training result 8: TrainingReport(checkpoint=None, metrics={'epoch': 8, 'accuracy': 0.5906, 'best_accuracy': 0.6026, 'avg_epoch_time_s': 22.611725796874907}, validation=False)
[36m(RayTrainWorker pid=22624)[0m Reporting training result 9: TrainingReport(checkpoint=None, metrics={'epoch': 9, 'accuracy': 0.5805, 'best_accuracy': 0.6026, 'avg_epoch_time_s': 22.588813925333348}, validation=False)
[36m(RayTrainWorker pid=22624)[0m Reporting training result 10: TrainingReport(checkpoint=None, metrics={'epoch': 10, 'accuracy': 0.599, 'best_accuracy': 0.6026, 'avg_epoch_time_s': 22.623485058000007}, validation=False)
[36m(RayTrainWorker pid=22624)[0m Reporting training result 11: TrainingReport(checkpoint=None, metrics={'epoch': 11, 'accuracy': 0.5931, 'best_accuracy': 0.6026, 'avg_epoch_time_s': 22.641966772999943}, validation=False)
[36m(RayTrainWorker pid=22624)[0m Reporting training result 12: TrainingReport(checkpoint=None, metrics={'epoch': 12, 'accuracy': 0.5728, 'best_accuracy': 0.6026, 'avg_epoch_time_s': 22.638584943333324}, validation=False)
[36m(TrainController pid=23823)[0m Requesting resources: {'GPU': 1} * 1
[36m(TrainController pid=23823)[0m Attempting to start training worker group of size 1 with the following resources: [{'GPU': 1}] * 1
[36m(RayTrainWorker pid=23872)[0m Setting up process group for: env:// [rank=0, world_size=1]
[36m(TrainController pid=23823)[0m Started training worker group of size 1: 
[36m(TrainController pid=23823)[0m - (ip=172.31.12.143, pid=23872) world_rank=0, local_rank=0, node_rank=0
[36m(RayTrainWorker pid=23872)[0m 
[36m(RayTrainWorker pid=23872)[0m ================ WORKER DEVICE DEBUG ================
[36m(RayTrainWorker pid=23872)[0m CUDA_VISIBLE_DEVICES = 0
[36m(RayTrainWorker pid=23872)[0m torch.cuda.is_available() = True
[36m(RayTrainWorker pid=23872)[0m torch.cuda.device_count() = 1
[36m(RayTrainWorker pid=23872)[0m current device index = 0
[36m(RayTrainWorker pid=23872)[0m device name = Tesla T4
[36m(RayTrainWorker pid=23872)[0m =====================================================
[36m(RayTrainWorker pid=23872)[0m 
[36m(RayTrainWorker pid=23872)[0m 🔍 TRAINING WITH MODEL: resnext50_32x4d
[36m(RayTrainWorker pid=23872)[0m 🔍 FULL CONFIG: epochs=12, lr=0.024297897795230408, batch_size=64, image_size=64
[36m(RayTrainWorker pid=23872)[0m Moving model to device: cuda:0
[36m(RayTrainWorker pid=23872)[0m Reporting training result 1: TrainingReport(checkpoint=None, metrics={'epoch': 1, 'accuracy': 0.4811, 'best_accuracy': 0.4811, 'avg_epoch_time_s': 23.133819979999316}, validation=False)
[36m(RayTrainWorker pid=23872)[0m Reporting training result 2: TrainingReport(checkpoint=None, metrics={'epoch': 2, 'accuracy': 0.5192, 'best_accuracy': 0.5192, 'avg_epoch_time_s': 22.820486956999957}, validation=False)
[36m(RayTrainWorker pid=23872)[0m Reporting training result 3: TrainingReport(checkpoint=None, metrics={'epoch': 3, 'accuracy': 0.4957, 'best_accuracy': 0.5192, 'avg_epoch_time_s': 22.743129167000006}, validation=False)
[36m(RayTrainWorker pid=23872)[0m Reporting training result 4: TrainingReport(checkpoint=None, metrics={'epoch': 4, 'accuracy': 0.4959, 'best_accuracy': 0.5192, 'avg_epoch_time_s': 22.728148705499734}, validation=False)
[36m(RayTrainWorker pid=23872)[0m Reporting training result 5: TrainingReport(checkpoint=None, metrics={'epoch': 5, 'accuracy': 0.5189, 'best_accuracy': 0.5192, 'avg_epoch_time_s': 22.699095966799725}, validation=False)
[36m(RayTrainWorker pid=23872)[0m Reporting training result 6: TrainingReport(checkpoint=None, metrics={'epoch': 6, 'accuracy': 0.4949, 'best_accuracy': 0.5192, 'avg_epoch_time_s': 22.698762426999867}, validation=False)
[36m(RayTrainWorker pid=23872)[0m Reporting training result 7: TrainingReport(checkpoint=None, metrics={'epoch': 7, 'accuracy': 0.4981, 'best_accuracy': 0.5192, 'avg_epoch_time_s': 22.683459469571453}, validation=False)
[36m(RayTrainWorker pid=23872)[0m Reporting training result 8: TrainingReport(checkpoint=None, metrics={'epoch': 8, 'accuracy': 0.5078, 'best_accuracy': 0.5192, 'avg_epoch_time_s': 22.707621825624983}, validation=False)
[36m(RayTrainWorker pid=23872)[0m Reporting training result 9: TrainingReport(checkpoint=None, metrics={'epoch': 9, 'accuracy': 0.5074, 'best_accuracy': 0.5192, 'avg_epoch_time_s': 22.724666371444375}, validation=False)
[36m(RayTrainWorker pid=23872)[0m Reporting training result 10: TrainingReport(checkpoint=None, metrics={'epoch': 10, 'accuracy': 0.5182, 'best_accuracy': 0.5192, 'avg_epoch_time_s': 22.7147175828999}, validation=False)
[36m(RayTrainWorker pid=23872)[0m Reporting training result 11: TrainingReport(checkpoint=None, metrics={'epoch': 11, 'accuracy': 0.5022, 'best_accuracy': 0.5192, 'avg_epoch_time_s': 22.69391934981815}, validation=False)
[36m(RayTrainWorker pid=23872)[0m Reporting training result 12: TrainingReport(checkpoint=None, metrics={'epoch': 12, 'accuracy': 0.5197, 'best_accuracy': 0.5197, 'avg_epoch_time_s': 22.673917944916564}, validation=False)
2026-05-05 11:37:10,499	INFO tune.py:1001 -- Wrote the latest version of all result files and experiment state to '/fsx/ray_results/pytorch_hpo_phase1' in 0.0315s.
+ echo '[INFO] Shutting down Ray Cluster ..........'
+ srun --label bash -c 'ray stop'
+ echo '[INFO] HPO Completed!'
+ cleanup
+ echo '[INFO] Cleaning up Ray on all nodes...'
+ for node in $nodes
+ srun --overlap -N1 -n1 -w gpu-compute-st-g4dn-nodes-4 bash -c 'source ~/rayenv/bin/activate && ray stop'
