+ source /home/ubuntu/rayenv/bin/activate
++ deactivate nondestructive
++ '[' -n '' ']'
++ '[' -n '' ']'
++ '[' -n /bin/bash -o -n '' ']'
++ hash -r
++ '[' -n '' ']'
++ unset VIRTUAL_ENV
++ unset VIRTUAL_ENV_PROMPT
++ '[' '!' nondestructive = nondestructive ']'
++ VIRTUAL_ENV=/home/ubuntu/rayenv
++ export VIRTUAL_ENV
++ _OLD_VIRTUAL_PATH=/home/ubuntu/rayenv/bin:/opt/slurm/bin:/usr/local/sbin:/usr/local/bin:/usr/sbin:/usr/bin:/sbin:/bin:/usr/games:/usr/local/games:/snap/bin
++ PATH=/home/ubuntu/rayenv/bin:/home/ubuntu/rayenv/bin:/opt/slurm/bin:/usr/local/sbin:/usr/local/bin:/usr/sbin:/usr/bin:/sbin:/bin:/usr/games:/usr/local/games:/snap/bin
++ export PATH
++ '[' -n '' ']'
++ '[' -z '' ']'
++ _OLD_VIRTUAL_PS1=
++ PS1='(rayenv) '
++ export PS1
++ VIRTUAL_ENV_PROMPT='(rayenv) '
++ export VIRTUAL_ENV_PROMPT
++ '[' -n /bin/bash -o -n '' ']'
++ hash -r
+ module load libfabric-aws/1.22.0amzn5.0
/var/spool/slurmd/job00076/slurm_script: line 16: module: command not found
+ true
++ scontrol show hostnames gpu-compute-st-g4dn-nodes-3
+ nodes=gpu-compute-st-g4dn-nodes-3
++ echo gpu-compute-st-g4dn-nodes-3
++ head -n1
+ head_node=gpu-compute-st-g4dn-nodes-3
++ srun -N1 -n1 -w gpu-compute-st-g4dn-nodes-3 hostname -I
++ awk '{print $1}'
+ head_ip=172.31.9.148
+ port=7172
+ echo '[INFO] Cluster nodes: gpu-compute-st-g4dn-nodes-3'
+ echo '[INFO] Head Node: gpu-compute-st-g4dn-nodes-3 (172.31.9.148)'
+ echo '[INFO] Using RAY_ADDRESS=172.31.9.148:7172'
+ trap cleanup EXIT
+ for node in $nodes
+ srun --overlap -N1 -n1 -w gpu-compute-st-g4dn-nodes-3 bash -c 'source ~/rayenv/bin/activate && ray stop'
+ echo '[INFO] Waiting for Ray head GCS on 172.31.9.148:7172 ...'
+ srun --overlap -N1 -n1 -w gpu-compute-st-g4dn-nodes-3 bash -c 'source ~/rayenv/bin/activate && ray start --head --node-ip-address=172.31.9.148 --port=7172 --block'
++ seq 1 12
+ for attempt in $(seq 1 12)
+ python3 -c 'import socket; s=socket.socket(); s.settimeout(2); s.connect(('\''172.31.9.148'\'',7172)); s.close(); print('\''READY'\'')'
+ grep -q READY
+ '[' 1 -eq 12 ']'
+ echo '[INFO] GCS not ready yet (attempt 1/12), waiting 5s...'
+ sleep 5
+ for attempt in $(seq 1 12)
+ python3 -c 'import socket; s=socket.socket(); s.settimeout(2); s.connect(('\''172.31.9.148'\'',7172)); s.close(); print('\''READY'\'')'
+ grep -q READY
+ echo '[INFO] Ray head GCS ready after 10s'
+ break
++ echo gpu-compute-st-g4dn-nodes-3
++ tail -n +2
+ echo '[INFO] Waiting 15s for Ray workers to join ...'
+ sleep 15
+ echo '[INFO] Running HPO pipeline on head ....'
+ srun --overlap -N1 -n1 -w gpu-compute-st-g4dn-nodes-3 bash -lc '
export RAY_ADDRESS='\''172.31.9.148:7172'\''
echo '\''{"learning_rate": 0.0024020656550170654, "momentum": 0.8894493653151637, "next_trials": 4, "epochs": 14}'\''       | python3 /fsx/Vortex-mid/Vortex-moldable-sched/fsx/hyperparameter_test/hpo_pipeline_verbose.py --hosts 1 '
2026-05-05 11:52:47,648	INFO worker.py:1672 -- Using address 172.31.9.148:7172 set in the environment variable RAY_ADDRESS
2026-05-05 11:52:47,652	INFO worker.py:1814 -- Connecting to existing Ray cluster at address: 172.31.9.148:7172...
2026-05-05 11:52:47,675	INFO worker.py:2003 -- Connected to Ray cluster. View the dashboard at [1m[32m127.0.0.1:8265 [39m[22m
/home/ubuntu/rayenv/lib/python3.10/site-packages/ray/_private/worker.py:2051: FutureWarning: Tip: In future versions of Ray, Ray will no longer override accelerator visible devices env var if num_gpus=0 or num_gpus=None (default). To enable this behavior and turn off this error message, set RAY_ACCEL_ENV_VAR_OVERRIDE_ON_ZERO=0
  warnings.warn(
2026-05-05 11:52:48,403	INFO registry.py:112 -- Detected unknown callable for trainable. Converting to class.
[36m(TrainController pid=36056)[0m Requesting resources: {'GPU': 1} * 1
[36m(TrainController pid=36056)[0m Attempting to start training worker group of size 1 with the following resources: [{'GPU': 1}] * 1
[36m(RayTrainWorker pid=36143)[0m Setting up process group for: env:// [rank=0, world_size=1]
[36m(TrainController pid=36056)[0m Started training worker group of size 1: 
[36m(TrainController pid=36056)[0m - (ip=172.31.9.148, pid=36143) world_rank=0, local_rank=0, node_rank=0
[36m(RayTrainWorker pid=36143)[0m 
[36m(RayTrainWorker pid=36143)[0m ================ WORKER DEVICE DEBUG ================
[36m(RayTrainWorker pid=36143)[0m CUDA_VISIBLE_DEVICES = 0
[36m(RayTrainWorker pid=36143)[0m torch.cuda.is_available() = True
[36m(RayTrainWorker pid=36143)[0m torch.cuda.device_count() = 1
[36m(RayTrainWorker pid=36143)[0m current device index = 0
[36m(RayTrainWorker pid=36143)[0m device name = Tesla T4
[36m(RayTrainWorker pid=36143)[0m =====================================================
[36m(RayTrainWorker pid=36143)[0m 
[36m(RayTrainWorker pid=36143)[0m 🔍 TRAINING WITH MODEL: resnext50_32x4d
[36m(RayTrainWorker pid=36143)[0m 🔍 FULL CONFIG: epochs=12, lr=0.00043069228379171744, batch_size=64, image_size=64
[36m(RayTrainWorker pid=36143)[0m Moving model to device: cuda:0
[36m(RayTrainWorker pid=36143)[0m Reporting training result 1: TrainingReport(checkpoint=None, metrics={'epoch': 1, 'accuracy': 0.564, 'best_accuracy': 0.564, 'avg_epoch_time_s': 21.775287239001045}, validation=False)
[36m(RayTrainWorker pid=36143)[0m Reporting training result 2: TrainingReport(checkpoint=None, metrics={'epoch': 2, 'accuracy': 0.5672, 'best_accuracy': 0.5672, 'avg_epoch_time_s': 21.455073531500602}, validation=False)
[36m(RayTrainWorker pid=36143)[0m Reporting training result 3: TrainingReport(checkpoint=None, metrics={'epoch': 3, 'accuracy': 0.5909, 'best_accuracy': 0.5909, 'avg_epoch_time_s': 21.38287221200032}, validation=False)
[36m(RayTrainWorker pid=36143)[0m Reporting training result 4: TrainingReport(checkpoint=None, metrics={'epoch': 4, 'accuracy': 0.5937, 'best_accuracy': 0.5937, 'avg_epoch_time_s': 21.325837248500193}, validation=False)
[36m(RayTrainWorker pid=36143)[0m Reporting training result 5: TrainingReport(checkpoint=None, metrics={'epoch': 5, 'accuracy': 0.5952, 'best_accuracy': 0.5952, 'avg_epoch_time_s': 21.291631451000285}, validation=False)
[36m(RayTrainWorker pid=36143)[0m Reporting training result 6: TrainingReport(checkpoint=None, metrics={'epoch': 6, 'accuracy': 0.5903, 'best_accuracy': 0.5952, 'avg_epoch_time_s': 21.260555341666684}, validation=False)
[36m(RayTrainWorker pid=36143)[0m Reporting training result 7: TrainingReport(checkpoint=None, metrics={'epoch': 7, 'accuracy': 0.6011, 'best_accuracy': 0.6011, 'avg_epoch_time_s': 21.21955978857165}, validation=False)
[36m(RayTrainWorker pid=36143)[0m Reporting training result 8: TrainingReport(checkpoint=None, metrics={'epoch': 8, 'accuracy': 0.6038, 'best_accuracy': 0.6038, 'avg_epoch_time_s': 21.226965066750154}, validation=False)
slurmstepd: error: *** JOB 76 ON gpu-compute-st-g4dn-nodes-3 CANCELLED AT 2026-05-05T11:56:13 ***
++ cleanup
++ echo '[INFO] Cleaning up Ray on all nodes...'
srun: Job step aborted: Waiting up to 32 seconds for job step to finish.
srun: Job step aborted: Waiting up to 32 seconds for job step to finish.
slurmstepd: error: *** STEP 76.2 ON gpu-compute-st-g4dn-nodes-3 CANCELLED AT 2026-05-05T11:56:13 ***
++ for node in $nodes
++ srun --overlap -N1 -n1 -w gpu-compute-st-g4dn-nodes-3 bash -c 'source ~/rayenv/bin/activate && ray stop'
slurmstepd: error: *** STEP 76.3 ON gpu-compute-st-g4dn-nodes-3 CANCELLED AT 2026-05-05T11:56:13 ***
srun: error: Slurm job 76 has expired
srun: Check SLURM_JOB_ID environment variable. Expired or invalid job 76
++ true
