=== COMMAND ===
/home/ubuntu/rayenv/bin/python3 /fsx/Vortex-mid/Vortex-moldable-sched/service/run_hpo.py {"wf_id": "hpo-df19b440", "cohesion": {"accuracy": 0.5399, "model_name": "wide_resnet101_2", "epoch": 22, "learning_rate": 0.002606805609918098, "momentum": 0.9477875173984635, "batch_size": 128, "hidden": 10, "image_size": 64, "next_trials": 6}, "hosts": {"g5.xlarge": ["172.31.32.108"]}, "chains": 6, "tinyda_iterations": 22, "mesh": "wide_resnet101_2", "port": 4242}

=== STDOUT ===
hpo-df19b440
{"config": {"accuracy": 0.54, "model_name": "wide_resnet101_2", "epoch": 21, "learning_rate": 0.00233600840885227, "momentum": 0.974068234216306, "batch_size": 128, "hidden": 10, "image_size": 64, "next_trials": 9}, "status": "ok", "wf_id": "hpo-df19b440", "mode": "cloud"}


=== STDERR ===
INFO:cloud_runner_HPO_new:Starting HPO Cloud Runner execution...
INFO:cloud_runner_HPO_new:Setting up HPO Ray cluster...
INFO:cloud_runner_HPO_new:Extracted 1 worker IPs: ['172.31.32.108']
INFO:cloud_runner_HPO_new:Ray Head: 172.31.32.108
INFO:cloud_runner_HPO_new:Ray Workers: []
INFO:paramiko.transport:Connected (version 2.0, client OpenSSH_8.9p1)
INFO:paramiko.transport:Authentication (publickey) successful!
INFO:cloud_runner_HPO_new:Ray port 6380 on 172.31.32.108 is free after stop
INFO:cloud_runner_HPO_new:Ray head startup output: 2026-05-10 13:46:31,824	INFO usage_lib.py:474 -- Usage stats collection is enabled by default without user confirmation because this terminal is detected to be non-interactive. To disable this, add `--disable-usage-stats` to the command that starts the cluster, or run the following command: `ray disable-usage-stats` before starting the cluster. See https://docs.ray.io/en/master/cluster/usage-stats.html for more details.
2026-05-10 13:46:31,824	INFO scripts.py:940 -- [37mLocal node IP[39m: [1m172.31.32.108[22m
2026-05-10 13:46:37,844	SUCC scripts.py:979 -- [32m--------------------[39m
2026-05-10 13:46:37,844	SUCC scripts.py:980 -- [32mRay runtime started.[39m
2026-05-10 13:46:37,844	SUCC scripts.py:981 -- [32m--------------------[39m
2026-05-10 13:46:37,844	INFO scripts.py:983 -- [36mNext steps[39m
2026-05-10 13:46:37,844	INFO scripts.py:986 -- To add another node to this Ray cluster, run
2026-05-10 13:46:37,844	INFO scripts.py:989 -- [1m  ray start --address='172.31.32.108:6380'[22m
2026-05-10 13:46:37,844	INFO scripts.py:1000 -- To connect to this Ray cluster:
2026-05-10 13:46:37,845	INFO scripts.py:1002 -- [35mimport[39m[26m ray
2026-05-10 13:46:37,845	INFO scripts.py:1003 -- ray[35m.[39m[26minit()
2026-05-10 13:46:37,845	INFO scripts.py:1017 -- To submit a Ray job using the Ray Jobs CLI:
2026-05-10 13:46:37,845	INFO scripts.py:1018 -- [1m  RAY_API_SERVER_ADDRESS='http://127.0.0.1:8265' ray job submit --working-dir . -- python my_script.py[22m
2026-05-10 13:46:37,845	INFO scripts.py:1027 -- See https://docs.ray.io/en/latest/cluster/running-applications/job-submission/index.html 
2026-05-10 13:46:37,845	INFO scripts.py:1031 -- for more information on submitting Ray jobs to the Ray cluster.
2026-05-10 13:46:37,845	INFO scripts.py:1036 -- To terminate the Ray runtime, run
2026-05-10 13:46:37,845	INFO scripts.py:1037 -- [1m  ray stop[22m
2026-05-10 13:46:37,845	INFO scripts.py:1040 -- To view the status of the cluster, use
2026-05-10 13:46:37,845	INFO scripts.py:1041 --   [1mray status[22m[26m
2026-05-10 13:46:37,845	INFO scripts.py:1045 -- To monitor and debug Ray, view the dashboard at 
2026-05-10 13:46:37,845	INFO scripts.py:1046 --   [1m127.0.0.1:8265[22m[26m
2026-05-10 13:46:37,845	INFO scripts.py:1053 -- [4mIf connection to the dashboard fails, check your firewall settings and network configuration.[24m

INFO:paramiko.transport:Connected (version 2.0, client OpenSSH_8.9p1)
INFO:paramiko.transport:Authentication (publickey) successful!
INFO:cloud_runner_HPO_new:Ray head ports reachable; assuming healthy.
INFO:cloud_runner_HPO_new:No additional Ray workers to start
INFO:cloud_runner_HPO_new:Ray cluster setup completed successfully
INFO:cloud_runner_HPO_new:Starting HPO pipeline execution...
INFO:paramiko.transport:Connected (version 2.0, client OpenSSH_8.9p1)
INFO:paramiko.transport:Authentication (publickey) successful!
INFO:cloud_runner_HPO_new:⚠️  HPO CONFIG PREPARED:
INFO:cloud_runner_HPO_new:    model_name: wide_resnet101_2
INFO:cloud_runner_HPO_new:    epochs: 22
INFO:cloud_runner_HPO_new:    trials: 6
INFO:cloud_runner_HPO_new:    Full config: {'model_name': 'wide_resnet101_2', 'epoch': 22, 'next_trials': 6, 'learning_rate': 0.002606805609918098, 'momentum': 0.9477875173984635, 'batch_size': 128, 'hidden': 10, 'image_size': 64, 'amp': True, 'train_backbone': False, 'data_dir': '/home/ubuntu/cifar10'}
INFO:paramiko.transport.sftp:[chan 0] Opened sftp connection (server version 3)
INFO:paramiko.transport.sftp:[chan 0] sftp session closed.
INFO:cloud_runner_HPO_new:Extracted 1 worker IPs: ['172.31.32.108']
INFO:cloud_runner_HPO_new:Executing HPO pipeline...
WARNING:cloud_runner_HPO_new:HPO pipeline warnings: 2026-05-10 13:46:42,715	INFO worker.py:1672 -- Using address 172.31.32.108:6380 set in the environment variable RAY_ADDRESS
2026-05-10 13:46:42,719	INFO worker.py:1814 -- Connecting to existing Ray cluster at address: 172.31.32.108:6380...
2026-05-10 13:46:42,751	INFO worker.py:2003 -- Connected to Ray cluster. View the dashboard at [1m[32m127.0.0.1:8265 [39m[22m
/home/ubuntu/rayenv/lib/python3.10/site-packages/ray/_private/worker.py:2051: FutureWarning: Tip: In future versions of Ray, Ray will no longer override accelerator visible devices env var if num_gpus=0 or num_gpus=None (default). To enable this behavior and turn off this error message, set RAY_ACCEL_ENV_VAR_OVERRIDE_ON_ZERO=0
  warnings.warn(
2026-05-10 13:46:43,554	INFO registry.py:112 -- Detected unknown callable for trainable. Converting to class.
[36m(TrainController pid=77321)[0m Requesting resources: {'GPU': 1} * 1
[36m(TrainController pid=77321)[0m Attempting to start training worker group of size 1 with the following resources: [{'GPU': 1}] * 1
[36m(RayTrainWorker pid=77412)[0m Setting up process group for: env:// [rank=0, world_size=1]
[36m(TrainController pid=77321)[0m Started training worker group of size 1: 
[36m(TrainController pid=77321)[0m - (ip=172.31.32.108, pid=77412) world_rank=0, local_rank=0, node_rank=0
[36m(RayTrainWorker pid=77412)[0m 
[36m(RayTrainWorker pid=77412)[0m ================ WORKER DEVICE DEBUG ================
[36m(RayTrainWorker pid=77412)[0m CUDA_VISIBLE_DEVICES = 0
[36m(RayTrainWorker pid=77412)[0m torch.cuda.is_available() = True
[36m(RayTrainWorker pid=77412)[0m torch.cuda.device_count() = 1
[36m(RayTrainWorker pid=77412)[0m current device index = 0
[36m(RayTrainWorker pid=77412)[0m device name = NVIDIA A10G
[36m(RayTrainWorker pid=77412)[0m =====================================================
[36m(RayTrainWorker pid=77412)[0m 
[36m(RayTrainWorker pid=77412)[0m 🔍 TRAINING WITH MODEL: wide_resnet101_2
[36m(RayTrainWorker pid=77412)[0m 🔍 FULL CONFIG: epochs=17, lr=0.0016301766559377485, batch_size=128, image_size=64
[36m(RayTrainWorker pid=77412)[0m Moving model to device: cuda:0
[36m(RayTrainWorker pid=77412)[0m Reporting training result 1: TrainingReport(checkpoint=None, metrics={'epoch': 1, 'accuracy': 0.4855, 'best_accuracy': 0.4855, 'avg_epoch_time_s': 20.678364010999758}, validation=False)
[36m(RayTrainWorker pid=77412)[0m Reporting training result 2: TrainingReport(checkpoint=None, metrics={'epoch': 2, 'accuracy': 0.4983, 'best_accuracy': 0.4983, 'avg_epoch_time_s': 20.281810082999982}, validation=False)
[36m(RayTrainWorker pid=77412)[0m Reporting training result 3: TrainingReport(checkpoint=None, metrics={'epoch': 3, 'accuracy': 0.4994, 'best_accuracy': 0.4994, 'avg_epoch_time_s': 19.937577357333186}, validation=False)
[36m(RayTrainWorker pid=77412)[0m Reporting training result 4: TrainingReport(checkpoint=None, metrics={'epoch': 4, 'accuracy': 0.5081, 'best_accuracy': 0.5081, 'avg_epoch_time_s': 19.788145793249896}, validation=False)
[36m(RayTrainWorker pid=77412)[0m Reporting training result 5: TrainingReport(checkpoint=None, metrics={'epoch': 5, 'accuracy': 0.5129, 'best_accuracy': 0.5129, 'avg_epoch_time_s': 19.70128650259994}, validation=False)
[36m(RayTrainWorker pid=77412)[0m Reporting training result 6: TrainingReport(checkpoint=None, metrics={'epoch': 6, 'accuracy': 0.5154, 'best_accuracy': 0.5154, 'avg_epoch_time_s': 19.643134723499923}, validation=False)
[36m(RayTrainWorker pid=77412)[0m Reporting training result 7: TrainingReport(checkpoint=None, metrics={'epoch': 7, 'accuracy': 0.5147, 'best_accuracy': 0.5154, 'avg_epoch_time_s': 19.60325241499998}, validation=False)
[36m(RayTrainWorker pid=77412)[0m Reporting training result 8: TrainingReport(checkpoint=None, metrics={'epoch': 8, 'accuracy': 0.5182, 'best_accuracy': 0.5182, 'avg_epoch_time_s': 19.57323339037498}, validation=False)
[36m(RayTrainWorker pid=77412)[0m Reporting training result 9: TrainingReport(checkpoint=None, metrics={'epoch': 9, 'accuracy': 0.5276, 'best_accuracy': 0.5276, 'avg_epoch_time_s': 19.55396639744443}, validation=False)
[36m(RayTrainWorker pid=77412)[0m Reporting training result 10: TrainingReport(checkpoint=None, metrics={'epoch': 10, 'accuracy': 0.5219, 'best_accuracy': 0.5276, 'avg_epoch_time_s': 19.529965095399984}, validation=False)
[36m(RayTrainWorker pid=77412)[0m Reporting training result 11: TrainingReport(checkpoint=None, metrics={'epoch': 11, 'accuracy': 0.5299, 'best_accuracy': 0.5299, 'avg_epoch_time_s': 19.52290895672724}, validation=False)
[36m(RayTrainWorker pid=77412)[0m Reporting training result 12: TrainingReport(checkpoint=None, metrics={'epoch': 12, 'accuracy': 0.5255, 'best_accuracy': 0.5299, 'avg_epoch_time_s': 19.50754244458335}, validation=False)
[36m(RayTrainWorker pid=77412)[0m Reporting training result 13: TrainingReport(checkpoint=None, metrics={'epoch': 13, 'accuracy': 0.5313, 'best_accuracy': 0.5313, 'avg_epoch_time_s': 19.50002227353847}, validation=False)
[36m(RayTrainWorker pid=77412)[0m Reporting training result 14: TrainingReport(checkpoint=None, metrics={'epoch': 14, 'accuracy': 0.5256, 'best_accuracy': 0.5313, 'avg_epoch_time_s': 19.51109141764287}, validation=False)
[36m(RayTrainWorker pid=77412)[0m Reporting training result 15: TrainingReport(checkpoint=None, metrics={'epoch': 15, 'accuracy': 0.5318, 'best_accuracy': 0.5318, 'avg_epoch_time_s': 19.518470284000006}, validation=False)
[36m(RayTrainWorker pid=77412)[0m Reporting training result 16: TrainingReport(checkpoint=None, metrics={'epoch': 16, 'accuracy': 0.5326, 'best_accuracy': 0.5326, 'avg_epoch_time_s': 19.505028763687505}, validation=False)
[36m(RayTrainWorker pid=77412)[0m Reporting training result 17: TrainingReport(checkpoint=None, metrics={'epoch': 17, 'accuracy': 0.5279, 'best_accuracy': 0.5326, 'avg_epoch_time_s': 19.49129367558822}, validation=False)
[36m(TrainController pid=78784)[0m Requesting resources: {'GPU': 1} * 1
[36m(TrainController pid=78784)[0m Attempting to start training worker group of size 1 with the following resources: [{'GPU': 1}] * 1
[36m(RayTrainWorker pid=78832)[0m Setting up process group for: env:// [rank=0, world_size=1]
[36m(TrainController pid=78784)[0m Started training worker group of size 1: 
[36m(TrainController pid=78784)[0m - (ip=172.31.32.108, pid=78832) world_rank=0, local_rank=0, node_rank=0
[36m(RayTrainWorker pid=78832)[0m 
[36m(RayTrainWorker pid=78832)[0m ================ WORKER DEVICE DEBUG ================
[36m(RayTrainWorker pid=78832)[0m CUDA_VISIBLE_DEVICES = 0
[36m(RayTrainWorker pid=78832)[0m torch.cuda.is_available() = True
[36m(RayTrainWorker pid=78832)[0m torch.cuda.device_count() = 1
[36m(RayTrainWorker pid=78832)[0m current device index = 0
[36m(RayTrainWorker pid=78832)[0m device name = NVIDIA A10G
[36m(RayTrainWorker pid=78832)[0m =====================================================
[36m(RayTrainWorker pid=78832)[0m 
[36m(RayTrainWorker pid=78832)[0m 🔍 TRAINING WITH MODEL: wide_resnet101_2
[36m(RayTrainWorker pid=78832)[0m 🔍 FULL CONFIG: epochs=23, lr=0.020535399917583786, batch_size=128, image_size=64
[36m(RayTrainWorker pid=78832)[0m Moving model to device: cuda:0
[36m(RayTrainWorker pid=78832)[0m Reporting training result 1: TrainingReport(checkpoint=None, metrics={'epoch': 1, 'accuracy': 0.4084, 'best_accuracy': 0.4084, 'avg_epoch_time_s': 20.854821909999373}, validation=False)
[36m(RayTrainWorker pid=78832)[0m Reporting training result 2: TrainingReport(checkpoint=None, metrics={'epoch': 2, 'accuracy': 0.4, 'best_accuracy': 0.4084, 'avg_epoch_time_s': 20.32599722650002}, validation=False)
[36m(RayTrainWorker pid=78832)[0m Reporting training result 3: TrainingReport(checkpoint=None, metrics={'epoch': 3, 'accuracy': 0.406, 'best_accuracy': 0.4084, 'avg_epoch_time_s': 19.98188913499992}, validation=False)
[36m(RayTrainWorker pid=78832)[0m Reporting training result 4: TrainingReport(checkpoint=None, metrics={'epoch': 4, 'accuracy': 0.4084, 'best_accuracy': 0.4084, 'avg_epoch_time_s': 19.897641986000053}, validation=False)
[36m(RayTrainWorker pid=78832)[0m Reporting training result 5: TrainingReport(checkpoint=None, metrics={'epoch': 5, 'accuracy': 0.4031, 'best_accuracy': 0.4084, 'avg_epoch_time_s': 19.80471472199988}, validation=False)
[36m(RayTrainWorker pid=78832)[0m Reporting training result 6: TrainingReport(checkpoint=None, metrics={'epoch': 6, 'accuracy': 0.4158, 'best_accuracy': 0.4158, 'avg_epoch_time_s': 19.794830725499953}, validation=False)
[36m(RayTrainWorker pid=78832)[0m Reporting training result 7: TrainingReport(checkpoint=None, metrics={'epoch': 7, 'accuracy': 0.4131, 'best_accuracy': 0.4158, 'avg_epoch_time_s': 19.776980969142773}, validation=False)
[36m(RayTrainWorker pid=78832)[0m Reporting training result 8: TrainingReport(checkpoint=None, metrics={'epoch': 8, 'accuracy': 0.3941, 'best_accuracy': 0.4158, 'avg_epoch_time_s': 19.757189362499957}, validation=False)
[36m(RayTrainWorker pid=78832)[0m Reporting training result 9: TrainingReport(checkpoint=None, metrics={'epoch': 9, 'accuracy': 0.4164, 'best_accuracy': 0.4164, 'avg_epoch_time_s': 19.730776953333287}, validation=False)
[36m(RayTrainWorker pid=78832)[0m Reporting training result 10: TrainingReport(checkpoint=None, metrics={'epoch': 10, 'accuracy': 0.396, 'best_accuracy': 0.4164, 'avg_epoch_time_s': 19.70765765469996}, validation=False)
[36m(RayTrainWorker pid=78832)[0m Reporting training result 11: TrainingReport(checkpoint=None, metrics={'epoch': 11, 'accuracy': 0.4117, 'best_accuracy': 0.4164, 'avg_epoch_time_s': 19.681697557636323}, validation=False)
[36m(RayTrainWorker pid=78832)[0m Reporting training result 12: TrainingReport(checkpoint=None, metrics={'epoch': 12, 'accuracy': 0.4181, 'best_accuracy': 0.4181, 'avg_epoch_time_s': 19.66477031958334}, validation=False)
[36m(RayTrainWorker pid=78832)[0m Reporting training result 13: TrainingReport(checkpoint=None, metrics={'epoch': 13, 'accuracy': 0.3985, 'best_accuracy': 0.4181, 'avg_epoch_time_s': 19.64516389261539}, validation=False)
[36m(RayTrainWorker pid=78832)[0m Reporting training result 14: TrainingReport(checkpoint=None, metrics={'epoch': 14, 'accuracy': 0.4024, 'best_accuracy': 0.4181, 'avg_epoch_time_s': 19.631822569714263}, validation=False)
[36m(RayTrainWorker pid=78832)[0m Reporting training result 15: TrainingReport(checkpoint=None, metrics={'epoch': 15, 'accuracy': 0.3923, 'best_accuracy': 0.4181, 'avg_epoch_time_s': 19.616727074199964}, validation=False)
[36m(RayTrainWorker pid=78832)[0m Reporting training result 16: TrainingReport(checkpoint=None, metrics={'epoch': 16, 'accuracy': 0.4053, 'best_accuracy': 0.4181, 'avg_epoch_time_s': 19.602952445562494}, validation=False)
[36m(RayTrainWorker pid=78832)[0m Reporting training result 17: TrainingReport(checkpoint=None, metrics={'epoch': 17, 'accuracy': 0.3957, 'best_accuracy': 0.4181, 'avg_epoch_time_s': 19.597438100999973}, validation=False)
[36m(RayTrainWorker pid=78832)[0m Reporting training result 18: TrainingReport(checkpoint=None, metrics={'epoch': 18, 'accuracy': 0.4113, 'best_accuracy': 0.4181, 'avg_epoch_time_s': 19.590183716944416}, validation=False)
[36m(RayTrainWorker pid=78832)[0m Reporting training result 19: TrainingReport(checkpoint=None, metrics={'epoch': 19, 'accuracy': 0.4135, 'best_accuracy': 0.4181, 'avg_epoch_time_s': 19.58458352310524}, validation=False)
[36m(RayTrainWorker pid=78832)[0m Reporting training result 20: TrainingReport(checkpoint=None, metrics={'epoch': 20, 'accuracy': 0.4045, 'best_accuracy': 0.4181, 'avg_epoch_time_s': 19.57709377870001}, validation=False)
[36m(RayTrainWorker pid=78832)[0m Reporting training result 21: TrainingReport(checkpoint=None, metrics={'epoch': 21, 'accuracy': 0.4141, 'best_accuracy': 0.4181, 'avg_epoch_time_s': 19.563962054571416}, validation=False)
[36m(RayTrainWorker pid=78832)[0m Reporting training result 22: TrainingReport(checkpoint=None, metrics={'epoch': 22, 'accuracy': 0.4067, 'best_accuracy': 0.4181, 'avg_epoch_time_s': 19.554277948499973}, validation=False)
[36m(RayTrainWorker pid=78832)[0m Reporting training result 23: TrainingReport(checkpoint=None, metrics={'epoch': 23, 'accuracy': 0.4108, 'best_accuracy': 0.4181, 'avg_epoch_time_s': 19.547167688826093}, validation=False)
[36m(TrainController pid=80610)[0m Requesting resources: {'GPU': 1} * 1
[36m(TrainController pid=80610)[0m Attempting to start training worker group of size 1 with the following resources: [{'GPU': 1}] * 1
[36m(RayTrainWorker pid=80655)[0m Setting up process group for: env:// [rank=0, world_size=1]
[36m(TrainController pid=80610)[0m Started training worker group of size 1: 
[36m(TrainController pid=80610)[0m - (ip=172.31.32.108, pid=80655) world_rank=0, local_rank=0, node_rank=0
[36m(RayTrainWorker pid=80655)[0m 
[36m(RayTrainWorker pid=80655)[0m ================ WORKER DEVICE DEBUG ================
[36m(RayTrainWorker pid=80655)[0m CUDA_VISIBLE_DEVICES = 0
[36m(RayTrainWorker pid=80655)[0m torch.cuda.is_available() = True
[36m(RayTrainWorker pid=80655)[0m torch.cuda.device_count() = 1
[36m(RayTrainWorker pid=80655)[0m current device index = 0
[36m(RayTrainWorker pid=80655)[0m device name = NVIDIA A10G
[36m(RayTrainWorker pid=80655)[0m =====================================================
[36m(RayTrainWorker pid=80655)[0m 
[36m(RayTrainWorker pid=80655)[0m 🔍 TRAINING WITH MODEL: wide_resnet101_2
[36m(RayTrainWorker pid=80655)[0m 🔍 FULL CONFIG: epochs=27, lr=0.001308568089378405, batch_size=128, image_size=64
[36m(RayTrainWorker pid=80655)[0m Moving model to device: cuda:0
[36m(RayTrainWorker pid=80655)[0m Reporting training result 1: TrainingReport(checkpoint=None, metrics={'epoch': 1, 'accuracy': 0.4704, 'best_accuracy': 0.4704, 'avg_epoch_time_s': 20.75681814699965}, validation=False)
[36m(RayTrainWorker pid=80655)[0m Reporting training result 2: TrainingReport(checkpoint=None, metrics={'epoch': 2, 'accuracy': 0.4898, 'best_accuracy': 0.4898, 'avg_epoch_time_s': 20.268146480500036}, validation=False)
[36m(RayTrainWorker pid=80655)[0m Reporting training result 3: TrainingReport(checkpoint=None, metrics={'epoch': 3, 'accuracy': 0.5046, 'best_accuracy': 0.5046, 'avg_epoch_time_s': 19.99087307033339}, validation=False)
[36m(RayTrainWorker pid=80655)[0m Reporting training result 4: TrainingReport(checkpoint=None, metrics={'epoch': 4, 'accuracy': 0.5045, 'best_accuracy': 0.5046, 'avg_epoch_time_s': 19.835153547250002}, validation=False)
[36m(RayTrainWorker pid=80655)[0m Reporting training result 5: TrainingReport(checkpoint=None, metrics={'epoch': 5, 'accuracy': 0.509, 'best_accuracy': 0.509, 'avg_epoch_time_s': 19.748226098600025}, validation=False)
[36m(RayTrainWorker pid=80655)[0m Reporting training result 6: TrainingReport(checkpoint=None, metrics={'epoch': 6, 'accuracy': 0.5117, 'best_accuracy': 0.5117, 'avg_epoch_time_s': 19.67673071516659}, validation=False)
[36m(RayTrainWorker pid=80655)[0m Reporting training result 7: TrainingReport(checkpoint=None, metrics={'epoch': 7, 'accuracy': 0.5112, 'best_accuracy': 0.5117, 'avg_epoch_time_s': 19.633007217857084}, validation=False)
[36m(RayTrainWorker pid=80655)[0m Reporting training result 8: TrainingReport(checkpoint=None, metrics={'epoch': 8, 'accuracy': 0.5111, 'best_accuracy': 0.5117, 'avg_epoch_time_s': 19.603782407750032}, validation=False)
[36m(RayTrainWorker pid=80655)[0m Reporting training result 9: TrainingReport(checkpoint=None, metrics={'epoch': 9, 'accuracy': 0.5137, 'best_accuracy': 0.5137, 'avg_epoch_time_s': 19.567912283999956}, validation=False)
[36m(RayTrainWorker pid=80655)[0m Reporting training result 10: TrainingReport(checkpoint=None, metrics={'epoch': 10, 'accuracy': 0.5205, 'best_accuracy': 0.5205, 'avg_epoch_time_s': 19.539551662099985}, validation=False)
[36m(RayTrainWorker pid=80655)[0m Reporting training result 11: TrainingReport(checkpoint=None, metrics={'epoch': 11, 'accuracy': 0.5184, 'best_accuracy': 0.5205, 'avg_epoch_time_s': 19.518183297818144}, validation=False)
[36m(RayTrainWorker pid=80655)[0m Reporting training result 12: TrainingReport(checkpoint=None, metrics={'epoch': 12, 'accuracy': 0.5208, 'best_accuracy': 0.5208, 'avg_epoch_time_s': 19.499536965416684}, validation=False)
[36m(RayTrainWorker pid=80655)[0m Reporting training result 13: TrainingReport(checkpoint=None, metrics={'epoch': 13, 'accuracy': 0.5174, 'best_accuracy': 0.5208, 'avg_epoch_time_s': 19.49512429630767}, validation=False)
[36m(RayTrainWorker pid=80655)[0m Reporting training result 14: TrainingReport(checkpoint=None, metrics={'epoch': 14, 'accuracy': 0.5159, 'best_accuracy': 0.5208, 'avg_epoch_time_s': 19.48203094435712}, validation=False)
[36m(RayTrainWorker pid=80655)[0m Reporting training result 15: TrainingReport(checkpoint=None, metrics={'epoch': 15, 'accuracy': 0.5258, 'best_accuracy': 0.5258, 'avg_epoch_time_s': 19.467591639533325}, validation=False)
[36m(RayTrainWorker pid=80655)[0m Reporting training result 16: TrainingReport(checkpoint=None, metrics={'epoch': 16, 'accuracy': 0.5265, 'best_accuracy': 0.5265, 'avg_epoch_time_s': 19.46220557800001}, validation=False)
[36m(RayTrainWorker pid=80655)[0m Reporting training result 17: TrainingReport(checkpoint=None, metrics={'epoch': 17, 'accuracy': 0.5292, 'best_accuracy': 0.5292, 'avg_epoch_time_s': 19.450203121176482}, validation=False)
[36m(RayTrainWorker pid=80655)[0m Reporting training result 18: TrainingReport(checkpoint=None, metrics={'epoch': 18, 'accuracy': 0.529, 'best_accuracy': 0.5292, 'avg_epoch_time_s': 19.43749367961113}, validation=False)
[36m(RayTrainWorker pid=80655)[0m Reporting training result 19: TrainingReport(checkpoint=None, metrics={'epoch': 19, 'accuracy': 0.5256, 'best_accuracy': 0.5292, 'avg_epoch_time_s': 19.43236319189476}, validation=False)
[36m(RayTrainWorker pid=80655)[0m Reporting training result 20: TrainingReport(checkpoint=None, metrics={'epoch': 20, 'accuracy': 0.5307, 'best_accuracy': 0.5307, 'avg_epoch_time_s': 19.428589078850017}, validation=False)
[36m(RayTrainWorker pid=80655)[0m Reporting training result 21: TrainingReport(checkpoint=None, metrics={'epoch': 21, 'accuracy': 0.5294, 'best_accuracy': 0.5307, 'avg_epoch_time_s': 19.42654766185712}, validation=False)
[36m(RayTrainWorker pid=80655)[0m Reporting training result 22: TrainingReport(checkpoint=None, metrics={'epoch': 22, 'accuracy': 0.5274, 'best_accuracy': 0.5307, 'avg_epoch_time_s': 19.421532886363615}, validation=False)
[36m(RayTrainWorker pid=80655)[0m Reporting training result 23: TrainingReport(checkpoint=None, metrics={'epoch': 23, 'accuracy': 0.5243, 'best_accuracy': 0.5307, 'avg_epoch_time_s': 19.422807162608677}, validation=False)
[36m(RayTrainWorker pid=80655)[0m Reporting training result 24: TrainingReport(checkpoint=None, metrics={'epoch': 24, 'accuracy': 0.5268, 'best_accuracy': 0.5307, 'avg_epoch_time_s': 19.419370029041676}, validation=False)
[36m(RayTrainWorker pid=80655)[0m Reporting training result 25: TrainingReport(checkpoint=None, metrics={'epoch': 25, 'accuracy': 0.5326, 'best_accuracy': 0.5326, 'avg_epoch_time_s': 19.418422163760006}, validation=False)
[36m(RayTrainWorker pid=80655)[0m Reporting training result 26: TrainingReport(checkpoint=None, metrics={'epoch': 26, 'accuracy': 0.5285, 'best_accuracy': 0.5326, 'avg_epoch_time_s': 19.41847585142306}, validation=False)
[36m(RayTrainWorker pid=80655)[0m Reporting training result 27: TrainingReport(checkpoint=None, metrics={'epoch': 27, 'accuracy': 0.5289, 'best_accuracy': 0.5326, 'avg_epoch_time_s': 19.416875722259242}, validation=False)
[36m(TrainController pid=82702)[0m Requesting resources: {'GPU': 1} * 1
[36m(TrainController pid=82702)[0m Attempting to start training worker group of size 1 with the following resources: [{'GPU': 1}] * 1
[36m(RayTrainWorker pid=82747)[0m Setting up process group for: env:// [rank=0, world_size=1]
[36m(TrainController pid=82702)[0m Started training worker group of size 1: 
[36m(TrainController pid=82702)[0m - (ip=172.31.32.108, pid=82747) world_rank=0, local_rank=0, node_rank=0
[36m(RayTrainWorker pid=82747)[0m 
[36m(RayTrainWorker pid=82747)[0m ================ WORKER DEVICE DEBUG ================
[36m(RayTrainWorker pid=82747)[0m CUDA_VISIBLE_DEVICES = 0
[36m(RayTrainWorker pid=82747)[0m torch.cuda.is_available() = True
[36m(RayTrainWorker pid=82747)[0m torch.cuda.device_count() = 1
[36m(RayTrainWorker pid=82747)[0m current device index = 0
[36m(RayTrainWorker pid=82747)[0m device name = NVIDIA A10G
[36m(RayTrainWorker pid=82747)[0m =====================================================
[36m(RayTrainWorker pid=82747)[0m 
[36m(RayTrainWorker pid=82747)[0m 🔍 TRAINING WITH MODEL: wide_resnet101_2
[36m(RayTrainWorker pid=82747)[0m 🔍 FULL CONFIG: epochs=21, lr=0.00233600840885227, batch_size=128, image_size=64
[36m(RayTrainWorker pid=82747)[0m Moving model to device: cuda:0
[36m(RayTrainWorker pid=82747)[0m Reporting training result 1: TrainingReport(checkpoint=None, metrics={'epoch': 1, 'accuracy': 0.48, 'best_accuracy': 0.48, 'avg_epoch_time_s': 20.95595876600055}, validation=False)
[36m(RayTrainWorker pid=82747)[0m Reporting training result 2: TrainingReport(checkpoint=None, metrics={'epoch': 2, 'accuracy': 0.4935, 'best_accuracy': 0.4935, 'avg_epoch_time_s': 20.51072763550019}, validation=False)
[36m(RayTrainWorker pid=82747)[0m Reporting training result 3: TrainingReport(checkpoint=None, metrics={'epoch': 3, 'accuracy': 0.4984, 'best_accuracy': 0.4984, 'avg_epoch_time_s': 20.201844530000017}, validation=False)
[36m(RayTrainWorker pid=82747)[0m Reporting training result 4: TrainingReport(checkpoint=None, metrics={'epoch': 4, 'accuracy': 0.5038, 'best_accuracy': 0.5038, 'avg_epoch_time_s': 20.0451812337501}, validation=False)
[36m(RayTrainWorker pid=82747)[0m Reporting training result 5: TrainingReport(checkpoint=None, metrics={'epoch': 5, 'accuracy': 0.5055, 'best_accuracy': 0.5055, 'avg_epoch_time_s': 19.94734570640012}, validation=False)
[36m(RayTrainWorker pid=82747)[0m Reporting training result 6: TrainingReport(checkpoint=None, metrics={'epoch': 6, 'accuracy': 0.512, 'best_accuracy': 0.512, 'avg_epoch_time_s': 19.88709130866664}, validation=False)
[36m(RayTrainWorker pid=82747)[0m Reporting training result 7: TrainingReport(checkpoint=None, metrics={'epoch': 7, 'accuracy': 0.5184, 'best_accuracy': 0.5184, 'avg_epoch_time_s': 19.835721981428573}, validation=False)
[36m(RayTrainWorker pid=82747)[0m Reporting training result 8: TrainingReport(checkpoint=None, metrics={'epoch': 8, 'accuracy': 0.524, 'best_accuracy': 0.524, 'avg_epoch_time_s': 19.798017666375017}, validation=False)
[36m(RayTrainWorker pid=82747)[0m Reporting training result 9: TrainingReport(checkpoint=None, metrics={'epoch': 9, 'accuracy': 0.5172, 'best_accuracy': 0.524, 'avg_epoch_time_s': 19.769721903000068}, validation=False)
[36m(RayTrainWorker pid=82747)[0m Reporting training result 10: TrainingReport(checkpoint=None, metrics={'epoch': 10, 'accuracy': 0.5178, 'best_accuracy': 0.524, 'avg_epoch_time_s': 19.744793373300034}, validation=False)
[36m(RayTrainWorker pid=82747)[0m Reporting training result 11: TrainingReport(checkpoint=None, metrics={'epoch': 11, 'accuracy': 0.5282, 'best_accuracy': 0.5282, 'avg_epoch_time_s': 19.71902875181819}, validation=False)
[36m(RayTrainWorker pid=82747)[0m Reporting training result 12: TrainingReport(checkpoint=None, metrics={'epoch': 12, 'accuracy': 0.5231, 'best_accuracy': 0.5282, 'avg_epoch_time_s': 19.70723446516672}, validation=False)
[36m(RayTrainWorker pid=82747)[0m Reporting training result 13: TrainingReport(checkpoint=None, metrics={'epoch': 13, 'accuracy': 0.5179, 'best_accuracy': 0.5282, 'avg_epoch_time_s': 19.6951777718462}, validation=False)
[36m(RayTrainWorker pid=82747)[0m Reporting training result 14: TrainingReport(checkpoint=None, metrics={'epoch': 14, 'accuracy': 0.5232, 'best_accuracy': 0.5282, 'avg_epoch_time_s': 19.683515959285746}, validation=False)
[36m(RayTrainWorker pid=82747)[0m Reporting training result 15: TrainingReport(checkpoint=None, metrics={'epoch': 15, 'accuracy': 0.5303, 'best_accuracy': 0.5303, 'avg_epoch_time_s': 19.675687064133367}, validation=False)
[36m(RayTrainWorker pid=82747)[0m Reporting training result 16: TrainingReport(checkpoint=None, metrics={'epoch': 16, 'accuracy': 0.5285, 'best_accuracy': 0.5303, 'avg_epoch_time_s': 19.66639272743754}, validation=False)
[36m(RayTrainWorker pid=82747)[0m Reporting training result 17: TrainingReport(checkpoint=None, metrics={'epoch': 17, 'accuracy': 0.5314, 'best_accuracy': 0.5314, 'avg_epoch_time_s': 19.652975031117688}, validation=False)
[36m(RayTrainWorker pid=82747)[0m Reporting training result 18: TrainingReport(checkpoint=None, metrics={'epoch': 18, 'accuracy': 0.5302, 'best_accuracy': 0.5314, 'avg_epoch_time_s': 19.64511697027779}, validation=False)
[36m(RayTrainWorker pid=82747)[0m Reporting training result 19: TrainingReport(checkpoint=None, metrics={'epoch': 19, 'accuracy': 0.5328, 'best_accuracy': 0.5328, 'avg_epoch_time_s': 19.644066932947393}, validation=False)
[36m(RayTrainWorker pid=82747)[0m Reporting training result 20: TrainingReport(checkpoint=None, metrics={'epoch': 20, 'accuracy': 0.5305, 'best_accuracy': 0.5328, 'avg_epoch_time_s': 19.643614789150025}, validation=False)
[36m(RayTrainWorker pid=82747)[0m Reporting training result 21: TrainingReport(checkpoint=None, metrics={'epoch': 21, 'accuracy': 0.54, 'best_accuracy': 0.54, 'avg_epoch_time_s': 19.641752984619067}, validation=False)
[36m(TrainController pid=84400)[0m Requesting resources: {'GPU': 1} * 1
[36m(TrainController pid=84400)[0m Attempting to start training worker group of size 1 with the following resources: [{'GPU': 1}] * 1
[36m(RayTrainWorker pid=84443)[0m Setting up process group for: env:// [rank=0, world_size=1]
[36m(TrainController pid=84400)[0m Started training worker group of size 1: 
[36m(TrainController pid=84400)[0m - (ip=172.31.32.108, pid=84443) world_rank=0, local_rank=0, node_rank=0
[36m(RayTrainWorker pid=84443)[0m 
[36m(RayTrainWorker pid=84443)[0m ================ WORKER DEVICE DEBUG ================
[36m(RayTrainWorker pid=84443)[0m CUDA_VISIBLE_DEVICES = 0
[36m(RayTrainWorker pid=84443)[0m torch.cuda.is_available() = True
[36m(RayTrainWorker pid=84443)[0m torch.cuda.device_count() = 1
[36m(RayTrainWorker pid=84443)[0m current device index = 0
[36m(RayTrainWorker pid=84443)[0m device name = NVIDIA A10G
[36m(RayTrainWorker pid=84443)[0m =====================================================
[36m(RayTrainWorker pid=84443)[0m 
[36m(RayTrainWorker pid=84443)[0m 🔍 TRAINING WITH MODEL: wide_resnet101_2
[36m(RayTrainWorker pid=84443)[0m 🔍 FULL CONFIG: epochs=26, lr=0.000534472577789758, batch_size=128, image_size=64
[36m(RayTrainWorker pid=84443)[0m Moving model to device: cuda:0
[36m(RayTrainWorker pid=84443)[0m Reporting training result 1: TrainingReport(checkpoint=None, metrics={'epoch': 1, 'accuracy': 0.4559, 'best_accuracy': 0.4559, 'avg_epoch_time_s': 21.04742130499926}, validation=False)
[36m(RayTrainWorker pid=84443)[0m Reporting training result 2: TrainingReport(checkpoint=None, metrics={'epoch': 2, 'accuracy': 0.4895, 'best_accuracy': 0.4895, 'avg_epoch_time_s': 20.50703976099976}, validation=False)
[36m(RayTrainWorker pid=84443)[0m Reporting training result 3: TrainingReport(checkpoint=None, metrics={'epoch': 3, 'accuracy': 0.4972, 'best_accuracy': 0.4972, 'avg_epoch_time_s': 20.159139635999964}, validation=False)
[36m(RayTrainWorker pid=84443)[0m Reporting training result 4: TrainingReport(checkpoint=None, metrics={'epoch': 4, 'accuracy': 0.5018, 'best_accuracy': 0.5018, 'avg_epoch_time_s': 20.000158931749866}, validation=False)
[36m(RayTrainWorker pid=84443)[0m Reporting training result 5: TrainingReport(checkpoint=None, metrics={'epoch': 5, 'accuracy': 0.5063, 'best_accuracy': 0.5063, 'avg_epoch_time_s': 19.883145236199926}, validation=False)
[36m(RayTrainWorker pid=84443)[0m Reporting training result 6: TrainingReport(checkpoint=None, metrics={'epoch': 6, 'accuracy': 0.5053, 'best_accuracy': 0.5063, 'avg_epoch_time_s': 19.8147736435}, validation=False)
[36m(RayTrainWorker pid=84443)[0m Reporting training result 7: TrainingReport(checkpoint=None, metrics={'epoch': 7, 'accuracy': 0.5134, 'best_accuracy': 0.5134, 'avg_epoch_time_s': 19.778723017714192}, validation=False)
[36m(RayTrainWorker pid=84443)[0m Reporting training result 8: TrainingReport(checkpoint=None, metrics={'epoch': 8, 'accuracy': 0.5118, 'best_accuracy': 0.5134, 'avg_epoch_time_s': 19.733565235124956}, validation=False)
[36m(RayTrainWorker pid=84443)[0m Reporting training result 9: TrainingReport(checkpoint=None, metrics={'epoch': 9, 'accuracy': 0.5189, 'best_accuracy': 0.5189, 'avg_epoch_time_s': 19.711555076666627}, validation=False)
[36m(RayTrainWorker pid=84443)[0m Reporting training result 10: TrainingReport(checkpoint=None, metrics={'epoch': 10, 'accuracy': 0.5143, 'best_accuracy': 0.5189, 'avg_epoch_time_s': 19.6888577963}, validation=False)
[36m(RayTrainWorker pid=84443)[0m Reporting training result 11: TrainingReport(checkpoint=None, metrics={'epoch': 11, 'accuracy': 0.5099, 'best_accuracy': 0.5189, 'avg_epoch_time_s': 19.666253743636346}, validation=False)
[36m(RayTrainWorker pid=84443)[0m Reporting training result 12: TrainingReport(checkpoint=None, metrics={'epoch': 12, 'accuracy': 0.5144, 'best_accuracy': 0.5189, 'avg_epoch_time_s': 19.64407214166666}, validation=False)
[36m(RayTrainWorker pid=84443)[0m Reporting training result 13: TrainingReport(checkpoint=None, metrics={'epoch': 13, 'accuracy': 0.5151, 'best_accuracy': 0.5189, 'avg_epoch_time_s': 19.633243097307687}, validation=False)
[36m(RayTrainWorker pid=84443)[0m Reporting training result 14: TrainingReport(checkpoint=None, metrics={'epoch': 14, 'accuracy': 0.5132, 'best_accuracy': 0.5189, 'avg_epoch_time_s': 19.629221018071412}, validation=False)
[36m(RayTrainWorker pid=84443)[0m Reporting training result 15: TrainingReport(checkpoint=None, metrics={'epoch': 15, 'accuracy': 0.5191, 'best_accuracy': 0.5191, 'avg_epoch_time_s': 19.62389567833331}, validation=False)
[36m(RayTrainWorker pid=84443)[0m Reporting training result 16: TrainingReport(checkpoint=None, metrics={'epoch': 16, 'accuracy': 0.5291, 'best_accuracy': 0.5291, 'avg_epoch_time_s': 19.618074702874992}, validation=False)
[36m(RayTrainWorker pid=84443)[0m Reporting training result 17: TrainingReport(checkpoint=None, metrics={'epoch': 17, 'accuracy': 0.5277, 'best_accuracy': 0.5291, 'avg_epoch_time_s': 19.608968787882343}, validation=False)
[36m(RayTrainWorker pid=84443)[0m Reporting training result 18: TrainingReport(checkpoint=None, metrics={'epoch': 18, 'accuracy': 0.5254, 'best_accuracy': 0.5291, 'avg_epoch_time_s': 19.600971302666647}, validation=False)
[36m(RayTrainWorker pid=84443)[0m Reporting training result 19: TrainingReport(checkpoint=None, metrics={'epoch': 19, 'accuracy': 0.5236, 'best_accuracy': 0.5291, 'avg_epoch_time_s': 19.60404032568419}, validation=False)
[36m(RayTrainWorker pid=84443)[0m Reporting training result 20: TrainingReport(checkpoint=None, metrics={'epoch': 20, 'accuracy': 0.5241, 'best_accuracy': 0.5291, 'avg_epoch_time_s': 19.59835762609996}, validation=False)
[36m(RayTrainWorker pid=84443)[0m Reporting training result 21: TrainingReport(checkpoint=None, metrics={'epoch': 21, 'accuracy': 0.5276, 'best_accuracy': 0.5291, 'avg_epoch_time_s': 19.592349570952354}, validation=False)
[36m(RayTrainWorker pid=84443)[0m Reporting training result 22: TrainingReport(checkpoint=None, metrics={'epoch': 22, 'accuracy': 0.5281, 'best_accuracy': 0.5291, 'avg_epoch_time_s': 19.58228200240906}, validation=False)
[36m(RayTrainWorker pid=84443)[0m Reporting training result 23: TrainingReport(checkpoint=None, metrics={'epoch': 23, 'accuracy': 0.5329, 'best_accuracy': 0.5329, 'avg_epoch_time_s': 19.577392670956492}, validation=False)
[36m(RayTrainWorker pid=84443)[0m Reporting training result 24: TrainingReport(checkpoint=None, metrics={'epoch': 24, 'accuracy': 0.5261, 'best_accuracy': 0.5329, 'avg_epoch_time_s': 19.572550681249975}, validation=False)
[36m(RayTrainWorker pid=84443)[0m Reporting training result 25: TrainingReport(checkpoint=None, metrics={'epoch': 25, 'accuracy': 0.5239, 'best_accuracy': 0.5329, 'avg_epoch_time_s': 19.568437794279998}, validation=False)
[36m(RayTrainWorker pid=84443)[0m Reporting training result 26: TrainingReport(checkpoint=None, metrics={'epoch': 26, 'accuracy': 0.5292, 'best_accuracy': 0.5329, 'avg_epoch_time_s': 19.561979427115357}, validation=False)
[36m(TrainController pid=86432)[0m Requesting resources: {'GPU': 1} * 1
[36m(TrainController pid=86432)[0m Attempting to start training worker group of size 1 with the following resources: [{'GPU': 1}] * 1
[36m(RayTrainWorker pid=86476)[0m Setting up process group for: env:// [rank=0, world_size=1]
[36m(TrainController pid=86432)[0m Started training worker group of size 1: 
[36m(TrainController pid=86432)[0m - (ip=172.31.32.108, pid=86476) world_rank=0, local_rank=0, node_rank=0
[36m(RayTrainWorker pid=86476)[0m 
[36m(RayTrainWorker pid=86476)[0m ================ WORKER DEVICE DEBUG ================
[36m(RayTrainWorker pid=86476)[0m CUDA_VISIBLE_DEVICES = 0
[36m(RayTrainWorker pid=86476)[0m torch.cuda.is_available() = True
[36m(RayTrainWorker pid=86476)[0m torch.cuda.device_count() = 1
[36m(RayTrainWorker pid=86476)[0m current device index = 0
[36m(RayTrainWorker pid=86476)[0m device name = NVIDIA A10G
[36m(RayTrainWorker pid=86476)[0m =====================================================
[36m(RayTrainWorker pid=86476)[0m 
[36m(RayTrainWorker pid=86476)[0m 🔍 TRAINING WITH MODEL: wide_resnet101_2
[36m(RayTrainWorker pid=86476)[0m 🔍 FULL CONFIG: epochs=18, lr=0.0014494206287267413, batch_size=128, image_size=64
[36m(RayTrainWorker pid=86476)[0m Moving model to device: cuda:0
[36m(RayTrainWorker pid=86476)[0m Reporting training result 1: TrainingReport(checkpoint=None, metrics={'epoch': 1, 'accuracy': 0.49, 'best_accuracy': 0.49, 'avg_epoch_time_s': 20.904860020999877}, validation=False)
[36m(RayTrainWorker pid=86476)[0m Reporting training result 2: TrainingReport(checkpoint=None, metrics={'epoch': 2, 'accuracy': 0.4955, 'best_accuracy': 0.4955, 'avg_epoch_time_s': 20.435246945000017}, validation=False)
[36m(RayTrainWorker pid=86476)[0m Reporting training result 3: TrainingReport(checkpoint=None, metrics={'epoch': 3, 'accuracy': 0.5112, 'best_accuracy': 0.5112, 'avg_epoch_time_s': 20.12775439466653}, validation=False)
[36m(RayTrainWorker pid=86476)[0m Reporting training result 4: TrainingReport(checkpoint=None, metrics={'epoch': 4, 'accuracy': 0.5089, 'best_accuracy': 0.5112, 'avg_epoch_time_s': 19.97045936099994}, validation=False)
[36m(RayTrainWorker pid=86476)[0m Reporting training result 5: TrainingReport(checkpoint=None, metrics={'epoch': 5, 'accuracy': 0.5178, 'best_accuracy': 0.5178, 'avg_epoch_time_s': 19.875171581999894}, validation=False)
[36m(RayTrainWorker pid=86476)[0m Reporting training result 6: TrainingReport(checkpoint=None, metrics={'epoch': 6, 'accuracy': 0.5192, 'best_accuracy': 0.5192, 'avg_epoch_time_s': 19.820169354999962}, validation=False)
[36m(RayTrainWorker pid=86476)[0m Reporting training result 7: TrainingReport(checkpoint=None, metrics={'epoch': 7, 'accuracy': 0.5123, 'best_accuracy': 0.5192, 'avg_epoch_time_s': 19.782773882999987}, validation=False)
[36m(RayTrainWorker pid=86476)[0m Reporting training result 8: TrainingReport(checkpoint=None, metrics={'epoch': 8, 'accuracy': 0.5165, 'best_accuracy': 0.5192, 'avg_epoch_time_s': 19.75350990312495}, validation=False)
[36m(RayTrainWorker pid=86476)[0m Reporting training result 9: TrainingReport(checkpoint=None, metrics={'epoch': 9, 'accuracy': 0.5171, 'best_accuracy': 0.5192, 'avg_epoch_time_s': 19.718067912888827}, validation=False)
[36m(RayTrainWorker pid=86476)[0m Reporting training result 10: TrainingReport(checkpoint=None, metrics={'epoch': 10, 'accuracy': 0.5248, 'best_accuracy': 0.5248, 'avg_epoch_time_s': 19.694273884999983}, validation=False)
[36m(RayTrainWorker pid=86476)[0m Reporting training result 11: TrainingReport(checkpoint=None, metrics={'epoch': 11, 'accuracy': 0.5352, 'best_accuracy': 0.5352, 'avg_epoch_time_s': 19.677333694636385}, validation=False)
[36m(RayTrainWorker pid=86476)[0m Reporting training result 12: TrainingReport(checkpoint=None, metrics={'epoch': 12, 'accuracy': 0.5254, 'best_accuracy': 0.5352, 'avg_epoch_time_s': 19.65632895466668}, validation=False)
[36m(RayTrainWorker pid=86476)[0m Reporting training result 13: TrainingReport(checkpoint=None, metrics={'epoch': 13, 'accuracy': 0.521, 'best_accuracy': 0.5352, 'avg_epoch_time_s': 19.64538688507694}, validation=False)
[36m(RayTrainWorker pid=86476)[0m Reporting training result 14: TrainingReport(checkpoint=None, metrics={'epoch': 14, 'accuracy': 0.5252, 'best_accuracy': 0.5352, 'avg_epoch_time_s': 19.63569164421428}, validation=False)
[36m(RayTrainWorker pid=86476)[0m Reporting training result 15: TrainingReport(checkpoint=None, metrics={'epoch': 15, 'accuracy': 0.5273, 'best_accuracy': 0.5352, 'avg_epoch_time_s': 19.61916447120002}, validation=False)
[36m(RayTrainWorker pid=86476)[0m Reporting training result 16: TrainingReport(checkpoint=None, metrics={'epoch': 16, 'accuracy': 0.5275, 'best_accuracy': 0.5352, 'avg_epoch_time_s': 19.608546326312478}, validation=False)
[36m(RayTrainWorker pid=86476)[0m Reporting training result 17: TrainingReport(checkpoint=None, metrics={'epoch': 17, 'accuracy': 0.5301, 'best_accuracy': 0.5352, 'avg_epoch_time_s': 19.597603900117655}, validation=False)
[36m(RayTrainWorker pid=86476)[0m Reporting training result 18: TrainingReport(checkpoint=None, metrics={'epoch': 18, 'accuracy': 0.5335, 'best_accuracy': 0.5352, 'avg_epoch_time_s': 19.594427855888878}, validation=False)
2026-05-10 14:31:43,309	INFO tune.py:1001 -- Wrote the latest version of all result files and experiment state to '/fsx/ray_results/pytorch_hpo_phase1' in 0.0958s.

INFO:cloud_runner_HPO_new:Parsed HPO result: {'config': {'accuracy': 0.54, 'model_name': 'wide_resnet101_2', 'epoch': 21, 'learning_rate': 0.00233600840885227, 'momentum': 0.974068234216306, 'batch_size': 128, 'hidden': 10, 'image_size': 64, 'next_trials': 9}}
INFO:cloud_runner_HPO_new:HPO pipeline completed successfully
INFO:cloud_runner_HPO_new:Cleaning up Ray cluster...
INFO:paramiko.transport:Connected (version 2.0, client OpenSSH_8.9p1)
INFO:paramiko.transport:Authentication (publickey) successful!
INFO:cloud_runner_HPO_new:Ray stopped on 172.31.32.108
INFO:cloud_runner_HPO_new:HPO execution completed successfully

