sweep: 180 cells (5 policies × 6 Ns × 6 seeds)
existing JSON has 0 cells; resume=False
[1/180] FCFS-ST-LA__N200__seed7: running... ok in 42.8s  (misses=0.185, cost=€130.4569)
[2/180] FCFS-ST-LA__N200__seed107: running... ok in 41.3s  (misses=0.15, cost=€119.4113)
[3/180] FCFS-ST-LA__N200__seed207: running... ok in 41.4s  (misses=0.185, cost=€131.4111)
[4/180] FCFS-ST-LA__N200__seed1007: running... ok in 41.5s  (misses=0.16, cost=€133.5759)
[5/180] FCFS-ST-LA__N200__seed1107: running... ok in 42.2s  (misses=0.15, cost=€126.8976)
[6/180] FCFS-ST-LA__N200__seed1207: running... ok in 40.6s  (misses=0.145, cost=€122.5879)
[7/180] FCFS-ST-LA__N300__seed7: running... ok in 53.2s  (misses=0.3067, cost=€143.8354)
[8/180] FCFS-ST-LA__N300__seed107: running... ok in 53.8s  (misses=0.3033, cost=€137.3601)
[9/180] FCFS-ST-LA__N300__seed207: running... ok in 53.6s  (misses=0.2967, cost=€139.0107)
[10/180] FCFS-ST-LA__N300__seed1007: running... ok in 54.0s  (misses=0.3, cost=€134.8665)
[11/180] FCFS-ST-LA__N300__seed1107: running... ok in 54.7s  (misses=0.29, cost=€129.704)
[12/180] FCFS-ST-LA__N300__seed1207: running... ok in 53.7s  (misses=0.2967, cost=€135.0929)
[13/180] FCFS-ST-LA__N400__seed7: running... ok in 65.4s  (misses=0.38, cost=€133.2745)
[14/180] FCFS-ST-LA__N400__seed107: running... ok in 64.7s  (misses=0.375, cost=€138.0289)
[15/180] FCFS-ST-LA__N400__seed207: running... ok in 65.2s  (misses=0.37, cost=€148.8103)
[16/180] FCFS-ST-LA__N400__seed1007: running... ok in 66.1s  (misses=0.365, cost=€156.9378)
[17/180] FCFS-ST-LA__N400__seed1107: running... ok in 66.4s  (misses=0.365, cost=€144.0046)
[18/180] FCFS-ST-LA__N400__seed1207: running... ok in 65.2s  (misses=0.3625, cost=€140.978)
[19/180] FCFS-ST-LA__N500__seed7: running... ok in 78.7s  (misses=0.412, cost=€145.0228)
[20/180] FCFS-ST-LA__N500__seed107: running... ok in 78.9s  (misses=0.396, cost=€146.5847)
[21/180] FCFS-ST-LA__N500__seed207: running... ok in 78.5s  (misses=0.406, cost=€146.6007)
[22/180] FCFS-ST-LA__N500__seed1007: running... ok in 79.4s  (misses=0.406, cost=€142.6745)
[23/180] FCFS-ST-LA__N500__seed1107: running... ok in 79.4s  (misses=0.41, cost=€141.1399)
[24/180] FCFS-ST-LA__N500__seed1207: running... ok in 79.1s  (misses=0.398, cost=€138.0999)
[25/180] FCFS-ST-LA__N600__seed7: running... ok in 91.2s  (misses=0.4367, cost=€152.9135)
[26/180] FCFS-ST-LA__N600__seed107: running... ok in 92.1s  (misses=0.425, cost=€151.548)
[27/180] FCFS-ST-LA__N600__seed207: running... ok in 90.9s  (misses=0.4283, cost=€144.2137)
[28/180] FCFS-ST-LA__N600__seed1007: running... ok in 91.2s  (misses=0.4267, cost=€150.0543)
[29/180] FCFS-ST-LA__N600__seed1107: running... ok in 90.3s  (misses=0.4317, cost=€143.4093)
[30/180] FCFS-ST-LA__N600__seed1207: running... ok in 90.6s  (misses=0.4283, cost=€147.5734)
[31/180] FCFS-ST-LA__N700__seed7: running... ok in 102.4s  (misses=0.4557, cost=€153.5639)
[32/180] FCFS-ST-LA__N700__seed107: running... ok in 102.8s  (misses=0.45, cost=€155.1213)
[33/180] FCFS-ST-LA__N700__seed207: running... ok in 103.5s  (misses=0.4586, cost=€151.449)
[34/180] FCFS-ST-LA__N700__seed1007: running... ok in 101.5s  (misses=0.4671, cost=€151.5025)
[35/180] FCFS-ST-LA__N700__seed1107: running... ok in 102.3s  (misses=0.4529, cost=€154.8346)
[36/180] FCFS-ST-LA__N700__seed1207: running... ok in 102.5s  (misses=0.44, cost=€152.3258)
[37/180] EDF-ST-LA__N200__seed7: running... ok in 41.0s  (misses=0.13, cost=€118.2348)
[38/180] EDF-ST-LA__N200__seed107: running... ok in 41.6s  (misses=0.095, cost=€135.3826)
[39/180] EDF-ST-LA__N200__seed207: running... ok in 41.7s  (misses=0.155, cost=€129.4733)
[40/180] EDF-ST-LA__N200__seed1007: running... ok in 42.0s  (misses=0.125, cost=€126.7432)
[41/180] EDF-ST-LA__N200__seed1107: running... ok in 41.6s  (misses=0.12, cost=€135.7487)
[42/180] EDF-ST-LA__N200__seed1207: running... ok in 41.7s  (misses=0.095, cost=€122.6598)
[43/180] EDF-ST-LA__N300__seed7: running... ok in 61.2s  (misses=0.12, cost=€113.5557)
[44/180] EDF-ST-LA__N300__seed107: running... ok in 61.8s  (misses=0.1333, cost=€125.349)
[45/180] EDF-ST-LA__N300__seed207: running... ok in 62.3s  (misses=0.1333, cost=€120.2017)
[46/180] EDF-ST-LA__N300__seed1007: running... ok in 62.6s  (misses=0.11, cost=€109.1916)
[47/180] EDF-ST-LA__N300__seed1107: running... ok in 63.1s  (misses=0.12, cost=€110.4354)
[48/180] EDF-ST-LA__N300__seed1207: running... ok in 61.5s  (misses=0.13, cost=€123.5176)
[49/180] EDF-ST-LA__N400__seed7: running... ok in 81.3s  (misses=0.12, cost=€110.2956)
[50/180] EDF-ST-LA__N400__seed107: running... ok in 80.3s  (misses=0.105, cost=€112.3315)
[51/180] EDF-ST-LA__N400__seed207: running... ok in 81.7s  (misses=0.115, cost=€121.5937)
[52/180] EDF-ST-LA__N400__seed1007: running... ok in 81.1s  (misses=0.1275, cost=€113.9331)
[53/180] EDF-ST-LA__N400__seed1107: running... ok in 81.8s  (misses=0.115, cost=€105.4776)
[54/180] EDF-ST-LA__N400__seed1207: running... ok in 82.1s  (misses=0.1175, cost=€120.7074)
[55/180] EDF-ST-LA__N500__seed7: running... ok in 99.9s  (misses=0.124, cost=€109.8167)
[56/180] EDF-ST-LA__N500__seed107: running... ok in 100.3s  (misses=0.134, cost=€110.6329)
[57/180] EDF-ST-LA__N500__seed207: running... ok in 101.5s  (misses=0.124, cost=€107.6437)
[58/180] EDF-ST-LA__N500__seed1007: running... ok in 100.3s  (misses=0.128, cost=€104.7117)
[59/180] EDF-ST-LA__N500__seed1107: running... ok in 99.7s  (misses=0.146, cost=€108.7485)
[60/180] EDF-ST-LA__N500__seed1207: running... ok in 101.4s  (misses=0.116, cost=€111.202)
[61/180] EDF-ST-LA__N600__seed7: running... ok in 119.6s  (misses=0.1233, cost=€104.8924)
[62/180] EDF-ST-LA__N600__seed107: running... ok in 118.7s  (misses=0.13, cost=€113.2701)
[63/180] EDF-ST-LA__N600__seed207: running... ok in 118.8s  (misses=0.1283, cost=€107.8842)
[64/180] EDF-ST-LA__N600__seed1007: running... ok in 118.2s  (misses=0.1233, cost=€114.4917)
[65/180] EDF-ST-LA__N600__seed1107: running... ok in 118.3s  (misses=0.1383, cost=€114.102)
[66/180] EDF-ST-LA__N600__seed1207: running... ok in 119.8s  (misses=0.1317, cost=€104.1573)
[67/180] EDF-ST-LA__N700__seed7: running... ok in 129.9s  (misses=0.2157, cost=€107.7821)
[68/180] EDF-ST-LA__N700__seed107: running... ok in 130.1s  (misses=0.2086, cost=€104.7873)
[69/180] EDF-ST-LA__N700__seed207: running... ok in 130.7s  (misses=0.1971, cost=€99.7876)
[70/180] EDF-ST-LA__N700__seed1007: running... ok in 129.3s  (misses=0.2229, cost=€100.9265)
[71/180] EDF-ST-LA__N700__seed1107: running... ok in 130.4s  (misses=0.2114, cost=€96.4242)
[72/180] EDF-ST-LA__N700__seed1207: running... ok in 130.3s  (misses=0.2129, cost=€95.2911)
[73/180] LAMF__N200__seed7: running... ok in 42.8s  (misses=0.18, cost=€158.726)
[74/180] LAMF__N200__seed107: running... ok in 45.1s  (misses=0.17, cost=€152.3275)
[75/180] LAMF__N200__seed207: running... ok in 42.4s  (misses=0.175, cost=€161.7821)
[76/180] LAMF__N200__seed1007: running... ok in 41.0s  (misses=0.19, cost=€161.1751)
[77/180] LAMF__N200__seed1107: running... ok in 40.8s  (misses=0.195, cost=€175.5904)
[78/180] LAMF__N200__seed1207: running... ok in 41.9s  (misses=0.165, cost=€152.9462)
[79/180] LAMF__N300__seed7: running... ok in 54.4s  (misses=0.2867, cost=€142.0654)
[80/180] LAMF__N300__seed107: running... ok in 54.4s  (misses=0.2967, cost=€132.0126)
[81/180] LAMF__N300__seed207: running... ok in 54.2s  (misses=0.3033, cost=€139.1406)
[82/180] LAMF__N300__seed1007: running... ok in 53.7s  (misses=0.2967, cost=€139.9936)
[83/180] LAMF__N300__seed1107: running... ok in 53.4s  (misses=0.3033, cost=€150.3358)
[84/180] LAMF__N300__seed1207: running... ok in 52.9s  (misses=0.2967, cost=€141.8285)
[85/180] LAMF__N400__seed7: running... ok in 64.9s  (misses=0.37, cost=€163.4556)
[86/180] LAMF__N400__seed107: running... ok in 65.5s  (misses=0.37, cost=€147.8725)
[87/180] LAMF__N400__seed207: running... ok in 64.7s  (misses=0.3725, cost=€148.7167)
[88/180] LAMF__N400__seed1007: running... ok in 65.3s  (misses=0.3675, cost=€148.6622)
[89/180] LAMF__N400__seed1107: running... ok in 63.9s  (misses=0.3925, cost=€147.2904)
[90/180] LAMF__N400__seed1207: running... ok in 93.5s  (misses=0.3775, cost=€159.6437)
[91/180] LAMF__N500__seed7: running... ok in 81.8s  (misses=0.384, cost=€155.2526)
[92/180] LAMF__N500__seed107: running... ok in 83.2s  (misses=0.406, cost=€157.6856)
[93/180] LAMF__N500__seed207: running... ok in 78.8s  (misses=0.408, cost=€166.0479)
[94/180] LAMF__N500__seed1007: running... ok in 79.7s  (misses=0.4, cost=€152.4866)
[95/180] LAMF__N500__seed1107: running... ok in 78.9s  (misses=0.378, cost=€168.5706)
[96/180] LAMF__N500__seed1207: running... ok in 78.3s  (misses=0.4, cost=€145.6859)
[97/180] LAMF__N600__seed7: running... ok in 89.4s  (misses=0.4267, cost=€137.181)
[98/180] LAMF__N600__seed107: running... ok in 89.3s  (misses=0.4317, cost=€157.3301)
[99/180] LAMF__N600__seed207: running... ok in 89.1s  (misses=0.4183, cost=€153.1722)
[100/180] LAMF__N600__seed1007: running... ok in 89.5s  (misses=0.43, cost=€154.8503)
[101/180] LAMF__N600__seed1107: running... ok in 89.6s  (misses=0.4217, cost=€154.1169)
[102/180] LAMF__N600__seed1207: running... ok in 91.7s  (misses=0.4217, cost=€153.8534)
[103/180] LAMF__N700__seed7: running... ok in 104.7s  (misses=0.4614, cost=€150.1761)
[104/180] LAMF__N700__seed107: running... ok in 102.8s  (misses=0.46, cost=€157.5154)
[105/180] LAMF__N700__seed207: running... ok in 101.0s  (misses=0.4614, cost=€158.0258)
[106/180] LAMF__N700__seed1007: running... ok in 102.6s  (misses=0.4729, cost=€153.7076)
[107/180] LAMF__N700__seed1107: running... ok in 102.0s  (misses=0.4571, cost=€151.508)
[108/180] LAMF__N700__seed1207: running... ok in 101.0s  (misses=0.4671, cost=€153.9131)
[109/180] EDF-LAMF__N200__seed7: running... ok in 41.1s  (misses=0.15, cost=€133.117)
[110/180] EDF-LAMF__N200__seed107: running... ok in 41.5s  (misses=0.12, cost=€128.6166)
[111/180] EDF-LAMF__N200__seed207: running... ok in 41.3s  (misses=0.115, cost=€149.9925)
[112/180] EDF-LAMF__N200__seed1007: running... ok in 42.0s  (misses=0.115, cost=€137.1058)
[113/180] EDF-LAMF__N200__seed1107: running... ok in 41.1s  (misses=0.14, cost=€121.3712)
[114/180] EDF-LAMF__N200__seed1207: running... ok in 40.6s  (misses=0.145, cost=€146.6457)
[115/180] EDF-LAMF__N300__seed7: running... ok in 60.2s  (misses=0.1433, cost=€122.1223)
[116/180] EDF-LAMF__N300__seed107: running... ok in 60.3s  (misses=0.13, cost=€132.0309)
[117/180] EDF-LAMF__N300__seed207: running... ok in 59.7s  (misses=0.16, cost=€121.32)
[118/180] EDF-LAMF__N300__seed1007: running... ok in 65.2s  (misses=0.18, cost=€129.5235)
[119/180] EDF-LAMF__N300__seed1107: running... ok in 62.1s  (misses=0.1533, cost=€112.1104)
[120/180] EDF-LAMF__N300__seed1207: running... ok in 62.1s  (misses=0.1533, cost=€135.9324)
[121/180] EDF-LAMF__N400__seed7: running... ok in 80.5s  (misses=0.1475, cost=€116.8452)
[122/180] EDF-LAMF__N400__seed107: running... ok in 83.3s  (misses=0.13, cost=€123.5803)
[123/180] EDF-LAMF__N400__seed207: running... ok in 85.0s  (misses=0.15, cost=€114.1527)
[124/180] EDF-LAMF__N400__seed1007: running... ok in 80.0s  (misses=0.1375, cost=€114.8208)
[125/180] EDF-LAMF__N400__seed1107: running... ok in 79.7s  (misses=0.155, cost=€111.4794)
[126/180] EDF-LAMF__N400__seed1207: running... ok in 80.6s  (misses=0.13, cost=€125.1592)
[127/180] EDF-LAMF__N500__seed7: running... ok in 100.4s  (misses=0.144, cost=€119.384)
[128/180] EDF-LAMF__N500__seed107: running... ok in 99.4s  (misses=0.142, cost=€112.7064)
[129/180] EDF-LAMF__N500__seed207: running... ok in 98.8s  (misses=0.152, cost=€119.4368)
[130/180] EDF-LAMF__N500__seed1007: running... ok in 99.4s  (misses=0.142, cost=€116.7156)
[131/180] EDF-LAMF__N500__seed1107: running... ok in 99.2s  (misses=0.142, cost=€109.7572)
[132/180] EDF-LAMF__N500__seed1207: running... ok in 98.4s  (misses=0.148, cost=€116.9791)
[133/180] EDF-LAMF__N600__seed7: running... ok in 114.3s  (misses=0.1917, cost=€110.9831)
[134/180] EDF-LAMF__N600__seed107: running... ok in 114.5s  (misses=0.1867, cost=€109.4417)
[135/180] EDF-LAMF__N600__seed207: running... ok in 113.6s  (misses=0.2, cost=€117.6729)
[136/180] EDF-LAMF__N600__seed1007: running... ok in 113.6s  (misses=0.185, cost=€113.1273)
[137/180] EDF-LAMF__N600__seed1107: running... ok in 113.6s  (misses=0.2017, cost=€109.8294)
[138/180] EDF-LAMF__N600__seed1207: running... ok in 114.9s  (misses=0.2083, cost=€109.5269)
[139/180] EDF-LAMF__N700__seed7: running... ok in 123.7s  (misses=0.3229, cost=€110.4405)
[140/180] EDF-LAMF__N700__seed107: running... ok in 123.4s  (misses=0.3071, cost=€107.5697)
[141/180] EDF-LAMF__N700__seed207: running... ok in 123.3s  (misses=0.3243, cost=€101.6059)
[142/180] EDF-LAMF__N700__seed1007: running... ok in 123.9s  (misses=0.3271, cost=€104.2998)
[143/180] EDF-LAMF__N700__seed1107: running... ok in 123.6s  (misses=0.3143, cost=€102.5717)
[144/180] EDF-LAMF__N700__seed1207: running... ok in 123.4s  (misses=0.3286, cost=€107.0908)
[145/180] EDF-HSM__N200__seed7: running... ok in 40.8s  (misses=0.15, cost=€133.117)
[146/180] EDF-HSM__N200__seed107: running... ok in 41.5s  (misses=0.125, cost=€128.3604)
[147/180] EDF-HSM__N200__seed207: running... ok in 41.7s  (misses=0.11, cost=€149.0825)
[148/180] EDF-HSM__N200__seed1007: running... ok in 41.4s  (misses=0.13, cost=€141.8833)
[149/180] EDF-HSM__N200__seed1107: running... ok in 41.4s  (misses=0.13, cost=€126.7555)
[150/180] EDF-HSM__N200__seed1207: running... ok in 42.0s  (misses=0.125, cost=€149.9557)
[151/180] EDF-HSM__N300__seed7: running... ok in 60.5s  (misses=0.1433, cost=€113.6022)
[152/180] EDF-HSM__N300__seed107: running... ok in 60.9s  (misses=0.1367, cost=€125.9587)
[153/180] EDF-HSM__N300__seed207: running... ok in 60.2s  (misses=0.1433, cost=€125.6519)
[154/180] EDF-HSM__N300__seed1007: running... ok in 59.8s  (misses=0.17, cost=€120.908)
[155/180] EDF-HSM__N300__seed1107: running... ok in 59.6s  (misses=0.1533, cost=€112.1104)
[156/180] EDF-HSM__N300__seed1207: running... ok in 60.5s  (misses=0.1633, cost=€132.3155)
[157/180] EDF-HSM__N400__seed7: running... ok in 79.9s  (misses=0.1475, cost=€122.5411)
[158/180] EDF-HSM__N400__seed107: running... ok in 81.5s  (misses=0.135, cost=€116.7618)
[159/180] EDF-HSM__N400__seed207: running... ok in 80.6s  (misses=0.15, cost=€114.1527)
[160/180] EDF-HSM__N400__seed1007: running... ok in 79.6s  (misses=0.1375, cost=€114.8208)
[161/180] EDF-HSM__N400__seed1107: running... ok in 80.3s  (misses=0.1375, cost=€115.9972)
[162/180] EDF-HSM__N400__seed1207: running... ok in 80.2s  (misses=0.13, cost=€125.1592)
[163/180] EDF-HSM__N500__seed7: running... ok in 100.2s  (misses=0.144, cost=€119.384)
[164/180] EDF-HSM__N500__seed107: running... ok in 99.1s  (misses=0.142, cost=€112.7064)
[165/180] EDF-HSM__N500__seed207: running... ok in 98.9s  (misses=0.152, cost=€119.4368)
[166/180] EDF-HSM__N500__seed1007: running... ok in 99.7s  (misses=0.144, cost=€117.777)
[167/180] EDF-HSM__N500__seed1107: running... ok in 99.6s  (misses=0.142, cost=€109.7572)
[168/180] EDF-HSM__N500__seed1207: running... ok in 99.6s  (misses=0.148, cost=€115.9087)
[169/180] EDF-HSM__N600__seed7: running... ok in 114.4s  (misses=0.1917, cost=€110.9831)
[170/180] EDF-HSM__N600__seed107: running... ok in 114.9s  (misses=0.1867, cost=€109.4417)
[171/180] EDF-HSM__N600__seed207: running... ok in 114.5s  (misses=0.2, cost=€117.6729)
[172/180] EDF-HSM__N600__seed1007: running... ok in 114.3s  (misses=0.185, cost=€113.1273)
[173/180] EDF-HSM__N600__seed1107: running... ok in 114.2s  (misses=0.2017, cost=€109.8294)
[174/180] EDF-HSM__N600__seed1207: running... ok in 114.8s  (misses=0.2083, cost=€109.5269)
[175/180] EDF-HSM__N700__seed7: running... ok in 124.1s  (misses=0.3229, cost=€110.4405)
[176/180] EDF-HSM__N700__seed107: running... ok in 124.3s  (misses=0.3071, cost=€107.5697)
[177/180] EDF-HSM__N700__seed207: running... ok in 124.8s  (misses=0.3243, cost=€101.6059)
[178/180] EDF-HSM__N700__seed1007: running... ok in 124.3s  (misses=0.3271, cost=€104.2998)
[179/180] EDF-HSM__N700__seed1107: running... ok in 123.8s  (misses=0.3143, cost=€102.5717)
[180/180] EDF-HSM__N700__seed1207: running... ok in 124.1s  (misses=0.3286, cost=€107.0908)
wrote /Users/srishtidasgupta/PhD/PhD/PhD_Codebase/Vortex-mid/Vortex-moldable-sched/license_results/la_results_per_run.json (180 cells)
