sweep: 24 cells (2 policies × 2 Ns × 6 seeds)
existing JSON has 180 cells; resume=False
[1/24] EDF-HSM__N200__seed7: running... ok in 42.8s  (misses=0.15, cost=€133.117)
[2/24] EDF-HSM__N200__seed107: running... ok in 43.5s  (misses=0.125, cost=€128.3041)
[3/24] EDF-HSM__N200__seed207: running... ok in 42.6s  (misses=0.105, cost=€147.4005)
[4/24] EDF-HSM__N200__seed1007: running... ok in 43.2s  (misses=0.13, cost=€141.8833)
[5/24] EDF-HSM__N200__seed1107: running... ok in 42.0s  (misses=0.13, cost=€126.7555)
[6/24] EDF-HSM__N200__seed1207: running... ok in 42.5s  (misses=0.125, cost=€149.9654)
[7/24] EDF-HSM__N300__seed7: running... ok in 61.5s  (misses=0.1433, cost=€113.4698)
[8/24] EDF-HSM__N300__seed107: running... ok in 62.0s  (misses=0.1367, cost=€126.0138)
[9/24] EDF-HSM__N300__seed207: running... ok in 60.9s  (misses=0.1433, cost=€125.6519)
[10/24] EDF-HSM__N300__seed1007: running... ok in 60.2s  (misses=0.17, cost=€120.908)
[11/24] EDF-HSM__N300__seed1107: running... ok in 60.4s  (misses=0.1533, cost=€112.1104)
[12/24] EDF-HSM__N300__seed1207: running... ok in 61.0s  (misses=0.1633, cost=€132.3155)
[13/24] EDF-LAMF__N200__seed7: running... ok in 42.0s  (misses=0.15, cost=€133.117)
[14/24] EDF-LAMF__N200__seed107: running... ok in 43.3s  (misses=0.12, cost=€128.5605)
[15/24] EDF-LAMF__N200__seed207: running... ok in 42.8s  (misses=0.11, cost=€150.8629)
[16/24] EDF-LAMF__N200__seed1007: running... ok in 42.2s  (misses=0.115, cost=€137.1058)
[17/24] EDF-LAMF__N200__seed1107: running... ok in 41.5s  (misses=0.14, cost=€121.3712)
[18/24] EDF-LAMF__N200__seed1207: running... ok in 41.5s  (misses=0.145, cost=€144.7925)
[19/24] EDF-LAMF__N300__seed7: running... ok in 60.6s  (misses=0.1433, cost=€122.1223)
[20/24] EDF-LAMF__N300__seed107: running... ok in 61.9s  (misses=0.13, cost=€132.0309)
[21/24] EDF-LAMF__N300__seed207: running... ok in 60.6s  (misses=0.16, cost=€121.32)
[22/24] EDF-LAMF__N300__seed1007: running... ok in 61.5s  (misses=0.18, cost=€129.5395)
[23/24] EDF-LAMF__N300__seed1107: running... ok in 60.5s  (misses=0.1533, cost=€112.1104)
[24/24] EDF-LAMF__N300__seed1207: running... ok in 60.9s  (misses=0.1533, cost=€135.9324)
wrote /Users/srishtidasgupta/PhD/PhD/PhD_Codebase/Vortex-mid/Vortex-moldable-sched/license_results/la_results_per_run.json (180 cells)
