sweep: 180 cells (5 policies × 6 Ns × 6 seeds)
existing JSON has 0 cells; resume=False
[1/180] FCFS-ST-LA__N200__seed7: running... ok in 38.9s  (misses=0.145, cost=€122.9816)
[2/180] FCFS-ST-LA__N200__seed107: running... ok in 38.4s  (misses=0.155, cost=€126.1526)
[3/180] FCFS-ST-LA__N200__seed207: running... ok in 38.9s  (misses=0.145, cost=€107.2508)
[4/180] FCFS-ST-LA__N200__seed1007: running... ok in 38.4s  (misses=0.15, cost=€141.8894)
[5/180] FCFS-ST-LA__N200__seed1107: running... ok in 38.3s  (misses=0.155, cost=€114.7534)
[6/180] FCFS-ST-LA__N200__seed1207: running... ok in 37.9s  (misses=0.155, cost=€118.4983)
[7/180] FCFS-ST-LA__N300__seed7: running... ok in 49.9s  (misses=0.2967, cost=€135.1813)
[8/180] FCFS-ST-LA__N300__seed107: running... ok in 51.3s  (misses=0.3, cost=€132.6035)
[9/180] FCFS-ST-LA__N300__seed207: running... ok in 52.1s  (misses=0.29, cost=€137.0032)
[10/180] FCFS-ST-LA__N300__seed1007: running... ok in 50.7s  (misses=0.3033, cost=€138.002)
[11/180] FCFS-ST-LA__N300__seed1107: running... ok in 51.1s  (misses=0.2933, cost=€134.4594)
[12/180] FCFS-ST-LA__N300__seed1207: running... ok in 51.5s  (misses=0.28, cost=€128.5239)
[13/180] FCFS-ST-LA__N400__seed7: running... ok in 63.2s  (misses=0.3625, cost=€124.3034)
[14/180] FCFS-ST-LA__N400__seed107: running... ok in 62.5s  (misses=0.3725, cost=€139.3162)
[15/180] FCFS-ST-LA__N400__seed207: running... ok in 63.4s  (misses=0.3525, cost=€137.6657)
[16/180] FCFS-ST-LA__N400__seed1007: running... ok in 63.3s  (misses=0.345, cost=€144.6939)
[17/180] FCFS-ST-LA__N400__seed1107: running... ok in 62.4s  (misses=0.3725, cost=€136.9777)
[18/180] FCFS-ST-LA__N400__seed1207: running... ok in 62.2s  (misses=0.365, cost=€136.774)
[19/180] FCFS-ST-LA__N500__seed7: running... ok in 75.5s  (misses=0.404, cost=€154.1663)
[20/180] FCFS-ST-LA__N500__seed107: running... ok in 77.0s  (misses=0.384, cost=€151.374)
[21/180] FCFS-ST-LA__N500__seed207: running... ok in 76.9s  (misses=0.384, cost=€141.1468)
[22/180] FCFS-ST-LA__N500__seed1007: running... ok in 75.3s  (misses=0.408, cost=€137.4051)
[23/180] FCFS-ST-LA__N500__seed1107: running... ok in 75.4s  (misses=0.39, cost=€139.7666)
[24/180] FCFS-ST-LA__N500__seed1207: running... ok in 75.7s  (misses=0.388, cost=€138.1104)
[25/180] FCFS-ST-LA__N600__seed7: running... ok in 87.2s  (misses=0.425, cost=€142.1603)
[26/180] FCFS-ST-LA__N600__seed107: running... ok in 87.4s  (misses=0.4267, cost=€139.312)
[27/180] FCFS-ST-LA__N600__seed207: running... ok in 86.6s  (misses=0.4283, cost=€154.6407)
[28/180] FCFS-ST-LA__N600__seed1007: running... ok in 87.1s  (misses=0.44, cost=€139.0146)
[29/180] FCFS-ST-LA__N600__seed1107: running... ok in 86.5s  (misses=0.4417, cost=€139.023)
[30/180] FCFS-ST-LA__N600__seed1207: running... ok in 87.2s  (misses=0.425, cost=€140.76)
[31/180] FCFS-ST-LA__N700__seed7: running... ok in 98.4s  (misses=0.46, cost=€148.793)
[32/180] FCFS-ST-LA__N700__seed107: running... ok in 104.0s  (misses=0.4471, cost=€152.2566)
[33/180] FCFS-ST-LA__N700__seed207: running... ok in 99.3s  (misses=0.45, cost=€150.8134)
[34/180] FCFS-ST-LA__N700__seed1007: running... ok in 100.3s  (misses=0.4529, cost=€142.6399)
[35/180] FCFS-ST-LA__N700__seed1107: running... ok in 98.5s  (misses=0.46, cost=€150.3895)
[36/180] FCFS-ST-LA__N700__seed1207: running... ok in 99.4s  (misses=0.4543, cost=€149.2218)
[37/180] EDF-ST-LA__N200__seed7: running... ok in 40.8s  (misses=0.1, cost=€112.0355)
[38/180] EDF-ST-LA__N200__seed107: running... ok in 41.0s  (misses=0.08, cost=€121.4448)
[39/180] EDF-ST-LA__N200__seed207: running... ok in 43.1s  (misses=0.1, cost=€109.1049)
[40/180] EDF-ST-LA__N200__seed1007: running... ok in 41.6s  (misses=0.1, cost=€117.8375)
[41/180] EDF-ST-LA__N200__seed1107: running... ok in 41.0s  (misses=0.1, cost=€117.0286)
[42/180] EDF-ST-LA__N200__seed1207: running... ok in 41.0s  (misses=0.12, cost=€129.3913)
[43/180] EDF-ST-LA__N300__seed7: running... ok in 60.1s  (misses=0.11, cost=€112.8631)
[44/180] EDF-ST-LA__N300__seed107: running... ok in 59.4s  (misses=0.1033, cost=€109.0831)
[45/180] EDF-ST-LA__N300__seed207: running... ok in 59.0s  (misses=0.1167, cost=€118.9706)
[46/180] EDF-ST-LA__N300__seed1007: running... ok in 59.9s  (misses=0.1067, cost=€122.0886)
[47/180] EDF-ST-LA__N300__seed1107: running... ok in 60.7s  (misses=0.0833, cost=€108.0474)
[48/180] EDF-ST-LA__N300__seed1207: running... ok in 60.3s  (misses=0.0833, cost=€108.6214)
[49/180] EDF-ST-LA__N400__seed7: running... ok in 78.2s  (misses=0.115, cost=€106.7705)
[50/180] EDF-ST-LA__N400__seed107: running... ok in 79.1s  (misses=0.105, cost=€113.296)
[51/180] EDF-ST-LA__N400__seed207: running... ok in 79.5s  (misses=0.09, cost=€110.3446)
[52/180] EDF-ST-LA__N400__seed1007: running... ok in 79.6s  (misses=0.105, cost=€109.5816)
[53/180] EDF-ST-LA__N400__seed1107: running... ok in 79.7s  (misses=0.1, cost=€112.3121)
[54/180] EDF-ST-LA__N400__seed1207: running... ok in 79.2s  (misses=0.11, cost=€118.9725)
[55/180] EDF-ST-LA__N500__seed7: running... ok in 96.7s  (misses=0.1, cost=€104.864)
[56/180] EDF-ST-LA__N500__seed107: running... ok in 98.3s  (misses=0.122, cost=€106.8837)
[57/180] EDF-ST-LA__N500__seed207: running... ok in 99.4s  (misses=0.096, cost=€109.764)
[58/180] EDF-ST-LA__N500__seed1007: running... ok in 98.2s  (misses=0.112, cost=€113.5292)
[59/180] EDF-ST-LA__N500__seed1107: running... ok in 98.0s  (misses=0.102, cost=€112.23)
[60/180] EDF-ST-LA__N500__seed1207: running... ok in 99.6s  (misses=0.1, cost=€114.8377)
[61/180] EDF-ST-LA__N600__seed7: running... ok in 117.8s  (misses=0.1167, cost=€108.7815)
[62/180] EDF-ST-LA__N600__seed107: running... ok in 117.3s  (misses=0.1067, cost=€106.905)
[63/180] EDF-ST-LA__N600__seed207: running... ok in 117.0s  (misses=0.11, cost=€105.6392)
[64/180] EDF-ST-LA__N600__seed1007: running... ok in 117.3s  (misses=0.1217, cost=€102.8109)
[65/180] EDF-ST-LA__N600__seed1107: running... ok in 117.1s  (misses=0.1017, cost=€109.553)
[66/180] EDF-ST-LA__N600__seed1207: running... ok in 117.5s  (misses=0.1083, cost=€105.0238)
[67/180] EDF-ST-LA__N700__seed7: running... ok in 129.4s  (misses=0.22, cost=€97.5692)
[68/180] EDF-ST-LA__N700__seed107: running... ok in 129.5s  (misses=0.2114, cost=€93.8027)
[69/180] EDF-ST-LA__N700__seed207: running... ok in 129.3s  (misses=0.21, cost=€96.3815)
[70/180] EDF-ST-LA__N700__seed1007: running... ok in 129.9s  (misses=0.1929, cost=€92.2243)
[71/180] EDF-ST-LA__N700__seed1107: running... ok in 127.1s  (misses=0.2143, cost=€96.0296)
[72/180] EDF-ST-LA__N700__seed1207: running... ok in 127.7s  (misses=0.2129, cost=€98.2477)
[73/180] LAMF__N200__seed7: running... ok in 38.3s  (misses=0.185, cost=€143.4397)
[74/180] LAMF__N200__seed107: running... ok in 38.6s  (misses=0.19, cost=€139.8383)
[75/180] LAMF__N200__seed207: running... ok in 40.0s  (misses=0.145, cost=€135.1037)
[76/180] LAMF__N200__seed1007: running... ok in 38.4s  (misses=0.19, cost=€161.8065)
[77/180] LAMF__N200__seed1107: running... ok in 39.1s  (misses=0.145, cost=€151.4479)
[78/180] LAMF__N200__seed1207: running... ok in 38.2s  (misses=0.18, cost=€128.3565)
[79/180] LAMF__N300__seed7: running... ok in 50.6s  (misses=0.3067, cost=€144.72)
[80/180] LAMF__N300__seed107: running... ok in 51.9s  (misses=0.3, cost=€130.7166)
[81/180] LAMF__N300__seed207: running... ok in 53.1s  (misses=0.2767, cost=€151.2252)
[82/180] LAMF__N300__seed1007: running... ok in 53.3s  (misses=0.2933, cost=€132.4082)
[83/180] LAMF__N300__seed1107: running... ok in 52.1s  (misses=0.2967, cost=€138.6934)
[84/180] LAMF__N300__seed1207: running... ok in 51.5s  (misses=0.3, cost=€138.4245)
[85/180] LAMF__N400__seed7: running... ok in 64.2s  (misses=0.3525, cost=€137.9654)
[86/180] LAMF__N400__seed107: running... ok in 64.3s  (misses=0.375, cost=€154.9868)
[87/180] LAMF__N400__seed207: running... ok in 63.9s  (misses=0.3825, cost=€148.1983)
[88/180] LAMF__N400__seed1007: running... ok in 63.5s  (misses=0.38, cost=€141.6243)
[89/180] LAMF__N400__seed1107: running... ok in 64.5s  (misses=0.355, cost=€147.0829)
[90/180] LAMF__N400__seed1207: running... ok in 63.9s  (misses=0.3475, cost=€145.0366)
[91/180] LAMF__N500__seed7: running... ok in 75.1s  (misses=0.392, cost=€146.7898)
[92/180] LAMF__N500__seed107: running... ok in 76.0s  (misses=0.404, cost=€164.0379)
[93/180] LAMF__N500__seed207: running... ok in 76.3s  (misses=0.384, cost=€153.7275)
[94/180] LAMF__N500__seed1007: running... ok in 76.9s  (misses=0.386, cost=€147.0961)
[95/180] LAMF__N500__seed1107: running... ok in 76.6s  (misses=0.372, cost=€144.8322)
[96/180] LAMF__N500__seed1207: running... ok in 75.6s  (misses=0.386, cost=€157.098)
[97/180] LAMF__N600__seed7: running... ok in 87.9s  (misses=0.4233, cost=€145.4987)
[98/180] LAMF__N600__seed107: running... ok in 88.9s  (misses=0.4217, cost=€145.5553)
[99/180] LAMF__N600__seed207: running... ok in 88.3s  (misses=0.4233, cost=€152.3093)
[100/180] LAMF__N600__seed1007: running... ok in 88.3s  (misses=0.42, cost=€146.8733)
[101/180] LAMF__N600__seed1107: running... ok in 88.7s  (misses=0.42, cost=€148.5146)
[102/180] LAMF__N600__seed1207: running... ok in 87.5s  (misses=0.4283, cost=€156.4139)
[103/180] LAMF__N700__seed7: running... ok in 98.5s  (misses=0.4629, cost=€143.4032)
[104/180] LAMF__N700__seed107: running... ok in 97.7s  (misses=0.4729, cost=€138.7728)
[105/180] LAMF__N700__seed207: running... ok in 98.1s  (misses=0.4629, cost=€133.4904)
[106/180] LAMF__N700__seed1007: running... ok in 98.8s  (misses=0.4629, cost=€133.4904)
[107/180] LAMF__N700__seed1107: running... ok in 100.1s  (misses=0.4629, cost=€137.4023)
[108/180] LAMF__N700__seed1207: running... ok in 99.1s  (misses=0.4629, cost=€139.3512)
[109/180] EDF-LAMF__N200__seed7: running... ok in 40.5s  (misses=0.125, cost=€145.0023)
[110/180] EDF-LAMF__N200__seed107: running... ok in 39.5s  (misses=0.135, cost=€114.3752)
[111/180] EDF-LAMF__N200__seed207: running... ok in 40.7s  (misses=0.105, cost=€147.1564)
[112/180] EDF-LAMF__N200__seed1007: running... ok in 40.4s  (misses=0.13, cost=€132.7552)
[113/180] EDF-LAMF__N200__seed1107: running... ok in 41.3s  (misses=0.1, cost=€142.8344)
[114/180] EDF-LAMF__N200__seed1207: running... ok in 39.6s  (misses=0.14, cost=€122.813)
[115/180] EDF-LAMF__N300__seed7: running... ok in 59.5s  (misses=0.1333, cost=€123.1367)
[116/180] EDF-LAMF__N300__seed107: running... ok in 59.2s  (misses=0.1167, cost=€127.236)
[117/180] EDF-LAMF__N300__seed207: running... ok in 58.7s  (misses=0.1133, cost=€117.6427)
[118/180] EDF-LAMF__N300__seed1007: running... ok in 58.6s  (misses=0.1333, cost=€117.059)
[119/180] EDF-LAMF__N300__seed1107: running... ok in 58.9s  (misses=0.15, cost=€119.583)
[120/180] EDF-LAMF__N300__seed1207: running... ok in 59.4s  (misses=0.1333, cost=€115.493)
[121/180] EDF-LAMF__N400__seed7: running... ok in 79.6s  (misses=0.1325, cost=€116.895)
[122/180] EDF-LAMF__N400__seed107: running... ok in 79.1s  (misses=0.13, cost=€116.5691)
[123/180] EDF-LAMF__N400__seed207: running... ok in 78.9s  (misses=0.1225, cost=€108.7271)
[124/180] EDF-LAMF__N400__seed1007: running... ok in 78.0s  (misses=0.1375, cost=€116.5745)
[125/180] EDF-LAMF__N400__seed1107: running... ok in 79.1s  (misses=0.135, cost=€116.4667)
[126/180] EDF-LAMF__N400__seed1207: running... ok in 79.3s  (misses=0.135, cost=€120.9029)
[127/180] EDF-LAMF__N500__seed7: running... ok in 98.6s  (misses=0.136, cost=€111.6193)
[128/180] EDF-LAMF__N500__seed107: running... ok in 98.8s  (misses=0.136, cost=€109.4974)
[129/180] EDF-LAMF__N500__seed207: running... ok in 98.4s  (misses=0.118, cost=€114.2873)
[130/180] EDF-LAMF__N500__seed1007: running... ok in 97.8s  (misses=0.13, cost=€110.4166)
[131/180] EDF-LAMF__N500__seed1107: running... ok in 97.9s  (misses=0.142, cost=€110.7353)
[132/180] EDF-LAMF__N500__seed1207: running... ok in 98.6s  (misses=0.126, cost=€115.7685)
[133/180] EDF-LAMF__N600__seed7: running... ok in 112.5s  (misses=0.21, cost=€107.8898)
[134/180] EDF-LAMF__N600__seed107: running... ok in 111.8s  (misses=0.2067, cost=€106.2585)
[135/180] EDF-LAMF__N600__seed207: running... ok in 112.8s  (misses=0.2067, cost=€106.1819)
[136/180] EDF-LAMF__N600__seed1007: running... ok in 112.2s  (misses=0.1933, cost=€100.6787)
[137/180] EDF-LAMF__N600__seed1107: running... ok in 112.5s  (misses=0.2033, cost=€111.6486)
[138/180] EDF-LAMF__N600__seed1207: running... ok in 113.3s  (misses=0.1983, cost=€111.1649)
[139/180] EDF-LAMF__N700__seed7: running... ok in 120.0s  (misses=0.3229, cost=€96.6301)
[140/180] EDF-LAMF__N700__seed107: running... ok in 120.2s  (misses=0.3243, cost=€98.9759)
[141/180] EDF-LAMF__N700__seed207: running... ok in 123.4s  (misses=0.3229, cost=€105.6129)
[142/180] EDF-LAMF__N700__seed1007: running... ok in 122.1s  (misses=0.2929, cost=€99.8394)
[143/180] EDF-LAMF__N700__seed1107: running... ok in 121.3s  (misses=0.3214, cost=€97.4497)
[144/180] EDF-LAMF__N700__seed1207: running... ok in 121.2s  (misses=0.3229, cost=€100.5471)
[145/180] EDF-HSM__N200__seed7: running... ok in 40.3s  (misses=0.14, cost=€139.3774)
[146/180] EDF-HSM__N200__seed107: running... ok in 39.7s  (misses=0.135, cost=€114.3752)
[147/180] EDF-HSM__N200__seed207: running... ok in 40.8s  (misses=0.12, cost=€125.5427)
[148/180] EDF-HSM__N200__seed1007: running... ok in 40.6s  (misses=0.13, cost=€132.7552)
[149/180] EDF-HSM__N200__seed1107: running... ok in 41.2s  (misses=0.105, cost=€141.0178)
[150/180] EDF-HSM__N200__seed1207: running... ok in 40.9s  (misses=0.125, cost=€120.9938)
[151/180] EDF-HSM__N300__seed7: running... ok in 59.2s  (misses=0.1233, cost=€117.7909)
[152/180] EDF-HSM__N300__seed107: running... ok in 59.5s  (misses=0.1167, cost=€127.236)
[153/180] EDF-HSM__N300__seed207: running... ok in 58.9s  (misses=0.1133, cost=€117.6427)
[154/180] EDF-HSM__N300__seed1007: running... ok in 58.5s  (misses=0.1533, cost=€111.9349)
[155/180] EDF-HSM__N300__seed1107: running... ok in 59.0s  (misses=0.1367, cost=€108.8686)
[156/180] EDF-HSM__N300__seed1207: running... ok in 58.6s  (misses=0.1333, cost=€115.493)
[157/180] EDF-HSM__N400__seed7: running... ok in 79.3s  (misses=0.1325, cost=€116.895)
[158/180] EDF-HSM__N400__seed107: running... ok in 79.0s  (misses=0.14, cost=€118.4034)
[159/180] EDF-HSM__N400__seed207: running... ok in 80.1s  (misses=0.1225, cost=€108.7271)
[160/180] EDF-HSM__N400__seed1007: running... ok in 78.9s  (misses=0.1375, cost=€116.5745)
[161/180] EDF-HSM__N400__seed1107: running... ok in 78.2s  (misses=0.135, cost=€116.4667)
[162/180] EDF-HSM__N400__seed1207: running... ok in 78.9s  (misses=0.13, cost=€118.2191)
[163/180] EDF-HSM__N500__seed7: running... ok in 99.1s  (misses=0.136, cost=€111.6193)
[164/180] EDF-HSM__N500__seed107: running... ok in 98.9s  (misses=0.136, cost=€109.4974)
[165/180] EDF-HSM__N500__seed207: running... ok in 98.3s  (misses=0.132, cost=€107.3039)
[166/180] EDF-HSM__N500__seed1007: running... ok in 97.3s  (misses=0.146, cost=€117.1433)
[167/180] EDF-HSM__N500__seed1107: running... ok in 99.1s  (misses=0.142, cost=€110.7353)
[168/180] EDF-HSM__N500__seed1207: running... ok in 97.0s  (misses=0.126, cost=€115.7685)
[169/180] EDF-HSM__N600__seed7: running... ok in 112.6s  (misses=0.21, cost=€107.8898)
[170/180] EDF-HSM__N600__seed107: running... ok in 113.5s  (misses=0.2067, cost=€106.2585)
[171/180] EDF-HSM__N600__seed207: running... ok in 111.3s  (misses=0.2067, cost=€106.1819)
[172/180] EDF-HSM__N600__seed1007: running... ok in 113.6s  (misses=0.1933, cost=€100.6787)
[173/180] EDF-HSM__N600__seed1107: running... ok in 113.8s  (misses=0.2033, cost=€111.6486)
[174/180] EDF-HSM__N600__seed1207: running... ok in 112.2s  (misses=0.1983, cost=€111.1649)
[175/180] EDF-HSM__N700__seed7: running... ok in 120.2s  (misses=0.3229, cost=€96.6301)
[176/180] EDF-HSM__N700__seed107: running... ok in 122.2s  (misses=0.3243, cost=€98.9759)
[177/180] EDF-HSM__N700__seed207: running... ok in 123.0s  (misses=0.3229, cost=€105.6129)
[178/180] EDF-HSM__N700__seed1007: running... ok in 123.1s  (misses=0.2929, cost=€99.8394)
[179/180] EDF-HSM__N700__seed1107: running... ok in 122.0s  (misses=0.3214, cost=€97.4497)
[180/180] EDF-HSM__N700__seed1207: running... ok in 120.4s  (misses=0.3229, cost=€100.5471)
wrote /Users/srishtidasgupta/PhD/PhD/PhD_Codebase/Vortex-mid/Vortex-moldable-sched/license_results/la_results_per_run.json (180 cells)
