+ source /home/ubuntu/rayenv/bin/activate
++ deactivate nondestructive
++ '[' -n '' ']'
++ '[' -n '' ']'
++ '[' -n /bin/bash -o -n '' ']'
++ hash -r
++ '[' -n '' ']'
++ unset VIRTUAL_ENV
++ unset VIRTUAL_ENV_PROMPT
++ '[' '!' nondestructive = nondestructive ']'
++ VIRTUAL_ENV=/home/ubuntu/rayenv
++ export VIRTUAL_ENV
++ _OLD_VIRTUAL_PATH=/opt/slurm/bin:/home/ubuntu/rayenv/bin:/usr/local/sbin:/usr/local/bin:/usr/sbin:/usr/bin:/sbin:/bin:/usr/games:/usr/local/games:/snap/bin
++ PATH=/home/ubuntu/rayenv/bin:/opt/slurm/bin:/home/ubuntu/rayenv/bin:/usr/local/sbin:/usr/local/bin:/usr/sbin:/usr/bin:/sbin:/bin:/usr/games:/usr/local/games:/snap/bin
++ export PATH
++ '[' -n '' ']'
++ '[' -z '' ']'
++ _OLD_VIRTUAL_PS1=
++ PS1='(rayenv) '
++ export PS1
++ VIRTUAL_ENV_PROMPT='(rayenv) '
++ export VIRTUAL_ENV_PROMPT
++ '[' -n /bin/bash -o -n '' ']'
++ hash -r
+ module load libfabric-aws/1.22.0amzn5.0
/var/spool/slurmd/job00094/slurm_script: line 16: module: command not found
+ true
++ scontrol show hostnames gpu-compute-st-g4dn-nodes-4
+ nodes=gpu-compute-st-g4dn-nodes-4
++ echo gpu-compute-st-g4dn-nodes-4
++ head -n1
+ head_node=gpu-compute-st-g4dn-nodes-4
++ srun -N1 -n1 -w gpu-compute-st-g4dn-nodes-4 hostname -I
++ awk '{print $1}'
+ head_ip=172.31.15.160
+ port=7190
+ echo '[INFO] Cluster nodes: gpu-compute-st-g4dn-nodes-4'
+ echo '[INFO] Head Node: gpu-compute-st-g4dn-nodes-4 (172.31.15.160)'
+ echo '[INFO] Using RAY_ADDRESS=172.31.15.160:7190'
+ trap cleanup EXIT
+ for node in $nodes
+ srun --overlap -N1 -n1 -w gpu-compute-st-g4dn-nodes-4 bash -c 'source ~/rayenv/bin/activate && ray stop'
+ echo '[INFO] Waiting for Ray head GCS on 172.31.15.160:7190 ...'
+ srun --overlap -N1 -n1 -w gpu-compute-st-g4dn-nodes-4 bash -c 'source ~/rayenv/bin/activate && ray start --head --node-ip-address=172.31.15.160 --port=7190 --block'
++ seq 1 12
+ for attempt in $(seq 1 12)
+ python3 -c 'import socket; s=socket.socket(); s.settimeout(2); s.connect(('\''172.31.15.160'\'',7190)); s.close(); print('\''READY'\'')'
+ grep -q READY
+ '[' 1 -eq 12 ']'
+ echo '[INFO] GCS not ready yet (attempt 1/12), waiting 5s...'
+ sleep 5
+ for attempt in $(seq 1 12)
+ python3 -c 'import socket; s=socket.socket(); s.settimeout(2); s.connect(('\''172.31.15.160'\'',7190)); s.close(); print('\''READY'\'')'
+ grep -q READY
+ echo '[INFO] Ray head GCS ready after 10s'
+ break
++ echo gpu-compute-st-g4dn-nodes-4
++ tail -n +2
+ echo '[INFO] Waiting 15s for Ray workers to join ...'
+ sleep 15
+ echo '[INFO] Running HPO pipeline on head ....'
+ srun --overlap -N1 -n1 -w gpu-compute-st-g4dn-nodes-4 bash -lc '
export RAY_ADDRESS='\''172.31.15.160:7190'\''
echo '\''{"learning_rate": 0.0566, "momentum": 0.94, "next_trials": 3, "epochs": 18}'\''       | python3 /fsx/Vortex-mid/Vortex-moldable-sched/fsx/hyperparameter_test/hpo_pipeline_verbose.py --hosts 1 '
2026-05-08 14:59:23,321	INFO worker.py:1672 -- Using address 172.31.15.160:7190 set in the environment variable RAY_ADDRESS
2026-05-08 14:59:23,325	INFO worker.py:1814 -- Connecting to existing Ray cluster at address: 172.31.15.160:7190...
2026-05-08 14:59:23,350	INFO worker.py:2003 -- Connected to Ray cluster. View the dashboard at [1m[32m127.0.0.1:8265 [39m[22m
/home/ubuntu/rayenv/lib/python3.10/site-packages/ray/_private/worker.py:2051: FutureWarning: Tip: In future versions of Ray, Ray will no longer override accelerator visible devices env var if num_gpus=0 or num_gpus=None (default). To enable this behavior and turn off this error message, set RAY_ACCEL_ENV_VAR_OVERRIDE_ON_ZERO=0
  warnings.warn(
2026-05-08 14:59:24,168	INFO registry.py:112 -- Detected unknown callable for trainable. Converting to class.
[36m(TrainController pid=5556)[0m Requesting resources: {'GPU': 1} * 1
[36m(TrainController pid=5556)[0m Attempting to start training worker group of size 1 with the following resources: [{'GPU': 1}] * 1
[36m(RayTrainWorker pid=5657)[0m Setting up process group for: env:// [rank=0, world_size=1]
[36m(TrainController pid=5556)[0m Started training worker group of size 1: 
[36m(TrainController pid=5556)[0m - (ip=172.31.15.160, pid=5657) world_rank=0, local_rank=0, node_rank=0
[36m(RayTrainWorker pid=5657)[0m 
[36m(RayTrainWorker pid=5657)[0m ================ WORKER DEVICE DEBUG ================
[36m(RayTrainWorker pid=5657)[0m CUDA_VISIBLE_DEVICES = 0
[36m(RayTrainWorker pid=5657)[0m torch.cuda.is_available() = True
[36m(RayTrainWorker pid=5657)[0m torch.cuda.device_count() = 1
[36m(RayTrainWorker pid=5657)[0m current device index = 0
[36m(RayTrainWorker pid=5657)[0m device name = Tesla T4
[36m(RayTrainWorker pid=5657)[0m =====================================================
[36m(RayTrainWorker pid=5657)[0m 
[36m(RayTrainWorker pid=5657)[0m 🔍 TRAINING WITH MODEL: resnext50_32x4d
[36m(RayTrainWorker pid=5657)[0m 🔍 FULL CONFIG: epochs=12, lr=0.06162554877200206, batch_size=64, image_size=64
[36m(RayTrainWorker pid=5657)[0m Moving model to device: cuda:0
[36m(RayTrainWorker pid=5657)[0m Reporting training result 1: TrainingReport(checkpoint=None, metrics={'epoch': 1, 'accuracy': 0.4191, 'best_accuracy': 0.4191, 'avg_epoch_time_s': 25.194267020000098}, validation=False)
[36m(RayTrainWorker pid=5657)[0m Reporting training result 2: TrainingReport(checkpoint=None, metrics={'epoch': 2, 'accuracy': 0.4597, 'best_accuracy': 0.4597, 'avg_epoch_time_s': 24.686864754999988}, validation=False)
[36m(RayTrainWorker pid=5657)[0m Reporting training result 3: TrainingReport(checkpoint=None, metrics={'epoch': 3, 'accuracy': 0.459, 'best_accuracy': 0.4597, 'avg_epoch_time_s': 24.62904448800009}, validation=False)
[36m(RayTrainWorker pid=5657)[0m Reporting training result 4: TrainingReport(checkpoint=None, metrics={'epoch': 4, 'accuracy': 0.4693, 'best_accuracy': 0.4693, 'avg_epoch_time_s': 24.5771236490001}, validation=False)
[36m(RayTrainWorker pid=5657)[0m Reporting training result 5: TrainingReport(checkpoint=None, metrics={'epoch': 5, 'accuracy': 0.521, 'best_accuracy': 0.521, 'avg_epoch_time_s': 24.537421595200065}, validation=False)
[36m(RayTrainWorker pid=5657)[0m Reporting training result 6: TrainingReport(checkpoint=None, metrics={'epoch': 6, 'accuracy': 0.4905, 'best_accuracy': 0.521, 'avg_epoch_time_s': 24.494524298500057}, validation=False)
[36m(RayTrainWorker pid=5657)[0m Reporting training result 7: TrainingReport(checkpoint=None, metrics={'epoch': 7, 'accuracy': 0.5082, 'best_accuracy': 0.521, 'avg_epoch_time_s': 24.50229088785714}, validation=False)
[36m(RayTrainWorker pid=5657)[0m Reporting training result 8: TrainingReport(checkpoint=None, metrics={'epoch': 8, 'accuracy': 0.5073, 'best_accuracy': 0.521, 'avg_epoch_time_s': 24.511869449250014}, validation=False)
[36m(RayTrainWorker pid=5657)[0m Reporting training result 9: TrainingReport(checkpoint=None, metrics={'epoch': 9, 'accuracy': 0.4198, 'best_accuracy': 0.521, 'avg_epoch_time_s': 24.510305768888884}, validation=False)
[36m(RayTrainWorker pid=5657)[0m Reporting training result 10: TrainingReport(checkpoint=None, metrics={'epoch': 10, 'accuracy': 0.4863, 'best_accuracy': 0.521, 'avg_epoch_time_s': 24.487625201400032}, validation=False)
[36m(RayTrainWorker pid=5657)[0m Reporting training result 11: TrainingReport(checkpoint=None, metrics={'epoch': 11, 'accuracy': 0.4662, 'best_accuracy': 0.521, 'avg_epoch_time_s': 24.500941011272722}, validation=False)
[36m(RayTrainWorker pid=5657)[0m Reporting training result 12: TrainingReport(checkpoint=None, metrics={'epoch': 12, 'accuracy': 0.4689, 'best_accuracy': 0.521, 'avg_epoch_time_s': 24.47690645725}, validation=False)
[36m(TrainController pid=6920)[0m Requesting resources: {'GPU': 1} * 1
[36m(TrainController pid=6920)[0m Attempting to start training worker group of size 1 with the following resources: [{'GPU': 1}] * 1
[36m(RayTrainWorker pid=6962)[0m Setting up process group for: env:// [rank=0, world_size=1]
[36m(TrainController pid=6920)[0m Started training worker group of size 1: 
[36m(TrainController pid=6920)[0m - (ip=172.31.15.160, pid=6962) world_rank=0, local_rank=0, node_rank=0
[36m(RayTrainWorker pid=6962)[0m 
[36m(RayTrainWorker pid=6962)[0m ================ WORKER DEVICE DEBUG ================
[36m(RayTrainWorker pid=6962)[0m CUDA_VISIBLE_DEVICES = 0
[36m(RayTrainWorker pid=6962)[0m torch.cuda.is_available() = True
[36m(RayTrainWorker pid=6962)[0m torch.cuda.device_count() = 1
[36m(RayTrainWorker pid=6962)[0m current device index = 0
[36m(RayTrainWorker pid=6962)[0m device name = Tesla T4
[36m(RayTrainWorker pid=6962)[0m =====================================================
[36m(RayTrainWorker pid=6962)[0m 
[36m(RayTrainWorker pid=6962)[0m 🔍 TRAINING WITH MODEL: resnext50_32x4d
[36m(RayTrainWorker pid=6962)[0m 🔍 FULL CONFIG: epochs=12, lr=0.022051736191515754, batch_size=64, image_size=64
[36m(RayTrainWorker pid=6962)[0m Moving model to device: cuda:0
[36m(RayTrainWorker pid=6962)[0m Reporting training result 1: TrainingReport(checkpoint=None, metrics={'epoch': 1, 'accuracy': 0.4818, 'best_accuracy': 0.4818, 'avg_epoch_time_s': 25.037203770999895}, validation=False)
[36m(RayTrainWorker pid=6962)[0m Reporting training result 2: TrainingReport(checkpoint=None, metrics={'epoch': 2, 'accuracy': 0.4861, 'best_accuracy': 0.4861, 'avg_epoch_time_s': 24.594124368499934}, validation=False)
[36m(RayTrainWorker pid=6962)[0m Reporting training result 3: TrainingReport(checkpoint=None, metrics={'epoch': 3, 'accuracy': 0.4809, 'best_accuracy': 0.4861, 'avg_epoch_time_s': 24.42699246033332}, validation=False)
[36m(RayTrainWorker pid=6962)[0m Reporting training result 4: TrainingReport(checkpoint=None, metrics={'epoch': 4, 'accuracy': 0.4931, 'best_accuracy': 0.4931, 'avg_epoch_time_s': 24.467896597500044}, validation=False)
[36m(RayTrainWorker pid=6962)[0m Reporting training result 5: TrainingReport(checkpoint=None, metrics={'epoch': 5, 'accuracy': 0.4812, 'best_accuracy': 0.4931, 'avg_epoch_time_s': 24.53970762680001}, validation=False)
[36m(RayTrainWorker pid=6962)[0m Reporting training result 6: TrainingReport(checkpoint=None, metrics={'epoch': 6, 'accuracy': 0.4697, 'best_accuracy': 0.4931, 'avg_epoch_time_s': 24.44923833183331}, validation=False)
[36m(RayTrainWorker pid=6962)[0m Reporting training result 7: TrainingReport(checkpoint=None, metrics={'epoch': 7, 'accuracy': 0.4949, 'best_accuracy': 0.4949, 'avg_epoch_time_s': 24.456606757285694}, validation=False)
[36m(RayTrainWorker pid=6962)[0m Reporting training result 8: TrainingReport(checkpoint=None, metrics={'epoch': 8, 'accuracy': 0.4871, 'best_accuracy': 0.4949, 'avg_epoch_time_s': 24.453639808374987}, validation=False)
[36m(RayTrainWorker pid=6962)[0m Reporting training result 9: TrainingReport(checkpoint=None, metrics={'epoch': 9, 'accuracy': 0.4838, 'best_accuracy': 0.4949, 'avg_epoch_time_s': 24.458030947111133}, validation=False)
[36m(RayTrainWorker pid=6962)[0m Reporting training result 10: TrainingReport(checkpoint=None, metrics={'epoch': 10, 'accuracy': 0.5038, 'best_accuracy': 0.5038, 'avg_epoch_time_s': 24.42456892330001}, validation=False)
[36m(RayTrainWorker pid=6962)[0m Reporting training result 11: TrainingReport(checkpoint=None, metrics={'epoch': 11, 'accuracy': 0.4748, 'best_accuracy': 0.5038, 'avg_epoch_time_s': 24.434038287363652}, validation=False)
[36m(RayTrainWorker pid=6962)[0m Reporting training result 12: TrainingReport(checkpoint=None, metrics={'epoch': 12, 'accuracy': 0.4989, 'best_accuracy': 0.5038, 'avg_epoch_time_s': 24.420018138999996}, validation=False)
[36m(TrainController pid=8220)[0m Requesting resources: {'GPU': 1} * 1
[36m(TrainController pid=8220)[0m Attempting to start training worker group of size 1 with the following resources: [{'GPU': 1}] * 1
[36m(RayTrainWorker pid=8265)[0m Setting up process group for: env:// [rank=0, world_size=1]
[36m(TrainController pid=8220)[0m Started training worker group of size 1: 
[36m(TrainController pid=8220)[0m - (ip=172.31.15.160, pid=8265) world_rank=0, local_rank=0, node_rank=0
[36m(RayTrainWorker pid=8265)[0m 
[36m(RayTrainWorker pid=8265)[0m ================ WORKER DEVICE DEBUG ================
[36m(RayTrainWorker pid=8265)[0m CUDA_VISIBLE_DEVICES = 0
[36m(RayTrainWorker pid=8265)[0m torch.cuda.is_available() = True
[36m(RayTrainWorker pid=8265)[0m torch.cuda.device_count() = 1
[36m(RayTrainWorker pid=8265)[0m current device index = 0
[36m(RayTrainWorker pid=8265)[0m device name = Tesla T4
[36m(RayTrainWorker pid=8265)[0m =====================================================
[36m(RayTrainWorker pid=8265)[0m 
[36m(RayTrainWorker pid=8265)[0m 🔍 TRAINING WITH MODEL: resnext50_32x4d
[36m(RayTrainWorker pid=8265)[0m 🔍 FULL CONFIG: epochs=12, lr=0.032085473237338576, batch_size=64, image_size=64
[36m(RayTrainWorker pid=8265)[0m Moving model to device: cuda:0
[36m(RayTrainWorker pid=8265)[0m Reporting training result 1: TrainingReport(checkpoint=None, metrics={'epoch': 1, 'accuracy': 0.4595, 'best_accuracy': 0.4595, 'avg_epoch_time_s': 25.013293201000124}, validation=False)
[36m(RayTrainWorker pid=8265)[0m Reporting training result 2: TrainingReport(checkpoint=None, metrics={'epoch': 2, 'accuracy': 0.4159, 'best_accuracy': 0.4595, 'avg_epoch_time_s': 24.67815056050017}, validation=False)
[36m(RayTrainWorker pid=8265)[0m Reporting training result 3: TrainingReport(checkpoint=None, metrics={'epoch': 3, 'accuracy': 0.4879, 'best_accuracy': 0.4879, 'avg_epoch_time_s': 24.621966433666785}, validation=False)
[36m(RayTrainWorker pid=8265)[0m Reporting training result 4: TrainingReport(checkpoint=None, metrics={'epoch': 4, 'accuracy': 0.4975, 'best_accuracy': 0.4975, 'avg_epoch_time_s': 24.60572310200007}, validation=False)
[36m(RayTrainWorker pid=8265)[0m Reporting training result 5: TrainingReport(checkpoint=None, metrics={'epoch': 5, 'accuracy': 0.4642, 'best_accuracy': 0.4975, 'avg_epoch_time_s': 24.56765505580006}, validation=False)
[36m(RayTrainWorker pid=8265)[0m Reporting training result 6: TrainingReport(checkpoint=None, metrics={'epoch': 6, 'accuracy': 0.5202, 'best_accuracy': 0.5202, 'avg_epoch_time_s': 24.523895043500033}, validation=False)
[36m(RayTrainWorker pid=8265)[0m Reporting training result 7: TrainingReport(checkpoint=None, metrics={'epoch': 7, 'accuracy': 0.5069, 'best_accuracy': 0.5202, 'avg_epoch_time_s': 24.49628286285718}, validation=False)
[36m(RayTrainWorker pid=8265)[0m Reporting training result 8: TrainingReport(checkpoint=None, metrics={'epoch': 8, 'accuracy': 0.4941, 'best_accuracy': 0.5202, 'avg_epoch_time_s': 24.469145358125047}, validation=False)
[36m(RayTrainWorker pid=8265)[0m Reporting training result 9: TrainingReport(checkpoint=None, metrics={'epoch': 9, 'accuracy': 0.501, 'best_accuracy': 0.5202, 'avg_epoch_time_s': 24.469956337222257}, validation=False)
[36m(RayTrainWorker pid=8265)[0m Reporting training result 10: TrainingReport(checkpoint=None, metrics={'epoch': 10, 'accuracy': 0.4513, 'best_accuracy': 0.5202, 'avg_epoch_time_s': 24.433551098399995}, validation=False)
[36m(RayTrainWorker pid=8265)[0m Reporting training result 11: TrainingReport(checkpoint=None, metrics={'epoch': 11, 'accuracy': 0.4198, 'best_accuracy': 0.5202, 'avg_epoch_time_s': 24.433015262454568}, validation=False)
[36m(RayTrainWorker pid=8265)[0m Reporting training result 12: TrainingReport(checkpoint=None, metrics={'epoch': 12, 'accuracy': 0.4812, 'best_accuracy': 0.5202, 'avg_epoch_time_s': 24.420369571249996}, validation=False)
2026-05-08 15:15:11,858	INFO tune.py:1001 -- Wrote the latest version of all result files and experiment state to '/fsx/ray_results/pytorch_hpo_phase1' in 0.0443s.
+ echo '[INFO] Shutting down Ray Cluster ..........'
+ srun --label bash -c 'ray stop'
+ echo '[INFO] HPO Completed!'
+ cleanup
+ echo '[INFO] Cleaning up Ray on all nodes...'
+ for node in $nodes
+ srun --overlap -N1 -n1 -w gpu-compute-st-g4dn-nodes-4 bash -c 'source ~/rayenv/bin/activate && ray stop'
