+ source /home/ubuntu/rayenv/bin/activate
++ deactivate nondestructive
++ '[' -n '' ']'
++ '[' -n '' ']'
++ '[' -n /bin/bash -o -n '' ']'
++ hash -r
++ '[' -n '' ']'
++ unset VIRTUAL_ENV
++ unset VIRTUAL_ENV_PROMPT
++ '[' '!' nondestructive = nondestructive ']'
++ VIRTUAL_ENV=/home/ubuntu/rayenv
++ export VIRTUAL_ENV
++ _OLD_VIRTUAL_PATH=/home/ubuntu/rayenv/bin:/opt/slurm/bin:/usr/local/sbin:/usr/local/bin:/usr/sbin:/usr/bin:/sbin:/bin:/usr/games:/usr/local/games:/snap/bin
++ PATH=/home/ubuntu/rayenv/bin:/home/ubuntu/rayenv/bin:/opt/slurm/bin:/usr/local/sbin:/usr/local/bin:/usr/sbin:/usr/bin:/sbin:/bin:/usr/games:/usr/local/games:/snap/bin
++ export PATH
++ '[' -n '' ']'
++ '[' -z '' ']'
++ _OLD_VIRTUAL_PS1=
++ PS1='(rayenv) '
++ export PS1
++ VIRTUAL_ENV_PROMPT='(rayenv) '
++ export VIRTUAL_ENV_PROMPT
++ '[' -n /bin/bash -o -n '' ']'
++ hash -r
+ module load libfabric-aws/1.22.0amzn5.0
/var/spool/slurmd/job00070/slurm_script: line 16: module: command not found
+ true
++ scontrol show hostnames gpu-compute-st-g4dn-nodes-3
+ nodes=gpu-compute-st-g4dn-nodes-3
++ echo gpu-compute-st-g4dn-nodes-3
++ head -n1
+ head_node=gpu-compute-st-g4dn-nodes-3
++ srun -N1 -n1 -w gpu-compute-st-g4dn-nodes-3 hostname -I
++ awk '{print $1}'
+ head_ip=172.31.9.148
+ port=7166
+ echo '[INFO] Cluster nodes: gpu-compute-st-g4dn-nodes-3'
+ echo '[INFO] Head Node: gpu-compute-st-g4dn-nodes-3 (172.31.9.148)'
+ echo '[INFO] Using RAY_ADDRESS=172.31.9.148:7166'
+ trap cleanup EXIT
+ for node in $nodes
+ srun --overlap -N1 -n1 -w gpu-compute-st-g4dn-nodes-3 bash -c 'source ~/rayenv/bin/activate && ray stop'
+ echo '[INFO] Waiting for Ray head GCS on 172.31.9.148:7166 ...'
+ srun --overlap -N1 -n1 -w gpu-compute-st-g4dn-nodes-3 bash -c 'source ~/rayenv/bin/activate && ray start --head --node-ip-address=172.31.9.148 --port=7166 --block'
++ seq 1 12
+ for attempt in $(seq 1 12)
+ python3 -c 'import socket; s=socket.socket(); s.settimeout(2); s.connect(('\''172.31.9.148'\'',7166)); s.close(); print('\''READY'\'')'
+ grep -q READY
+ '[' 1 -eq 12 ']'
+ echo '[INFO] GCS not ready yet (attempt 1/12), waiting 5s...'
+ sleep 5
+ for attempt in $(seq 1 12)
+ grep -q READY
+ python3 -c 'import socket; s=socket.socket(); s.settimeout(2); s.connect(('\''172.31.9.148'\'',7166)); s.close(); print('\''READY'\'')'
+ echo '[INFO] Ray head GCS ready after 10s'
+ break
++ tail -n +2
++ echo gpu-compute-st-g4dn-nodes-3
+ echo '[INFO] Waiting 15s for Ray workers to join ...'
+ sleep 15
+ echo '[INFO] Running HPO pipeline on head ....'
+ srun --overlap -N1 -n1 -w gpu-compute-st-g4dn-nodes-3 bash -lc '
export RAY_ADDRESS='\''172.31.9.148:7166'\''
echo '\''{"learning_rate": 0.068, "momentum": 0.97, "next_trials": 2, "epochs": 24}'\''       | python3 /fsx/Vortex-mid/Vortex-moldable-sched/fsx/hyperparameter_test/hpo_pipeline_verbose.py --hosts 1 '
2026-05-05 11:26:50,244	INFO worker.py:1672 -- Using address 172.31.9.148:7166 set in the environment variable RAY_ADDRESS
2026-05-05 11:26:50,247	INFO worker.py:1814 -- Connecting to existing Ray cluster at address: 172.31.9.148:7166...
2026-05-05 11:26:50,271	INFO worker.py:2003 -- Connected to Ray cluster. View the dashboard at [1m[32m127.0.0.1:8265 [39m[22m
/home/ubuntu/rayenv/lib/python3.10/site-packages/ray/_private/worker.py:2051: FutureWarning: Tip: In future versions of Ray, Ray will no longer override accelerator visible devices env var if num_gpus=0 or num_gpus=None (default). To enable this behavior and turn off this error message, set RAY_ACCEL_ENV_VAR_OVERRIDE_ON_ZERO=0
  warnings.warn(
2026-05-05 11:26:51,003	INFO registry.py:112 -- Detected unknown callable for trainable. Converting to class.
[36m(TrainController pid=27998)[0m Requesting resources: {'GPU': 1} * 1
[36m(TrainController pid=27998)[0m Attempting to start training worker group of size 1 with the following resources: [{'GPU': 1}] * 1
[36m(RayTrainWorker pid=28089)[0m Setting up process group for: env:// [rank=0, world_size=1]
[36m(TrainController pid=27998)[0m Started training worker group of size 1: 
[36m(TrainController pid=27998)[0m - (ip=172.31.9.148, pid=28089) world_rank=0, local_rank=0, node_rank=0
[36m(RayTrainWorker pid=28089)[0m 
[36m(RayTrainWorker pid=28089)[0m ================ WORKER DEVICE DEBUG ================
[36m(RayTrainWorker pid=28089)[0m CUDA_VISIBLE_DEVICES = 0
[36m(RayTrainWorker pid=28089)[0m torch.cuda.is_available() = True
[36m(RayTrainWorker pid=28089)[0m torch.cuda.device_count() = 1
[36m(RayTrainWorker pid=28089)[0m current device index = 0
[36m(RayTrainWorker pid=28089)[0m device name = Tesla T4
[36m(RayTrainWorker pid=28089)[0m =====================================================
[36m(RayTrainWorker pid=28089)[0m 
[36m(RayTrainWorker pid=28089)[0m 🔍 TRAINING WITH MODEL: resnext50_32x4d
[36m(RayTrainWorker pid=28089)[0m 🔍 FULL CONFIG: epochs=12, lr=0.007107193119514808, batch_size=64, image_size=64
[36m(RayTrainWorker pid=28089)[0m Moving model to device: cuda:0
[36m(RayTrainWorker pid=28089)[0m Reporting training result 1: TrainingReport(checkpoint=None, metrics={'epoch': 1, 'accuracy': 0.5245, 'best_accuracy': 0.5245, 'avg_epoch_time_s': 23.28359284600083}, validation=False)
[36m(RayTrainWorker pid=28089)[0m Reporting training result 2: TrainingReport(checkpoint=None, metrics={'epoch': 2, 'accuracy': 0.5366, 'best_accuracy': 0.5366, 'avg_epoch_time_s': 22.678672078500313}, validation=False)
[36m(RayTrainWorker pid=28089)[0m Reporting training result 3: TrainingReport(checkpoint=None, metrics={'epoch': 3, 'accuracy': 0.5423, 'best_accuracy': 0.5423, 'avg_epoch_time_s': 22.472675027333633}, validation=False)
[36m(RayTrainWorker pid=28089)[0m Reporting training result 4: TrainingReport(checkpoint=None, metrics={'epoch': 4, 'accuracy': 0.5447, 'best_accuracy': 0.5447, 'avg_epoch_time_s': 22.487443579750106}, validation=False)
[36m(RayTrainWorker pid=28089)[0m Reporting training result 5: TrainingReport(checkpoint=None, metrics={'epoch': 5, 'accuracy': 0.5378, 'best_accuracy': 0.5447, 'avg_epoch_time_s': 22.30346592999995}, validation=False)
[36m(RayTrainWorker pid=28089)[0m Reporting training result 6: TrainingReport(checkpoint=None, metrics={'epoch': 6, 'accuracy': 0.5384, 'best_accuracy': 0.5447, 'avg_epoch_time_s': 22.228481444833353}, validation=False)
[36m(RayTrainWorker pid=28089)[0m Reporting training result 7: TrainingReport(checkpoint=None, metrics={'epoch': 7, 'accuracy': 0.5433, 'best_accuracy': 0.5447, 'avg_epoch_time_s': 22.087171404571563}, validation=False)
[36m(RayTrainWorker pid=28089)[0m Reporting training result 8: TrainingReport(checkpoint=None, metrics={'epoch': 8, 'accuracy': 0.5447, 'best_accuracy': 0.5447, 'avg_epoch_time_s': 21.98813489637496}, validation=False)
[36m(RayTrainWorker pid=28089)[0m Reporting training result 9: TrainingReport(checkpoint=None, metrics={'epoch': 9, 'accuracy': 0.5567, 'best_accuracy': 0.5567, 'avg_epoch_time_s': 21.917952866444466}, validation=False)
[36m(RayTrainWorker pid=28089)[0m Reporting training result 10: TrainingReport(checkpoint=None, metrics={'epoch': 10, 'accuracy': 0.549, 'best_accuracy': 0.5567, 'avg_epoch_time_s': 21.81492011829996}, validation=False)
[36m(RayTrainWorker pid=28089)[0m Reporting training result 11: TrainingReport(checkpoint=None, metrics={'epoch': 11, 'accuracy': 0.5421, 'best_accuracy': 0.5567, 'avg_epoch_time_s': 21.78159893463635}, validation=False)
[36m(RayTrainWorker pid=28089)[0m Reporting training result 12: TrainingReport(checkpoint=None, metrics={'epoch': 12, 'accuracy': 0.5511, 'best_accuracy': 0.5567, 'avg_epoch_time_s': 21.764431567166714}, validation=False)
[36m(TrainController pid=29257)[0m Requesting resources: {'GPU': 1} * 1
[36m(TrainController pid=29257)[0m Attempting to start training worker group of size 1 with the following resources: [{'GPU': 1}] * 1
[36m(RayTrainWorker pid=29311)[0m Setting up process group for: env:// [rank=0, world_size=1]
[36m(TrainController pid=29257)[0m Started training worker group of size 1: 
[36m(TrainController pid=29257)[0m - (ip=172.31.9.148, pid=29311) world_rank=0, local_rank=0, node_rank=0
[36m(RayTrainWorker pid=29311)[0m 
[36m(RayTrainWorker pid=29311)[0m ================ WORKER DEVICE DEBUG ================
[36m(RayTrainWorker pid=29311)[0m CUDA_VISIBLE_DEVICES = 0
[36m(RayTrainWorker pid=29311)[0m torch.cuda.is_available() = True
[36m(RayTrainWorker pid=29311)[0m torch.cuda.device_count() = 1
[36m(RayTrainWorker pid=29311)[0m current device index = 0
[36m(RayTrainWorker pid=29311)[0m device name = Tesla T4
[36m(RayTrainWorker pid=29311)[0m =====================================================
[36m(RayTrainWorker pid=29311)[0m 
[36m(RayTrainWorker pid=29311)[0m 🔍 TRAINING WITH MODEL: resnext50_32x4d
[36m(RayTrainWorker pid=29311)[0m 🔍 FULL CONFIG: epochs=12, lr=0.05094839639933182, batch_size=64, image_size=64
[36m(RayTrainWorker pid=29311)[0m Moving model to device: cuda:0
[36m(RayTrainWorker pid=29311)[0m Reporting training result 1: TrainingReport(checkpoint=None, metrics={'epoch': 1, 'accuracy': 0.4699, 'best_accuracy': 0.4699, 'avg_epoch_time_s': 23.445484986001247}, validation=False)
[36m(RayTrainWorker pid=29311)[0m Reporting training result 2: TrainingReport(checkpoint=None, metrics={'epoch': 2, 'accuracy': 0.4732, 'best_accuracy': 0.4732, 'avg_epoch_time_s': 23.545064396500493}, validation=False)
[36m(RayTrainWorker pid=29311)[0m Reporting training result 3: TrainingReport(checkpoint=None, metrics={'epoch': 3, 'accuracy': 0.422, 'best_accuracy': 0.4732, 'avg_epoch_time_s': 23.597733096333588}, validation=False)
[36m(RayTrainWorker pid=29311)[0m Reporting training result 4: TrainingReport(checkpoint=None, metrics={'epoch': 4, 'accuracy': 0.4892, 'best_accuracy': 0.4892, 'avg_epoch_time_s': 23.55669488075}, validation=False)
[36m(RayTrainWorker pid=29311)[0m Reporting training result 5: TrainingReport(checkpoint=None, metrics={'epoch': 5, 'accuracy': 0.4583, 'best_accuracy': 0.4892, 'avg_epoch_time_s': 23.510865896199903}, validation=False)
[36m(RayTrainWorker pid=29311)[0m Reporting training result 6: TrainingReport(checkpoint=None, metrics={'epoch': 6, 'accuracy': 0.4619, 'best_accuracy': 0.4892, 'avg_epoch_time_s': 23.427935441833444}, validation=False)
[36m(RayTrainWorker pid=29311)[0m Reporting training result 7: TrainingReport(checkpoint=None, metrics={'epoch': 7, 'accuracy': 0.4363, 'best_accuracy': 0.4892, 'avg_epoch_time_s': 23.368208155857115}, validation=False)
[36m(RayTrainWorker pid=29311)[0m Reporting training result 8: TrainingReport(checkpoint=None, metrics={'epoch': 8, 'accuracy': 0.404, 'best_accuracy': 0.4892, 'avg_epoch_time_s': 23.315204239499963}, validation=False)
[36m(RayTrainWorker pid=29311)[0m Reporting training result 9: TrainingReport(checkpoint=None, metrics={'epoch': 9, 'accuracy': 0.4696, 'best_accuracy': 0.4892, 'avg_epoch_time_s': 23.15375655866673}, validation=False)
[36m(RayTrainWorker pid=29311)[0m Reporting training result 10: TrainingReport(checkpoint=None, metrics={'epoch': 10, 'accuracy': 0.4561, 'best_accuracy': 0.4892, 'avg_epoch_time_s': 22.99428993950005}, validation=False)
[36m(RayTrainWorker pid=29311)[0m Reporting training result 11: TrainingReport(checkpoint=None, metrics={'epoch': 11, 'accuracy': 0.4772, 'best_accuracy': 0.4892, 'avg_epoch_time_s': 22.87642731745456}, validation=False)
[36m(RayTrainWorker pid=29311)[0m Reporting training result 12: TrainingReport(checkpoint=None, metrics={'epoch': 12, 'accuracy': 0.4635, 'best_accuracy': 0.4892, 'avg_epoch_time_s': 22.759736818166704}, validation=False)
2026-05-05 11:36:27,861	INFO tune.py:1001 -- Wrote the latest version of all result files and experiment state to '/fsx/ray_results/pytorch_hpo_phase1' in 0.0335s.
+ echo '[INFO] Shutting down Ray Cluster ..........'
+ srun --label bash -c 'ray stop'
+ echo '[INFO] HPO Completed!'
+ cleanup
+ echo '[INFO] Cleaning up Ray on all nodes...'
+ for node in $nodes
+ srun --overlap -N1 -n1 -w gpu-compute-st-g4dn-nodes-3 bash -c 'source ~/rayenv/bin/activate && ray stop'
