+ source /home/ubuntu/rayenv/bin/activate
++ deactivate nondestructive
++ '[' -n '' ']'
++ '[' -n '' ']'
++ '[' -n /bin/bash -o -n '' ']'
++ hash -r
++ '[' -n '' ']'
++ unset VIRTUAL_ENV
++ unset VIRTUAL_ENV_PROMPT
++ '[' '!' nondestructive = nondestructive ']'
++ VIRTUAL_ENV=/home/ubuntu/rayenv
++ export VIRTUAL_ENV
++ _OLD_VIRTUAL_PATH=/home/ubuntu/rayenv/bin:/opt/slurm/bin:/usr/local/sbin:/usr/local/bin:/usr/sbin:/usr/bin:/sbin:/bin:/usr/games:/usr/local/games:/snap/bin
++ PATH=/home/ubuntu/rayenv/bin:/home/ubuntu/rayenv/bin:/opt/slurm/bin:/usr/local/sbin:/usr/local/bin:/usr/sbin:/usr/bin:/sbin:/bin:/usr/games:/usr/local/games:/snap/bin
++ export PATH
++ '[' -n '' ']'
++ '[' -z '' ']'
++ _OLD_VIRTUAL_PS1=
++ PS1='(rayenv) '
++ export PS1
++ VIRTUAL_ENV_PROMPT='(rayenv) '
++ export VIRTUAL_ENV_PROMPT
++ '[' -n /bin/bash -o -n '' ']'
++ hash -r
+ module load libfabric-aws/1.22.0amzn5.0
/var/spool/slurmd/job00077/slurm_script: line 16: module: command not found
+ true
++ scontrol show hostnames gpu-compute-st-g4dn-nodes-4
+ nodes=gpu-compute-st-g4dn-nodes-4
++ echo gpu-compute-st-g4dn-nodes-4
++ head -n1
+ head_node=gpu-compute-st-g4dn-nodes-4
++ srun -N1 -n1 -w gpu-compute-st-g4dn-nodes-4 hostname -I
++ awk '{print $1}'
+ head_ip=172.31.12.143
+ port=7173
+ echo '[INFO] Cluster nodes: gpu-compute-st-g4dn-nodes-4'
+ echo '[INFO] Head Node: gpu-compute-st-g4dn-nodes-4 (172.31.12.143)'
+ echo '[INFO] Using RAY_ADDRESS=172.31.12.143:7173'
+ trap cleanup EXIT
+ for node in $nodes
+ srun --overlap -N1 -n1 -w gpu-compute-st-g4dn-nodes-4 bash -c 'source ~/rayenv/bin/activate && ray stop'
+ echo '[INFO] Waiting for Ray head GCS on 172.31.12.143:7173 ...'
+ srun --overlap -N1 -n1 -w gpu-compute-st-g4dn-nodes-4 bash -c 'source ~/rayenv/bin/activate && ray start --head --node-ip-address=172.31.12.143 --port=7173 --block'
++ seq 1 12
+ for attempt in $(seq 1 12)
+ python3 -c 'import socket; s=socket.socket(); s.settimeout(2); s.connect(('\''172.31.12.143'\'',7173)); s.close(); print('\''READY'\'')'
+ grep -q READY
+ '[' 1 -eq 12 ']'
+ echo '[INFO] GCS not ready yet (attempt 1/12), waiting 5s...'
+ sleep 5
+ for attempt in $(seq 1 12)
+ python3 -c 'import socket; s=socket.socket(); s.settimeout(2); s.connect(('\''172.31.12.143'\'',7173)); s.close(); print('\''READY'\'')'
+ grep -q READY
+ echo '[INFO] Ray head GCS ready after 10s'
+ break
++ echo gpu-compute-st-g4dn-nodes-4
++ tail -n +2
+ echo '[INFO] Waiting 15s for Ray workers to join ...'
+ sleep 15
+ echo '[INFO] Running HPO pipeline on head ....'
+ srun --overlap -N1 -n1 -w gpu-compute-st-g4dn-nodes-4 bash -lc '
export RAY_ADDRESS='\''172.31.12.143:7173'\''
echo '\''{"learning_rate": 0.002262779658054947, "momentum": 0.8060263212709858, "next_trials": 4, "epochs": 22}'\''       | python3 /fsx/Vortex-mid/Vortex-moldable-sched/fsx/hyperparameter_test/hpo_pipeline_verbose.py --hosts 1 '
2026-05-05 11:54:19,925	INFO worker.py:1672 -- Using address 172.31.12.143:7173 set in the environment variable RAY_ADDRESS
2026-05-05 11:54:19,929	INFO worker.py:1814 -- Connecting to existing Ray cluster at address: 172.31.12.143:7173...
2026-05-05 11:54:19,952	INFO worker.py:2003 -- Connected to Ray cluster. View the dashboard at [1m[32m127.0.0.1:8265 [39m[22m
/home/ubuntu/rayenv/lib/python3.10/site-packages/ray/_private/worker.py:2051: FutureWarning: Tip: In future versions of Ray, Ray will no longer override accelerator visible devices env var if num_gpus=0 or num_gpus=None (default). To enable this behavior and turn off this error message, set RAY_ACCEL_ENV_VAR_OVERRIDE_ON_ZERO=0
  warnings.warn(
2026-05-05 11:54:20,706	INFO registry.py:112 -- Detected unknown callable for trainable. Converting to class.
[36m(TrainController pid=30682)[0m Requesting resources: {'GPU': 1} * 1
[36m(TrainController pid=30682)[0m Attempting to start training worker group of size 1 with the following resources: [{'GPU': 1}] * 1
[36m(RayTrainWorker pid=30777)[0m Setting up process group for: env:// [rank=0, world_size=1]
[36m(TrainController pid=30682)[0m Started training worker group of size 1: 
[36m(TrainController pid=30682)[0m - (ip=172.31.12.143, pid=30777) world_rank=0, local_rank=0, node_rank=0
[36m(RayTrainWorker pid=30777)[0m 
[36m(RayTrainWorker pid=30777)[0m ================ WORKER DEVICE DEBUG ================
[36m(RayTrainWorker pid=30777)[0m CUDA_VISIBLE_DEVICES = 0
[36m(RayTrainWorker pid=30777)[0m torch.cuda.is_available() = True
[36m(RayTrainWorker pid=30777)[0m torch.cuda.device_count() = 1
[36m(RayTrainWorker pid=30777)[0m current device index = 0
[36m(RayTrainWorker pid=30777)[0m device name = Tesla T4
[36m(RayTrainWorker pid=30777)[0m =====================================================
[36m(RayTrainWorker pid=30777)[0m 
[36m(RayTrainWorker pid=30777)[0m 🔍 TRAINING WITH MODEL: resnext50_32x4d
[36m(RayTrainWorker pid=30777)[0m 🔍 FULL CONFIG: epochs=12, lr=0.000660725679457579, batch_size=64, image_size=64
[36m(RayTrainWorker pid=30777)[0m Moving model to device: cuda:0
[36m(RayTrainWorker pid=30777)[0m Reporting training result 1: TrainingReport(checkpoint=None, metrics={'epoch': 1, 'accuracy': 0.5294, 'best_accuracy': 0.5294, 'avg_epoch_time_s': 22.141113393001433}, validation=False)
[36m(RayTrainWorker pid=30777)[0m Reporting training result 2: TrainingReport(checkpoint=None, metrics={'epoch': 2, 'accuracy': 0.5395, 'best_accuracy': 0.5395, 'avg_epoch_time_s': 21.719088644500516}, validation=False)
[36m(RayTrainWorker pid=30777)[0m Reporting training result 3: TrainingReport(checkpoint=None, metrics={'epoch': 3, 'accuracy': 0.5436, 'best_accuracy': 0.5436, 'avg_epoch_time_s': 21.650300073667193}, validation=False)
[36m(RayTrainWorker pid=30777)[0m Reporting training result 4: TrainingReport(checkpoint=None, metrics={'epoch': 4, 'accuracy': 0.5631, 'best_accuracy': 0.5631, 'avg_epoch_time_s': 21.600469776750288}, validation=False)
slurmstepd: error: *** JOB 77 ON gpu-compute-st-g4dn-nodes-4 CANCELLED AT 2026-05-05T11:56:13 ***
++ cleanup
++ echo '[INFO] Cleaning up Ray on all nodes...'
++ for node in $nodes
srun: Job step aborted: Waiting up to 32 seconds for job step to finish.
slurmstepd: error: *** STEP 77.3 ON gpu-compute-st-g4dn-nodes-4 CANCELLED AT 2026-05-05T11:56:13 ***
++ srun --overlap -N1 -n1 -w gpu-compute-st-g4dn-nodes-4 bash -c 'source ~/rayenv/bin/activate && ray stop'
slurmstepd: error: *** STEP 77.2 ON gpu-compute-st-g4dn-nodes-4 CANCELLED AT 2026-05-05T11:56:13 ***
srun: Job step aborted: Waiting up to 32 seconds for job step to finish.
srun: error: Slurm job 77 has expired
srun: Check SLURM_JOB_ID environment variable. Expired or invalid job 77
++ true
