=== COMMAND ===
/home/ubuntu/rayenv/bin/python3 /fsx/Vortex-mid/Vortex-moldable-sched/service/run_hpo.py {"wf_id": "hpo-df19b440", "cohesion": {"accuracy": 0.54, "model_name": "wide_resnet101_2", "epoch": 21, "learning_rate": 0.00233600840885227, "momentum": 0.974068234216306, "batch_size": 128, "hidden": 10, "image_size": 64, "next_trials": 9}, "hosts": {"g5.xlarge": ["172.31.32.108"]}, "chains": 9, "tinyda_iterations": 21, "mesh": "wide_resnet101_2", "port": 4242}

=== STDOUT ===
hpo-df19b440
{"config": {"accuracy": 0.5453, "model_name": "wide_resnet101_2", "epoch": 30, "learning_rate": 0.004358254862290152, "momentum": 0.9468111101052894, "batch_size": 128, "hidden": 10, "image_size": 64, "next_trials": 10}, "status": "ok", "wf_id": "hpo-df19b440", "mode": "cloud"}


=== STDERR ===
INFO:cloud_runner_HPO_new:Starting HPO Cloud Runner execution...
INFO:cloud_runner_HPO_new:Setting up HPO Ray cluster...
INFO:cloud_runner_HPO_new:Extracted 1 worker IPs: ['172.31.32.108']
INFO:cloud_runner_HPO_new:Ray Head: 172.31.32.108
INFO:cloud_runner_HPO_new:Ray Workers: []
INFO:paramiko.transport:Connected (version 2.0, client OpenSSH_8.9p1)
INFO:paramiko.transport:Authentication (publickey) successful!
INFO:cloud_runner_HPO_new:Ray port 6380 on 172.31.32.108 is free after stop
INFO:cloud_runner_HPO_new:Ray head startup output: 2026-05-10 14:32:04,318	INFO usage_lib.py:474 -- Usage stats collection is enabled by default without user confirmation because this terminal is detected to be non-interactive. To disable this, add `--disable-usage-stats` to the command that starts the cluster, or run the following command: `ray disable-usage-stats` before starting the cluster. See https://docs.ray.io/en/master/cluster/usage-stats.html for more details.
2026-05-10 14:32:04,319	INFO scripts.py:940 -- [37mLocal node IP[39m: [1m172.31.32.108[22m
2026-05-10 14:32:10,471	SUCC scripts.py:979 -- [32m--------------------[39m
2026-05-10 14:32:10,471	SUCC scripts.py:980 -- [32mRay runtime started.[39m
2026-05-10 14:32:10,471	SUCC scripts.py:981 -- [32m--------------------[39m
2026-05-10 14:32:10,471	INFO scripts.py:983 -- [36mNext steps[39m
2026-05-10 14:32:10,471	INFO scripts.py:986 -- To add another node to this Ray cluster, run
2026-05-10 14:32:10,471	INFO scripts.py:989 -- [1m  ray start --address='172.31.32.108:6380'[22m
2026-05-10 14:32:10,471	INFO scripts.py:1000 -- To connect to this Ray cluster:
2026-05-10 14:32:10,471	INFO scripts.py:1002 -- [35mimport[39m[26m ray
2026-05-10 14:32:10,471	INFO scripts.py:1003 -- ray[35m.[39m[26minit()
2026-05-10 14:32:10,471	INFO scripts.py:1017 -- To submit a Ray job using the Ray Jobs CLI:
2026-05-10 14:32:10,471	INFO scripts.py:1018 -- [1m  RAY_API_SERVER_ADDRESS='http://127.0.0.1:8265' ray job submit --working-dir . -- python my_script.py[22m
2026-05-10 14:32:10,471	INFO scripts.py:1027 -- See https://docs.ray.io/en/latest/cluster/running-applications/job-submission/index.html 
2026-05-10 14:32:10,471	INFO scripts.py:1031 -- for more information on submitting Ray jobs to the Ray cluster.
2026-05-10 14:32:10,471	INFO scripts.py:1036 -- To terminate the Ray runtime, run
2026-05-10 14:32:10,471	INFO scripts.py:1037 -- [1m  ray stop[22m
2026-05-10 14:32:10,471	INFO scripts.py:1040 -- To view the status of the cluster, use
2026-05-10 14:32:10,472	INFO scripts.py:1041 --   [1mray status[22m[26m
2026-05-10 14:32:10,472	INFO scripts.py:1045 -- To monitor and debug Ray, view the dashboard at 
2026-05-10 14:32:10,472	INFO scripts.py:1046 --   [1m127.0.0.1:8265[22m[26m
2026-05-10 14:32:10,472	INFO scripts.py:1053 -- [4mIf connection to the dashboard fails, check your firewall settings and network configuration.[24m

INFO:paramiko.transport:Connected (version 2.0, client OpenSSH_8.9p1)
INFO:paramiko.transport:Authentication (publickey) successful!
INFO:cloud_runner_HPO_new:Ray head ports reachable; assuming healthy.
INFO:cloud_runner_HPO_new:No additional Ray workers to start
INFO:cloud_runner_HPO_new:Ray cluster setup completed successfully
INFO:cloud_runner_HPO_new:Starting HPO pipeline execution...
INFO:paramiko.transport:Connected (version 2.0, client OpenSSH_8.9p1)
INFO:paramiko.transport:Authentication (publickey) successful!
INFO:cloud_runner_HPO_new:⚠️  HPO CONFIG PREPARED:
INFO:cloud_runner_HPO_new:    model_name: wide_resnet101_2
INFO:cloud_runner_HPO_new:    epochs: 21
INFO:cloud_runner_HPO_new:    trials: 9
INFO:cloud_runner_HPO_new:    Full config: {'model_name': 'wide_resnet101_2', 'epoch': 21, 'next_trials': 9, 'learning_rate': 0.00233600840885227, 'momentum': 0.974068234216306, 'batch_size': 128, 'hidden': 10, 'image_size': 64, 'amp': True, 'train_backbone': False, 'data_dir': '/home/ubuntu/cifar10'}
INFO:paramiko.transport.sftp:[chan 0] Opened sftp connection (server version 3)
INFO:paramiko.transport.sftp:[chan 0] sftp session closed.
INFO:cloud_runner_HPO_new:Extracted 1 worker IPs: ['172.31.32.108']
INFO:cloud_runner_HPO_new:Executing HPO pipeline...
WARNING:cloud_runner_HPO_new:HPO pipeline warnings: 2026-05-10 14:32:15,287	INFO worker.py:1672 -- Using address 172.31.32.108:6380 set in the environment variable RAY_ADDRESS
2026-05-10 14:32:15,292	INFO worker.py:1814 -- Connecting to existing Ray cluster at address: 172.31.32.108:6380...
2026-05-10 14:32:15,323	INFO worker.py:2003 -- Connected to Ray cluster. View the dashboard at [1m[32m127.0.0.1:8265 [39m[22m
/home/ubuntu/rayenv/lib/python3.10/site-packages/ray/_private/worker.py:2051: FutureWarning: Tip: In future versions of Ray, Ray will no longer override accelerator visible devices env var if num_gpus=0 or num_gpus=None (default). To enable this behavior and turn off this error message, set RAY_ACCEL_ENV_VAR_OVERRIDE_ON_ZERO=0
  warnings.warn(
2026-05-10 14:32:16,131	INFO registry.py:112 -- Detected unknown callable for trainable. Converting to class.
[36m(TrainController pid=88833)[0m Requesting resources: {'GPU': 1} * 1
[36m(TrainController pid=88833)[0m Attempting to start training worker group of size 1 with the following resources: [{'GPU': 1}] * 1
[36m(RayTrainWorker pid=88924)[0m Setting up process group for: env:// [rank=0, world_size=1]
[36m(TrainController pid=88833)[0m Started training worker group of size 1: 
[36m(TrainController pid=88833)[0m - (ip=172.31.32.108, pid=88924) world_rank=0, local_rank=0, node_rank=0
[36m(RayTrainWorker pid=88924)[0m 
[36m(RayTrainWorker pid=88924)[0m ================ WORKER DEVICE DEBUG ================
[36m(RayTrainWorker pid=88924)[0m CUDA_VISIBLE_DEVICES = 0
[36m(RayTrainWorker pid=88924)[0m torch.cuda.is_available() = True
[36m(RayTrainWorker pid=88924)[0m torch.cuda.device_count() = 1
[36m(RayTrainWorker pid=88924)[0m current device index = 0
[36m(RayTrainWorker pid=88924)[0m device name = NVIDIA A10G
[36m(RayTrainWorker pid=88924)[0m =====================================================
[36m(RayTrainWorker pid=88924)[0m 
[36m(RayTrainWorker pid=88924)[0m 🔍 TRAINING WITH MODEL: wide_resnet101_2
[36m(RayTrainWorker pid=88924)[0m 🔍 FULL CONFIG: epochs=21, lr=0.002793053065582031, batch_size=128, image_size=64
[36m(RayTrainWorker pid=88924)[0m Moving model to device: cuda:0
[36m(RayTrainWorker pid=88924)[0m Reporting training result 1: TrainingReport(checkpoint=None, metrics={'epoch': 1, 'accuracy': 0.4905, 'best_accuracy': 0.4905, 'avg_epoch_time_s': 20.817512779000026}, validation=False)
[36m(RayTrainWorker pid=88924)[0m Reporting training result 2: TrainingReport(checkpoint=None, metrics={'epoch': 2, 'accuracy': 0.4997, 'best_accuracy': 0.4997, 'avg_epoch_time_s': 20.372137699499945}, validation=False)
[36m(RayTrainWorker pid=88924)[0m Reporting training result 3: TrainingReport(checkpoint=None, metrics={'epoch': 3, 'accuracy': 0.5079, 'best_accuracy': 0.5079, 'avg_epoch_time_s': 20.042181639000166}, validation=False)
[36m(RayTrainWorker pid=88924)[0m Reporting training result 4: TrainingReport(checkpoint=None, metrics={'epoch': 4, 'accuracy': 0.5149, 'best_accuracy': 0.5149, 'avg_epoch_time_s': 19.883615438000106}, validation=False)
[36m(RayTrainWorker pid=88924)[0m Reporting training result 5: TrainingReport(checkpoint=None, metrics={'epoch': 5, 'accuracy': 0.5115, 'best_accuracy': 0.5149, 'avg_epoch_time_s': 19.8065151574001}, validation=False)
[36m(RayTrainWorker pid=88924)[0m Reporting training result 6: TrainingReport(checkpoint=None, metrics={'epoch': 6, 'accuracy': 0.519, 'best_accuracy': 0.519, 'avg_epoch_time_s': 19.730749171500065}, validation=False)
[36m(RayTrainWorker pid=88924)[0m Reporting training result 7: TrainingReport(checkpoint=None, metrics={'epoch': 7, 'accuracy': 0.513, 'best_accuracy': 0.519, 'avg_epoch_time_s': 19.677790272571396}, validation=False)
[36m(RayTrainWorker pid=88924)[0m Reporting training result 8: TrainingReport(checkpoint=None, metrics={'epoch': 8, 'accuracy': 0.5227, 'best_accuracy': 0.5227, 'avg_epoch_time_s': 19.63688955412499}, validation=False)
[36m(RayTrainWorker pid=88924)[0m Reporting training result 9: TrainingReport(checkpoint=None, metrics={'epoch': 9, 'accuracy': 0.5224, 'best_accuracy': 0.5227, 'avg_epoch_time_s': 19.61513364166664}, validation=False)
[36m(RayTrainWorker pid=88924)[0m Reporting training result 10: TrainingReport(checkpoint=None, metrics={'epoch': 10, 'accuracy': 0.5245, 'best_accuracy': 0.5245, 'avg_epoch_time_s': 19.587692173200047}, validation=False)
[36m(RayTrainWorker pid=88924)[0m Reporting training result 11: TrainingReport(checkpoint=None, metrics={'epoch': 11, 'accuracy': 0.5312, 'best_accuracy': 0.5312, 'avg_epoch_time_s': 19.55204413609094}, validation=False)
[36m(RayTrainWorker pid=88924)[0m Reporting training result 12: TrainingReport(checkpoint=None, metrics={'epoch': 12, 'accuracy': 0.5153, 'best_accuracy': 0.5312, 'avg_epoch_time_s': 19.530299670250013}, validation=False)
[36m(RayTrainWorker pid=88924)[0m Reporting training result 13: TrainingReport(checkpoint=None, metrics={'epoch': 13, 'accuracy': 0.5323, 'best_accuracy': 0.5323, 'avg_epoch_time_s': 19.50884344053849}, validation=False)
[36m(RayTrainWorker pid=88924)[0m Reporting training result 14: TrainingReport(checkpoint=None, metrics={'epoch': 14, 'accuracy': 0.5269, 'best_accuracy': 0.5323, 'avg_epoch_time_s': 19.495899194571457}, validation=False)
[36m(RayTrainWorker pid=88924)[0m Reporting training result 15: TrainingReport(checkpoint=None, metrics={'epoch': 15, 'accuracy': 0.5304, 'best_accuracy': 0.5323, 'avg_epoch_time_s': 19.481718743133328}, validation=False)
[36m(RayTrainWorker pid=88924)[0m Reporting training result 16: TrainingReport(checkpoint=None, metrics={'epoch': 16, 'accuracy': 0.5282, 'best_accuracy': 0.5323, 'avg_epoch_time_s': 19.47180422293752}, validation=False)
[36m(RayTrainWorker pid=88924)[0m Reporting training result 17: TrainingReport(checkpoint=None, metrics={'epoch': 17, 'accuracy': 0.531, 'best_accuracy': 0.5323, 'avg_epoch_time_s': 19.468401903764704}, validation=False)
[36m(RayTrainWorker pid=88924)[0m Reporting training result 18: TrainingReport(checkpoint=None, metrics={'epoch': 18, 'accuracy': 0.5343, 'best_accuracy': 0.5343, 'avg_epoch_time_s': 19.459388756888885}, validation=False)
[36m(RayTrainWorker pid=88924)[0m Reporting training result 19: TrainingReport(checkpoint=None, metrics={'epoch': 19, 'accuracy': 0.5315, 'best_accuracy': 0.5343, 'avg_epoch_time_s': 19.453824168578937}, validation=False)
[36m(RayTrainWorker pid=88924)[0m Reporting training result 20: TrainingReport(checkpoint=None, metrics={'epoch': 20, 'accuracy': 0.5326, 'best_accuracy': 0.5343, 'avg_epoch_time_s': 19.4539844031}, validation=False)
[36m(RayTrainWorker pid=88924)[0m Reporting training result 21: TrainingReport(checkpoint=None, metrics={'epoch': 21, 'accuracy': 0.5416, 'best_accuracy': 0.5416, 'avg_epoch_time_s': 19.446498656000024}, validation=False)
[36m(TrainController pid=90573)[0m Requesting resources: {'GPU': 1} * 1
[36m(TrainController pid=90573)[0m Attempting to start training worker group of size 1 with the following resources: [{'GPU': 1}] * 1
[36m(RayTrainWorker pid=90620)[0m Setting up process group for: env:// [rank=0, world_size=1]
[36m(TrainController pid=90573)[0m Started training worker group of size 1: 
[36m(TrainController pid=90573)[0m - (ip=172.31.32.108, pid=90620) world_rank=0, local_rank=0, node_rank=0
[36m(RayTrainWorker pid=90620)[0m 
[36m(RayTrainWorker pid=90620)[0m ================ WORKER DEVICE DEBUG ================
[36m(RayTrainWorker pid=90620)[0m CUDA_VISIBLE_DEVICES = 0
[36m(RayTrainWorker pid=90620)[0m torch.cuda.is_available() = True
[36m(RayTrainWorker pid=90620)[0m torch.cuda.device_count() = 1
[36m(RayTrainWorker pid=90620)[0m current device index = 0
[36m(RayTrainWorker pid=90620)[0m device name = NVIDIA A10G
[36m(RayTrainWorker pid=90620)[0m =====================================================
[36m(RayTrainWorker pid=90620)[0m 
[36m(RayTrainWorker pid=90620)[0m 🔍 TRAINING WITH MODEL: wide_resnet101_2
[36m(RayTrainWorker pid=90620)[0m 🔍 FULL CONFIG: epochs=30, lr=0.019715659642697322, batch_size=128, image_size=64
[36m(RayTrainWorker pid=90620)[0m Moving model to device: cuda:0
[36m(RayTrainWorker pid=90620)[0m Reporting training result 1: TrainingReport(checkpoint=None, metrics={'epoch': 1, 'accuracy': 0.3964, 'best_accuracy': 0.3964, 'avg_epoch_time_s': 21.056442451000294}, validation=False)
[36m(RayTrainWorker pid=90620)[0m Reporting training result 2: TrainingReport(checkpoint=None, metrics={'epoch': 2, 'accuracy': 0.3991, 'best_accuracy': 0.3991, 'avg_epoch_time_s': 20.559364460500092}, validation=False)
[36m(RayTrainWorker pid=90620)[0m Reporting training result 3: TrainingReport(checkpoint=None, metrics={'epoch': 3, 'accuracy': 0.4189, 'best_accuracy': 0.4189, 'avg_epoch_time_s': 20.23882529333332}, validation=False)
[36m(RayTrainWorker pid=90620)[0m Reporting training result 4: TrainingReport(checkpoint=None, metrics={'epoch': 4, 'accuracy': 0.4142, 'best_accuracy': 0.4189, 'avg_epoch_time_s': 20.051350300750073}, validation=False)
[36m(RayTrainWorker pid=90620)[0m Reporting training result 5: TrainingReport(checkpoint=None, metrics={'epoch': 5, 'accuracy': 0.4242, 'best_accuracy': 0.4242, 'avg_epoch_time_s': 19.945359557200028}, validation=False)
[36m(RayTrainWorker pid=90620)[0m Reporting training result 6: TrainingReport(checkpoint=None, metrics={'epoch': 6, 'accuracy': 0.4186, 'best_accuracy': 0.4242, 'avg_epoch_time_s': 19.88004584549996}, validation=False)
[36m(RayTrainWorker pid=90620)[0m Reporting training result 7: TrainingReport(checkpoint=None, metrics={'epoch': 7, 'accuracy': 0.4267, 'best_accuracy': 0.4267, 'avg_epoch_time_s': 19.823857467285702}, validation=False)
[36m(RayTrainWorker pid=90620)[0m Reporting training result 8: TrainingReport(checkpoint=None, metrics={'epoch': 8, 'accuracy': 0.4104, 'best_accuracy': 0.4267, 'avg_epoch_time_s': 19.781417932250065}, validation=False)
[36m(RayTrainWorker pid=90620)[0m Reporting training result 9: TrainingReport(checkpoint=None, metrics={'epoch': 9, 'accuracy': 0.4194, 'best_accuracy': 0.4267, 'avg_epoch_time_s': 19.73988084455555}, validation=False)
[36m(RayTrainWorker pid=90620)[0m Reporting training result 10: TrainingReport(checkpoint=None, metrics={'epoch': 10, 'accuracy': 0.424, 'best_accuracy': 0.4267, 'avg_epoch_time_s': 19.714340024600006}, validation=False)
[36m(RayTrainWorker pid=90620)[0m Reporting training result 11: TrainingReport(checkpoint=None, metrics={'epoch': 11, 'accuracy': 0.4175, 'best_accuracy': 0.4267, 'avg_epoch_time_s': 19.693336042454575}, validation=False)
[36m(RayTrainWorker pid=90620)[0m Reporting training result 12: TrainingReport(checkpoint=None, metrics={'epoch': 12, 'accuracy': 0.4099, 'best_accuracy': 0.4267, 'avg_epoch_time_s': 19.6778576719167}, validation=False)
[36m(RayTrainWorker pid=90620)[0m Reporting training result 13: TrainingReport(checkpoint=None, metrics={'epoch': 13, 'accuracy': 0.4256, 'best_accuracy': 0.4267, 'avg_epoch_time_s': 19.665696773538492}, validation=False)
[36m(RayTrainWorker pid=90620)[0m Reporting training result 14: TrainingReport(checkpoint=None, metrics={'epoch': 14, 'accuracy': 0.4196, 'best_accuracy': 0.4267, 'avg_epoch_time_s': 19.644284109571476}, validation=False)
[36m(RayTrainWorker pid=90620)[0m Reporting training result 15: TrainingReport(checkpoint=None, metrics={'epoch': 15, 'accuracy': 0.4205, 'best_accuracy': 0.4267, 'avg_epoch_time_s': 19.63140489160002}, validation=False)
[36m(RayTrainWorker pid=90620)[0m Reporting training result 16: TrainingReport(checkpoint=None, metrics={'epoch': 16, 'accuracy': 0.4181, 'best_accuracy': 0.4267, 'avg_epoch_time_s': 19.623994317750032}, validation=False)
[36m(RayTrainWorker pid=90620)[0m Reporting training result 17: TrainingReport(checkpoint=None, metrics={'epoch': 17, 'accuracy': 0.4317, 'best_accuracy': 0.4317, 'avg_epoch_time_s': 19.61814230305882}, validation=False)
[36m(RayTrainWorker pid=90620)[0m Reporting training result 18: TrainingReport(checkpoint=None, metrics={'epoch': 18, 'accuracy': 0.4117, 'best_accuracy': 0.4317, 'avg_epoch_time_s': 19.619335280944444}, validation=False)
[36m(RayTrainWorker pid=90620)[0m Reporting training result 19: TrainingReport(checkpoint=None, metrics={'epoch': 19, 'accuracy': 0.4107, 'best_accuracy': 0.4317, 'avg_epoch_time_s': 19.613602607315777}, validation=False)
[36m(RayTrainWorker pid=90620)[0m Reporting training result 20: TrainingReport(checkpoint=None, metrics={'epoch': 20, 'accuracy': 0.4078, 'best_accuracy': 0.4317, 'avg_epoch_time_s': 19.60751095989999}, validation=False)
[36m(RayTrainWorker pid=90620)[0m Reporting training result 21: TrainingReport(checkpoint=None, metrics={'epoch': 21, 'accuracy': 0.4125, 'best_accuracy': 0.4317, 'avg_epoch_time_s': 19.60300874957145}, validation=False)
[36m(RayTrainWorker pid=90620)[0m Reporting training result 22: TrainingReport(checkpoint=None, metrics={'epoch': 22, 'accuracy': 0.4152, 'best_accuracy': 0.4317, 'avg_epoch_time_s': 19.597006517636352}, validation=False)
[36m(RayTrainWorker pid=90620)[0m Reporting training result 23: TrainingReport(checkpoint=None, metrics={'epoch': 23, 'accuracy': 0.43, 'best_accuracy': 0.4317, 'avg_epoch_time_s': 19.593216394478276}, validation=False)
[36m(RayTrainWorker pid=90620)[0m Reporting training result 24: TrainingReport(checkpoint=None, metrics={'epoch': 24, 'accuracy': 0.4194, 'best_accuracy': 0.4317, 'avg_epoch_time_s': 19.59475324325001}, validation=False)
[36m(RayTrainWorker pid=90620)[0m Reporting training result 25: TrainingReport(checkpoint=None, metrics={'epoch': 25, 'accuracy': 0.4133, 'best_accuracy': 0.4317, 'avg_epoch_time_s': 19.5886733836}, validation=False)
[36m(RayTrainWorker pid=90620)[0m Reporting training result 26: TrainingReport(checkpoint=None, metrics={'epoch': 26, 'accuracy': 0.412, 'best_accuracy': 0.4317, 'avg_epoch_time_s': 19.586804968230773}, validation=False)
[36m(RayTrainWorker pid=90620)[0m Reporting training result 27: TrainingReport(checkpoint=None, metrics={'epoch': 27, 'accuracy': 0.4201, 'best_accuracy': 0.4317, 'avg_epoch_time_s': 19.584173937481495}, validation=False)
[36m(RayTrainWorker pid=90620)[0m Reporting training result 28: TrainingReport(checkpoint=None, metrics={'epoch': 28, 'accuracy': 0.4224, 'best_accuracy': 0.4317, 'avg_epoch_time_s': 19.577702855428566}, validation=False)
[36m(RayTrainWorker pid=90620)[0m Reporting training result 29: TrainingReport(checkpoint=None, metrics={'epoch': 29, 'accuracy': 0.4109, 'best_accuracy': 0.4317, 'avg_epoch_time_s': 19.57626263906896}, validation=False)
[36m(RayTrainWorker pid=90620)[0m Reporting training result 30: TrainingReport(checkpoint=None, metrics={'epoch': 30, 'accuracy': 0.4191, 'best_accuracy': 0.4317, 'avg_epoch_time_s': 19.57074718260001}, validation=False)
[36m(TrainController pid=92882)[0m Requesting resources: {'GPU': 1} * 1
[36m(TrainController pid=92882)[0m Attempting to start training worker group of size 1 with the following resources: [{'GPU': 1}] * 1
[36m(RayTrainWorker pid=92927)[0m Setting up process group for: env:// [rank=0, world_size=1]
[36m(TrainController pid=92882)[0m Started training worker group of size 1: 
[36m(TrainController pid=92882)[0m - (ip=172.31.32.108, pid=92927) world_rank=0, local_rank=0, node_rank=0
[36m(RayTrainWorker pid=92927)[0m 
[36m(RayTrainWorker pid=92927)[0m ================ WORKER DEVICE DEBUG ================
[36m(RayTrainWorker pid=92927)[0m CUDA_VISIBLE_DEVICES = 0
[36m(RayTrainWorker pid=92927)[0m torch.cuda.is_available() = True
[36m(RayTrainWorker pid=92927)[0m torch.cuda.device_count() = 1
[36m(RayTrainWorker pid=92927)[0m current device index = 0
[36m(RayTrainWorker pid=92927)[0m device name = NVIDIA A10G
[36m(RayTrainWorker pid=92927)[0m =====================================================
[36m(RayTrainWorker pid=92927)[0m 
[36m(RayTrainWorker pid=92927)[0m 🔍 TRAINING WITH MODEL: wide_resnet101_2
[36m(RayTrainWorker pid=92927)[0m 🔍 FULL CONFIG: epochs=16, lr=0.00027237747528275995, batch_size=128, image_size=64
[36m(RayTrainWorker pid=92927)[0m Moving model to device: cuda:0
[36m(RayTrainWorker pid=92927)[0m Reporting training result 1: TrainingReport(checkpoint=None, metrics={'epoch': 1, 'accuracy': 0.385, 'best_accuracy': 0.385, 'avg_epoch_time_s': 20.90633583499948}, validation=False)
[36m(RayTrainWorker pid=92927)[0m Reporting training result 2: TrainingReport(checkpoint=None, metrics={'epoch': 2, 'accuracy': 0.4305, 'best_accuracy': 0.4305, 'avg_epoch_time_s': 20.458185327999672}, validation=False)
[36m(RayTrainWorker pid=92927)[0m Reporting training result 3: TrainingReport(checkpoint=None, metrics={'epoch': 3, 'accuracy': 0.4526, 'best_accuracy': 0.4526, 'avg_epoch_time_s': 20.13751827499982}, validation=False)
[36m(RayTrainWorker pid=92927)[0m Reporting training result 4: TrainingReport(checkpoint=None, metrics={'epoch': 4, 'accuracy': 0.4672, 'best_accuracy': 0.4672, 'avg_epoch_time_s': 19.99040165324982}, validation=False)
[36m(RayTrainWorker pid=92927)[0m Reporting training result 5: TrainingReport(checkpoint=None, metrics={'epoch': 5, 'accuracy': 0.4755, 'best_accuracy': 0.4755, 'avg_epoch_time_s': 19.93503013619993}, validation=False)
[36m(RayTrainWorker pid=92927)[0m Reporting training result 6: TrainingReport(checkpoint=None, metrics={'epoch': 6, 'accuracy': 0.4859, 'best_accuracy': 0.4859, 'avg_epoch_time_s': 19.867909002499953}, validation=False)
[36m(RayTrainWorker pid=92927)[0m Reporting training result 7: TrainingReport(checkpoint=None, metrics={'epoch': 7, 'accuracy': 0.4877, 'best_accuracy': 0.4877, 'avg_epoch_time_s': 19.831947495857094}, validation=False)
[36m(RayTrainWorker pid=92927)[0m Reporting training result 8: TrainingReport(checkpoint=None, metrics={'epoch': 8, 'accuracy': 0.4916, 'best_accuracy': 0.4916, 'avg_epoch_time_s': 19.79435878849995}, validation=False)
[36m(RayTrainWorker pid=92927)[0m Reporting training result 9: TrainingReport(checkpoint=None, metrics={'epoch': 9, 'accuracy': 0.4922, 'best_accuracy': 0.4922, 'avg_epoch_time_s': 19.758546754111094}, validation=False)
[36m(RayTrainWorker pid=92927)[0m Reporting training result 10: TrainingReport(checkpoint=None, metrics={'epoch': 10, 'accuracy': 0.497, 'best_accuracy': 0.497, 'avg_epoch_time_s': 19.733169085199915}, validation=False)
[36m(RayTrainWorker pid=92927)[0m Reporting training result 11: TrainingReport(checkpoint=None, metrics={'epoch': 11, 'accuracy': 0.5012, 'best_accuracy': 0.5012, 'avg_epoch_time_s': 19.713845121818107}, validation=False)
[36m(RayTrainWorker pid=92927)[0m Reporting training result 12: TrainingReport(checkpoint=None, metrics={'epoch': 12, 'accuracy': 0.5033, 'best_accuracy': 0.5033, 'avg_epoch_time_s': 19.6954100320833}, validation=False)
[36m(RayTrainWorker pid=92927)[0m Reporting training result 13: TrainingReport(checkpoint=None, metrics={'epoch': 13, 'accuracy': 0.5025, 'best_accuracy': 0.5033, 'avg_epoch_time_s': 19.68106857892305}, validation=False)
[36m(RayTrainWorker pid=92927)[0m Reporting training result 14: TrainingReport(checkpoint=None, metrics={'epoch': 14, 'accuracy': 0.5066, 'best_accuracy': 0.5066, 'avg_epoch_time_s': 19.67198304249996}, validation=False)
[36m(RayTrainWorker pid=92927)[0m Reporting training result 15: TrainingReport(checkpoint=None, metrics={'epoch': 15, 'accuracy': 0.5087, 'best_accuracy': 0.5087, 'avg_epoch_time_s': 19.657151443599954}, validation=False)
[36m(RayTrainWorker pid=92927)[0m Reporting training result 16: TrainingReport(checkpoint=None, metrics={'epoch': 16, 'accuracy': 0.5058, 'best_accuracy': 0.5087, 'avg_epoch_time_s': 19.645746662124964}, validation=False)
[36m(TrainController pid=94228)[0m Requesting resources: {'GPU': 1} * 1
[36m(TrainController pid=94228)[0m Attempting to start training worker group of size 1 with the following resources: [{'GPU': 1}] * 1
[36m(RayTrainWorker pid=94277)[0m Setting up process group for: env:// [rank=0, world_size=1]
[36m(TrainController pid=94228)[0m Started training worker group of size 1: 
[36m(TrainController pid=94228)[0m - (ip=172.31.32.108, pid=94277) world_rank=0, local_rank=0, node_rank=0
[36m(RayTrainWorker pid=94277)[0m 
[36m(RayTrainWorker pid=94277)[0m ================ WORKER DEVICE DEBUG ================
[36m(RayTrainWorker pid=94277)[0m CUDA_VISIBLE_DEVICES = 0
[36m(RayTrainWorker pid=94277)[0m torch.cuda.is_available() = True
[36m(RayTrainWorker pid=94277)[0m torch.cuda.device_count() = 1
[36m(RayTrainWorker pid=94277)[0m current device index = 0
[36m(RayTrainWorker pid=94277)[0m device name = NVIDIA A10G
[36m(RayTrainWorker pid=94277)[0m =====================================================
[36m(RayTrainWorker pid=94277)[0m 
[36m(RayTrainWorker pid=94277)[0m 🔍 TRAINING WITH MODEL: wide_resnet101_2
[36m(RayTrainWorker pid=94277)[0m 🔍 FULL CONFIG: epochs=19, lr=0.004954942640106242, batch_size=128, image_size=64
[36m(RayTrainWorker pid=94277)[0m Moving model to device: cuda:0
[36m(RayTrainWorker pid=94277)[0m Reporting training result 1: TrainingReport(checkpoint=None, metrics={'epoch': 1, 'accuracy': 0.4679, 'best_accuracy': 0.4679, 'avg_epoch_time_s': 20.956150726000487}, validation=False)
[36m(RayTrainWorker pid=94277)[0m Reporting training result 2: TrainingReport(checkpoint=None, metrics={'epoch': 2, 'accuracy': 0.4908, 'best_accuracy': 0.4908, 'avg_epoch_time_s': 20.471690569499515}, validation=False)
[36m(RayTrainWorker pid=94277)[0m Reporting training result 3: TrainingReport(checkpoint=None, metrics={'epoch': 3, 'accuracy': 0.4898, 'best_accuracy': 0.4908, 'avg_epoch_time_s': 20.175562283666903}, validation=False)
[36m(RayTrainWorker pid=94277)[0m Reporting training result 4: TrainingReport(checkpoint=None, metrics={'epoch': 4, 'accuracy': 0.4903, 'best_accuracy': 0.4908, 'avg_epoch_time_s': 20.027832559750095}, validation=False)
[36m(RayTrainWorker pid=94277)[0m Reporting training result 5: TrainingReport(checkpoint=None, metrics={'epoch': 5, 'accuracy': 0.5052, 'best_accuracy': 0.5052, 'avg_epoch_time_s': 19.954451188600068}, validation=False)
[36m(RayTrainWorker pid=94277)[0m Reporting training result 6: TrainingReport(checkpoint=None, metrics={'epoch': 6, 'accuracy': 0.5079, 'best_accuracy': 0.5079, 'avg_epoch_time_s': 19.90067101300004}, validation=False)
[36m(RayTrainWorker pid=94277)[0m Reporting training result 7: TrainingReport(checkpoint=None, metrics={'epoch': 7, 'accuracy': 0.5078, 'best_accuracy': 0.5079, 'avg_epoch_time_s': 19.865655270714342}, validation=False)
[36m(RayTrainWorker pid=94277)[0m Reporting training result 8: TrainingReport(checkpoint=None, metrics={'epoch': 8, 'accuracy': 0.5082, 'best_accuracy': 0.5082, 'avg_epoch_time_s': 19.82905237849991}, validation=False)
[36m(RayTrainWorker pid=94277)[0m Reporting training result 9: TrainingReport(checkpoint=None, metrics={'epoch': 9, 'accuracy': 0.5047, 'best_accuracy': 0.5082, 'avg_epoch_time_s': 19.805441579111076}, validation=False)
[36m(RayTrainWorker pid=94277)[0m Reporting training result 10: TrainingReport(checkpoint=None, metrics={'epoch': 10, 'accuracy': 0.5122, 'best_accuracy': 0.5122, 'avg_epoch_time_s': 19.78053838750002}, validation=False)
[36m(RayTrainWorker pid=94277)[0m Reporting training result 11: TrainingReport(checkpoint=None, metrics={'epoch': 11, 'accuracy': 0.5071, 'best_accuracy': 0.5122, 'avg_epoch_time_s': 19.755183479454487}, validation=False)
[36m(RayTrainWorker pid=94277)[0m Reporting training result 12: TrainingReport(checkpoint=None, metrics={'epoch': 12, 'accuracy': 0.5227, 'best_accuracy': 0.5227, 'avg_epoch_time_s': 19.740462967333315}, validation=False)
[36m(RayTrainWorker pid=94277)[0m Reporting training result 13: TrainingReport(checkpoint=None, metrics={'epoch': 13, 'accuracy': 0.517, 'best_accuracy': 0.5227, 'avg_epoch_time_s': 19.729008467538453}, validation=False)
[36m(RayTrainWorker pid=94277)[0m Reporting training result 14: TrainingReport(checkpoint=None, metrics={'epoch': 14, 'accuracy': 0.5122, 'best_accuracy': 0.5227, 'avg_epoch_time_s': 19.713178776785753}, validation=False)
[36m(RayTrainWorker pid=94277)[0m Reporting training result 15: TrainingReport(checkpoint=None, metrics={'epoch': 15, 'accuracy': 0.5149, 'best_accuracy': 0.5227, 'avg_epoch_time_s': 19.697462479800016}, validation=False)
[36m(RayTrainWorker pid=94277)[0m Reporting training result 16: TrainingReport(checkpoint=None, metrics={'epoch': 16, 'accuracy': 0.5159, 'best_accuracy': 0.5227, 'avg_epoch_time_s': 19.687859660999948}, validation=False)
[36m(RayTrainWorker pid=94277)[0m Reporting training result 17: TrainingReport(checkpoint=None, metrics={'epoch': 17, 'accuracy': 0.5304, 'best_accuracy': 0.5304, 'avg_epoch_time_s': 19.67657605299995}, validation=False)
[36m(RayTrainWorker pid=94277)[0m Reporting training result 18: TrainingReport(checkpoint=None, metrics={'epoch': 18, 'accuracy': 0.5275, 'best_accuracy': 0.5304, 'avg_epoch_time_s': 19.670830038888905}, validation=False)
[36m(RayTrainWorker pid=94277)[0m Reporting training result 19: TrainingReport(checkpoint=None, metrics={'epoch': 19, 'accuracy': 0.5239, 'best_accuracy': 0.5304, 'avg_epoch_time_s': 19.66630932794741}, validation=False)
[36m(TrainController pid=95784)[0m Requesting resources: {'GPU': 1} * 1
[36m(TrainController pid=95784)[0m Attempting to start training worker group of size 1 with the following resources: [{'GPU': 1}] * 1
[36m(RayTrainWorker pid=95829)[0m Setting up process group for: env:// [rank=0, world_size=1]
[36m(TrainController pid=95784)[0m Started training worker group of size 1: 
[36m(TrainController pid=95784)[0m - (ip=172.31.32.108, pid=95829) world_rank=0, local_rank=0, node_rank=0
[36m(RayTrainWorker pid=95829)[0m 
[36m(RayTrainWorker pid=95829)[0m ================ WORKER DEVICE DEBUG ================
[36m(RayTrainWorker pid=95829)[0m CUDA_VISIBLE_DEVICES = 0
[36m(RayTrainWorker pid=95829)[0m torch.cuda.is_available() = True
[36m(RayTrainWorker pid=95829)[0m torch.cuda.device_count() = 1
[36m(RayTrainWorker pid=95829)[0m current device index = 0
[36m(RayTrainWorker pid=95829)[0m device name = NVIDIA A10G
[36m(RayTrainWorker pid=95829)[0m =====================================================
[36m(RayTrainWorker pid=95829)[0m 
[36m(RayTrainWorker pid=95829)[0m 🔍 TRAINING WITH MODEL: wide_resnet101_2
[36m(RayTrainWorker pid=95829)[0m 🔍 FULL CONFIG: epochs=30, lr=0.007436233921004157, batch_size=128, image_size=64
[36m(RayTrainWorker pid=95829)[0m Moving model to device: cuda:0
[36m(RayTrainWorker pid=95829)[0m Reporting training result 1: TrainingReport(checkpoint=None, metrics={'epoch': 1, 'accuracy': 0.4756, 'best_accuracy': 0.4756, 'avg_epoch_time_s': 20.75186683100037}, validation=False)
[36m(RayTrainWorker pid=95829)[0m Reporting training result 2: TrainingReport(checkpoint=None, metrics={'epoch': 2, 'accuracy': 0.4854, 'best_accuracy': 0.4854, 'avg_epoch_time_s': 20.236432806000266}, validation=False)
[36m(RayTrainWorker pid=95829)[0m Reporting training result 3: TrainingReport(checkpoint=None, metrics={'epoch': 3, 'accuracy': 0.5006, 'best_accuracy': 0.5006, 'avg_epoch_time_s': 19.975029884333708}, validation=False)
[36m(RayTrainWorker pid=95829)[0m Reporting training result 4: TrainingReport(checkpoint=None, metrics={'epoch': 4, 'accuracy': 0.5012, 'best_accuracy': 0.5012, 'avg_epoch_time_s': 19.869140920749942}, validation=False)
[36m(RayTrainWorker pid=95829)[0m Reporting training result 5: TrainingReport(checkpoint=None, metrics={'epoch': 5, 'accuracy': 0.5099, 'best_accuracy': 0.5099, 'avg_epoch_time_s': 19.783110546399985}, validation=False)
[36m(RayTrainWorker pid=95829)[0m Reporting training result 6: TrainingReport(checkpoint=None, metrics={'epoch': 6, 'accuracy': 0.5064, 'best_accuracy': 0.5099, 'avg_epoch_time_s': 19.747002361499955}, validation=False)
[36m(RayTrainWorker pid=95829)[0m Reporting training result 7: TrainingReport(checkpoint=None, metrics={'epoch': 7, 'accuracy': 0.5102, 'best_accuracy': 0.5102, 'avg_epoch_time_s': 19.704137574285728}, validation=False)
[36m(RayTrainWorker pid=95829)[0m Reporting training result 8: TrainingReport(checkpoint=None, metrics={'epoch': 8, 'accuracy': 0.5063, 'best_accuracy': 0.5102, 'avg_epoch_time_s': 19.679276222375165}, validation=False)
[36m(RayTrainWorker pid=95829)[0m Reporting training result 9: TrainingReport(checkpoint=None, metrics={'epoch': 9, 'accuracy': 0.5191, 'best_accuracy': 0.5191, 'avg_epoch_time_s': 19.661023811000025}, validation=False)
[36m(RayTrainWorker pid=95829)[0m Reporting training result 10: TrainingReport(checkpoint=None, metrics={'epoch': 10, 'accuracy': 0.5206, 'best_accuracy': 0.5206, 'avg_epoch_time_s': 19.643648033400133}, validation=False)
[36m(RayTrainWorker pid=95829)[0m Reporting training result 11: TrainingReport(checkpoint=None, metrics={'epoch': 11, 'accuracy': 0.513, 'best_accuracy': 0.5206, 'avg_epoch_time_s': 19.621403570636343}, validation=False)
[36m(RayTrainWorker pid=95829)[0m Reporting training result 12: TrainingReport(checkpoint=None, metrics={'epoch': 12, 'accuracy': 0.5162, 'best_accuracy': 0.5206, 'avg_epoch_time_s': 19.60237149291667}, validation=False)
[36m(RayTrainWorker pid=95829)[0m Reporting training result 13: TrainingReport(checkpoint=None, metrics={'epoch': 13, 'accuracy': 0.529, 'best_accuracy': 0.529, 'avg_epoch_time_s': 19.589685619307673}, validation=False)
[36m(RayTrainWorker pid=95829)[0m Reporting training result 14: TrainingReport(checkpoint=None, metrics={'epoch': 14, 'accuracy': 0.5199, 'best_accuracy': 0.529, 'avg_epoch_time_s': 19.580039798357184}, validation=False)
[36m(RayTrainWorker pid=95829)[0m Reporting training result 15: TrainingReport(checkpoint=None, metrics={'epoch': 15, 'accuracy': 0.527, 'best_accuracy': 0.529, 'avg_epoch_time_s': 19.569612742866713}, validation=False)
[36m(RayTrainWorker pid=95829)[0m Reporting training result 16: TrainingReport(checkpoint=None, metrics={'epoch': 16, 'accuracy': 0.5261, 'best_accuracy': 0.529, 'avg_epoch_time_s': 19.56779827012508}, validation=False)
[36m(RayTrainWorker pid=95829)[0m Reporting training result 17: TrainingReport(checkpoint=None, metrics={'epoch': 17, 'accuracy': 0.5347, 'best_accuracy': 0.5347, 'avg_epoch_time_s': 19.55813033152941}, validation=False)
[36m(RayTrainWorker pid=95829)[0m Reporting training result 18: TrainingReport(checkpoint=None, metrics={'epoch': 18, 'accuracy': 0.5335, 'best_accuracy': 0.5347, 'avg_epoch_time_s': 19.547128377277758}, validation=False)
[36m(RayTrainWorker pid=95829)[0m Reporting training result 19: TrainingReport(checkpoint=None, metrics={'epoch': 19, 'accuracy': 0.5224, 'best_accuracy': 0.5347, 'avg_epoch_time_s': 19.541425089}, validation=False)
[36m(RayTrainWorker pid=95829)[0m Reporting training result 20: TrainingReport(checkpoint=None, metrics={'epoch': 20, 'accuracy': 0.5323, 'best_accuracy': 0.5347, 'avg_epoch_time_s': 19.534117617999982}, validation=False)
[36m(RayTrainWorker pid=95829)[0m Reporting training result 21: TrainingReport(checkpoint=None, metrics={'epoch': 21, 'accuracy': 0.512, 'best_accuracy': 0.5347, 'avg_epoch_time_s': 19.53052915780955}, validation=False)
[36m(RayTrainWorker pid=95829)[0m Reporting training result 22: TrainingReport(checkpoint=None, metrics={'epoch': 22, 'accuracy': 0.5374, 'best_accuracy': 0.5374, 'avg_epoch_time_s': 19.532493545227307}, validation=False)
[36m(RayTrainWorker pid=95829)[0m Reporting training result 23: TrainingReport(checkpoint=None, metrics={'epoch': 23, 'accuracy': 0.5235, 'best_accuracy': 0.5374, 'avg_epoch_time_s': 19.525767485217447}, validation=False)
[36m(RayTrainWorker pid=95829)[0m Reporting training result 24: TrainingReport(checkpoint=None, metrics={'epoch': 24, 'accuracy': 0.5187, 'best_accuracy': 0.5374, 'avg_epoch_time_s': 19.52280852791667}, validation=False)
[36m(RayTrainWorker pid=95829)[0m Reporting training result 25: TrainingReport(checkpoint=None, metrics={'epoch': 25, 'accuracy': 0.5345, 'best_accuracy': 0.5374, 'avg_epoch_time_s': 19.5215788644}, validation=False)
[36m(RayTrainWorker pid=95829)[0m Reporting training result 26: TrainingReport(checkpoint=None, metrics={'epoch': 26, 'accuracy': 0.526, 'best_accuracy': 0.5374, 'avg_epoch_time_s': 19.519026466038458}, validation=False)
[36m(RayTrainWorker pid=95829)[0m Reporting training result 27: TrainingReport(checkpoint=None, metrics={'epoch': 27, 'accuracy': 0.5245, 'best_accuracy': 0.5374, 'avg_epoch_time_s': 19.518794480777782}, validation=False)
[36m(RayTrainWorker pid=95829)[0m Reporting training result 28: TrainingReport(checkpoint=None, metrics={'epoch': 28, 'accuracy': 0.5324, 'best_accuracy': 0.5374, 'avg_epoch_time_s': 19.51680690682146}, validation=False)
[36m(RayTrainWorker pid=95829)[0m Reporting training result 29: TrainingReport(checkpoint=None, metrics={'epoch': 29, 'accuracy': 0.5298, 'best_accuracy': 0.5374, 'avg_epoch_time_s': 19.514974416965522}, validation=False)
[36m(RayTrainWorker pid=95829)[0m Reporting training result 30: TrainingReport(checkpoint=None, metrics={'epoch': 30, 'accuracy': 0.5275, 'best_accuracy': 0.5374, 'avg_epoch_time_s': 19.512531497200023}, validation=False)
[36m(TrainController pid=98082)[0m Requesting resources: {'GPU': 1} * 1
[36m(TrainController pid=98082)[0m Attempting to start training worker group of size 1 with the following resources: [{'GPU': 1}] * 1
[36m(RayTrainWorker pid=98126)[0m Setting up process group for: env:// [rank=0, world_size=1]
[36m(TrainController pid=98082)[0m Started training worker group of size 1: 
[36m(TrainController pid=98082)[0m - (ip=172.31.32.108, pid=98126) world_rank=0, local_rank=0, node_rank=0
[36m(RayTrainWorker pid=98126)[0m 
[36m(RayTrainWorker pid=98126)[0m ================ WORKER DEVICE DEBUG ================
[36m(RayTrainWorker pid=98126)[0m CUDA_VISIBLE_DEVICES = 0
[36m(RayTrainWorker pid=98126)[0m torch.cuda.is_available() = True
[36m(RayTrainWorker pid=98126)[0m torch.cuda.device_count() = 1
[36m(RayTrainWorker pid=98126)[0m current device index = 0
[36m(RayTrainWorker pid=98126)[0m device name = NVIDIA A10G
[36m(RayTrainWorker pid=98126)[0m =====================================================
[36m(RayTrainWorker pid=98126)[0m 
[36m(RayTrainWorker pid=98126)[0m 🔍 TRAINING WITH MODEL: wide_resnet101_2
[36m(RayTrainWorker pid=98126)[0m 🔍 FULL CONFIG: epochs=30, lr=0.004358254862290152, batch_size=128, image_size=64
[36m(RayTrainWorker pid=98126)[0m Moving model to device: cuda:0
[36m(RayTrainWorker pid=98126)[0m Reporting training result 1: TrainingReport(checkpoint=None, metrics={'epoch': 1, 'accuracy': 0.4866, 'best_accuracy': 0.4866, 'avg_epoch_time_s': 20.87821995500053}, validation=False)
[36m(RayTrainWorker pid=98126)[0m Reporting training result 2: TrainingReport(checkpoint=None, metrics={'epoch': 2, 'accuracy': 0.4946, 'best_accuracy': 0.4946, 'avg_epoch_time_s': 20.480303242499758}, validation=False)
[36m(RayTrainWorker pid=98126)[0m Reporting training result 3: TrainingReport(checkpoint=None, metrics={'epoch': 3, 'accuracy': 0.5049, 'best_accuracy': 0.5049, 'avg_epoch_time_s': 20.161867112000134}, validation=False)
[36m(RayTrainWorker pid=98126)[0m Reporting training result 4: TrainingReport(checkpoint=None, metrics={'epoch': 4, 'accuracy': 0.5039, 'best_accuracy': 0.5049, 'avg_epoch_time_s': 20.006683982249797}, validation=False)
[36m(RayTrainWorker pid=98126)[0m Reporting training result 5: TrainingReport(checkpoint=None, metrics={'epoch': 5, 'accuracy': 0.5139, 'best_accuracy': 0.5139, 'avg_epoch_time_s': 19.926700637799875}, validation=False)
[36m(RayTrainWorker pid=98126)[0m Reporting training result 6: TrainingReport(checkpoint=None, metrics={'epoch': 6, 'accuracy': 0.5125, 'best_accuracy': 0.5139, 'avg_epoch_time_s': 19.854609833166553}, validation=False)
[36m(RayTrainWorker pid=98126)[0m Reporting training result 7: TrainingReport(checkpoint=None, metrics={'epoch': 7, 'accuracy': 0.5137, 'best_accuracy': 0.5139, 'avg_epoch_time_s': 19.80354721371415}, validation=False)
[36m(RayTrainWorker pid=98126)[0m Reporting training result 8: TrainingReport(checkpoint=None, metrics={'epoch': 8, 'accuracy': 0.5191, 'best_accuracy': 0.5191, 'avg_epoch_time_s': 19.754137443874924}, validation=False)
[36m(RayTrainWorker pid=98126)[0m Reporting training result 9: TrainingReport(checkpoint=None, metrics={'epoch': 9, 'accuracy': 0.5188, 'best_accuracy': 0.5191, 'avg_epoch_time_s': 19.728793939222264}, validation=False)
[36m(RayTrainWorker pid=98126)[0m Reporting training result 10: TrainingReport(checkpoint=None, metrics={'epoch': 10, 'accuracy': 0.526, 'best_accuracy': 0.526, 'avg_epoch_time_s': 19.708722938100074}, validation=False)
[36m(RayTrainWorker pid=98126)[0m Reporting training result 11: TrainingReport(checkpoint=None, metrics={'epoch': 11, 'accuracy': 0.5177, 'best_accuracy': 0.526, 'avg_epoch_time_s': 19.6839856581818}, validation=False)
[36m(RayTrainWorker pid=98126)[0m Reporting training result 12: TrainingReport(checkpoint=None, metrics={'epoch': 12, 'accuracy': 0.5252, 'best_accuracy': 0.526, 'avg_epoch_time_s': 19.669856203583247}, validation=False)
[36m(RayTrainWorker pid=98126)[0m Reporting training result 13: TrainingReport(checkpoint=None, metrics={'epoch': 13, 'accuracy': 0.5306, 'best_accuracy': 0.5306, 'avg_epoch_time_s': 19.661644161615325}, validation=False)
[36m(RayTrainWorker pid=98126)[0m Reporting training result 14: TrainingReport(checkpoint=None, metrics={'epoch': 14, 'accuracy': 0.5207, 'best_accuracy': 0.5306, 'avg_epoch_time_s': 19.653822039357173}, validation=False)
[36m(RayTrainWorker pid=98126)[0m Reporting training result 15: TrainingReport(checkpoint=None, metrics={'epoch': 15, 'accuracy': 0.5224, 'best_accuracy': 0.5306, 'avg_epoch_time_s': 19.642133319200003}, validation=False)
[36m(RayTrainWorker pid=98126)[0m Reporting training result 16: TrainingReport(checkpoint=None, metrics={'epoch': 16, 'accuracy': 0.5307, 'best_accuracy': 0.5307, 'avg_epoch_time_s': 19.63251980387497}, validation=False)
[36m(RayTrainWorker pid=98126)[0m Reporting training result 17: TrainingReport(checkpoint=None, metrics={'epoch': 17, 'accuracy': 0.5286, 'best_accuracy': 0.5307, 'avg_epoch_time_s': 19.625865027823558}, validation=False)
[36m(RayTrainWorker pid=98126)[0m Reporting training result 18: TrainingReport(checkpoint=None, metrics={'epoch': 18, 'accuracy': 0.5342, 'best_accuracy': 0.5342, 'avg_epoch_time_s': 19.615621027388848}, validation=False)
[36m(RayTrainWorker pid=98126)[0m Reporting training result 19: TrainingReport(checkpoint=None, metrics={'epoch': 19, 'accuracy': 0.5373, 'best_accuracy': 0.5373, 'avg_epoch_time_s': 19.609145145473647}, validation=False)
[36m(RayTrainWorker pid=98126)[0m Reporting training result 20: TrainingReport(checkpoint=None, metrics={'epoch': 20, 'accuracy': 0.5366, 'best_accuracy': 0.5373, 'avg_epoch_time_s': 19.60586050034999}, validation=False)
[36m(RayTrainWorker pid=98126)[0m Reporting training result 21: TrainingReport(checkpoint=None, metrics={'epoch': 21, 'accuracy': 0.5293, 'best_accuracy': 0.5373, 'avg_epoch_time_s': 19.606621787285672}, validation=False)
[36m(RayTrainWorker pid=98126)[0m Reporting training result 22: TrainingReport(checkpoint=None, metrics={'epoch': 22, 'accuracy': 0.5439, 'best_accuracy': 0.5439, 'avg_epoch_time_s': 19.602092754636363}, validation=False)
[36m(RayTrainWorker pid=98126)[0m Reporting training result 23: TrainingReport(checkpoint=None, metrics={'epoch': 23, 'accuracy': 0.5303, 'best_accuracy': 0.5439, 'avg_epoch_time_s': 19.59193197382608}, validation=False)
[36m(RayTrainWorker pid=98126)[0m Reporting training result 24: TrainingReport(checkpoint=None, metrics={'epoch': 24, 'accuracy': 0.5334, 'best_accuracy': 0.5439, 'avg_epoch_time_s': 19.59166086350001}, validation=False)
[36m(RayTrainWorker pid=98126)[0m Reporting training result 25: TrainingReport(checkpoint=None, metrics={'epoch': 25, 'accuracy': 0.5279, 'best_accuracy': 0.5439, 'avg_epoch_time_s': 19.588510921639973}, validation=False)
[36m(RayTrainWorker pid=98126)[0m Reporting training result 26: TrainingReport(checkpoint=None, metrics={'epoch': 26, 'accuracy': 0.5371, 'best_accuracy': 0.5439, 'avg_epoch_time_s': 19.58588665584613}, validation=False)
[36m(RayTrainWorker pid=98126)[0m Reporting training result 27: TrainingReport(checkpoint=None, metrics={'epoch': 27, 'accuracy': 0.5365, 'best_accuracy': 0.5439, 'avg_epoch_time_s': 19.58355588537038}, validation=False)
[36m(RayTrainWorker pid=98126)[0m Reporting training result 28: TrainingReport(checkpoint=None, metrics={'epoch': 28, 'accuracy': 0.5366, 'best_accuracy': 0.5439, 'avg_epoch_time_s': 19.582938403678586}, validation=False)
[36m(RayTrainWorker pid=98126)[0m Reporting training result 29: TrainingReport(checkpoint=None, metrics={'epoch': 29, 'accuracy': 0.5453, 'best_accuracy': 0.5453, 'avg_epoch_time_s': 19.579868156000007}, validation=False)
[36m(RayTrainWorker pid=98126)[0m Reporting training result 30: TrainingReport(checkpoint=None, metrics={'epoch': 30, 'accuracy': 0.5394, 'best_accuracy': 0.5453, 'avg_epoch_time_s': 19.580011033666658}, validation=False)
[36m(TrainController pid=100395)[0m Requesting resources: {'GPU': 1} * 1
[36m(TrainController pid=100395)[0m Attempting to start training worker group of size 1 with the following resources: [{'GPU': 1}] * 1
[36m(RayTrainWorker pid=100442)[0m Setting up process group for: env:// [rank=0, world_size=1]
[36m(TrainController pid=100395)[0m Started training worker group of size 1: 
[36m(TrainController pid=100395)[0m - (ip=172.31.32.108, pid=100442) world_rank=0, local_rank=0, node_rank=0
[36m(RayTrainWorker pid=100442)[0m 
[36m(RayTrainWorker pid=100442)[0m ================ WORKER DEVICE DEBUG ================
[36m(RayTrainWorker pid=100442)[0m CUDA_VISIBLE_DEVICES = 0
[36m(RayTrainWorker pid=100442)[0m torch.cuda.is_available() = True
[36m(RayTrainWorker pid=100442)[0m torch.cuda.device_count() = 1
[36m(RayTrainWorker pid=100442)[0m current device index = 0
[36m(RayTrainWorker pid=100442)[0m device name = NVIDIA A10G
[36m(RayTrainWorker pid=100442)[0m =====================================================
[36m(RayTrainWorker pid=100442)[0m 
[36m(RayTrainWorker pid=100442)[0m 🔍 TRAINING WITH MODEL: wide_resnet101_2
[36m(RayTrainWorker pid=100442)[0m 🔍 FULL CONFIG: epochs=26, lr=0.0003263482258260044, batch_size=128, image_size=64
[36m(RayTrainWorker pid=100442)[0m Moving model to device: cuda:0
[36m(RayTrainWorker pid=100442)[0m Reporting training result 1: TrainingReport(checkpoint=None, metrics={'epoch': 1, 'accuracy': 0.4188, 'best_accuracy': 0.4188, 'avg_epoch_time_s': 21.017051498}, validation=False)
[36m(RayTrainWorker pid=100442)[0m Reporting training result 2: TrainingReport(checkpoint=None, metrics={'epoch': 2, 'accuracy': 0.4592, 'best_accuracy': 0.4592, 'avg_epoch_time_s': 20.342590304499936}, validation=False)
[36m(RayTrainWorker pid=100442)[0m Reporting training result 3: TrainingReport(checkpoint=None, metrics={'epoch': 3, 'accuracy': 0.4764, 'best_accuracy': 0.4764, 'avg_epoch_time_s': 20.008040592666777}, validation=False)
[36m(RayTrainWorker pid=100442)[0m Reporting training result 4: TrainingReport(checkpoint=None, metrics={'epoch': 4, 'accuracy': 0.485, 'best_accuracy': 0.485, 'avg_epoch_time_s': 19.839849526000307}, validation=False)
[36m(RayTrainWorker pid=100442)[0m Reporting training result 5: TrainingReport(checkpoint=None, metrics={'epoch': 5, 'accuracy': 0.4938, 'best_accuracy': 0.4938, 'avg_epoch_time_s': 19.733471670600192}, validation=False)
[36m(RayTrainWorker pid=100442)[0m Reporting training result 6: TrainingReport(checkpoint=None, metrics={'epoch': 6, 'accuracy': 0.4948, 'best_accuracy': 0.4948, 'avg_epoch_time_s': 19.6621646036668}, validation=False)
[36m(RayTrainWorker pid=100442)[0m Reporting training result 7: TrainingReport(checkpoint=None, metrics={'epoch': 7, 'accuracy': 0.4964, 'best_accuracy': 0.4964, 'avg_epoch_time_s': 19.604090092714355}, validation=False)
[36m(RayTrainWorker pid=100442)[0m Reporting training result 8: TrainingReport(checkpoint=None, metrics={'epoch': 8, 'accuracy': 0.4997, 'best_accuracy': 0.4997, 'avg_epoch_time_s': 19.568942107875046}, validation=False)
[36m(RayTrainWorker pid=100442)[0m Reporting training result 9: TrainingReport(checkpoint=None, metrics={'epoch': 9, 'accuracy': 0.5041, 'best_accuracy': 0.5041, 'avg_epoch_time_s': 19.53089696977784}, validation=False)
[36m(RayTrainWorker pid=100442)[0m Reporting training result 10: TrainingReport(checkpoint=None, metrics={'epoch': 10, 'accuracy': 0.5046, 'best_accuracy': 0.5046, 'avg_epoch_time_s': 19.50924671970006}, validation=False)
[36m(RayTrainWorker pid=100442)[0m Reporting training result 11: TrainingReport(checkpoint=None, metrics={'epoch': 11, 'accuracy': 0.504, 'best_accuracy': 0.5046, 'avg_epoch_time_s': 19.496690603545588}, validation=False)
[36m(RayTrainWorker pid=100442)[0m Reporting training result 12: TrainingReport(checkpoint=None, metrics={'epoch': 12, 'accuracy': 0.5049, 'best_accuracy': 0.5049, 'avg_epoch_time_s': 19.48283798608342}, validation=False)
[36m(RayTrainWorker pid=100442)[0m Reporting training result 13: TrainingReport(checkpoint=None, metrics={'epoch': 13, 'accuracy': 0.5109, 'best_accuracy': 0.5109, 'avg_epoch_time_s': 19.47054375853846}, validation=False)
[36m(RayTrainWorker pid=100442)[0m Reporting training result 14: TrainingReport(checkpoint=None, metrics={'epoch': 14, 'accuracy': 0.5088, 'best_accuracy': 0.5109, 'avg_epoch_time_s': 19.461321494071463}, validation=False)
[36m(RayTrainWorker pid=100442)[0m Reporting training result 15: TrainingReport(checkpoint=None, metrics={'epoch': 15, 'accuracy': 0.5102, 'best_accuracy': 0.5109, 'avg_epoch_time_s': 19.459827517399997}, validation=False)
[36m(RayTrainWorker pid=100442)[0m Reporting training result 16: TrainingReport(checkpoint=None, metrics={'epoch': 16, 'accuracy': 0.5113, 'best_accuracy': 0.5113, 'avg_epoch_time_s': 19.45986592400004}, validation=False)
[36m(RayTrainWorker pid=100442)[0m Reporting training result 17: TrainingReport(checkpoint=None, metrics={'epoch': 17, 'accuracy': 0.5161, 'best_accuracy': 0.5161, 'avg_epoch_time_s': 19.455667759647067}, validation=False)
[36m(RayTrainWorker pid=100442)[0m Reporting training result 18: TrainingReport(checkpoint=None, metrics={'epoch': 18, 'accuracy': 0.5156, 'best_accuracy': 0.5161, 'avg_epoch_time_s': 19.44996905472221}, validation=False)
[36m(RayTrainWorker pid=100442)[0m Reporting training result 19: TrainingReport(checkpoint=None, metrics={'epoch': 19, 'accuracy': 0.5181, 'best_accuracy': 0.5181, 'avg_epoch_time_s': 19.444842599631603}, validation=False)
[36m(RayTrainWorker pid=100442)[0m Reporting training result 20: TrainingReport(checkpoint=None, metrics={'epoch': 20, 'accuracy': 0.5169, 'best_accuracy': 0.5181, 'avg_epoch_time_s': 19.442266998600008}, validation=False)
[36m(RayTrainWorker pid=100442)[0m Reporting training result 21: TrainingReport(checkpoint=None, metrics={'epoch': 21, 'accuracy': 0.512, 'best_accuracy': 0.5181, 'avg_epoch_time_s': 19.436668182428633}, validation=False)
[36m(RayTrainWorker pid=100442)[0m Reporting training result 22: TrainingReport(checkpoint=None, metrics={'epoch': 22, 'accuracy': 0.5172, 'best_accuracy': 0.5181, 'avg_epoch_time_s': 19.431943674090938}, validation=False)
[36m(RayTrainWorker pid=100442)[0m Reporting training result 23: TrainingReport(checkpoint=None, metrics={'epoch': 23, 'accuracy': 0.5221, 'best_accuracy': 0.5221, 'avg_epoch_time_s': 19.42699838917392}, validation=False)
[36m(RayTrainWorker pid=100442)[0m Reporting training result 24: TrainingReport(checkpoint=None, metrics={'epoch': 24, 'accuracy': 0.5217, 'best_accuracy': 0.5221, 'avg_epoch_time_s': 19.421726518333344}, validation=False)
[36m(RayTrainWorker pid=100442)[0m Reporting training result 25: TrainingReport(checkpoint=None, metrics={'epoch': 25, 'accuracy': 0.5191, 'best_accuracy': 0.5221, 'avg_epoch_time_s': 19.417654440879996}, validation=False)
[36m(RayTrainWorker pid=100442)[0m Reporting training result 26: TrainingReport(checkpoint=None, metrics={'epoch': 26, 'accuracy': 0.5166, 'best_accuracy': 0.5221, 'avg_epoch_time_s': 19.41348985842307}, validation=False)
[36m(TrainController pid=102417)[0m Requesting resources: {'GPU': 1} * 1
[36m(TrainController pid=102417)[0m Attempting to start training worker group of size 1 with the following resources: [{'GPU': 1}] * 1
[36m(RayTrainWorker pid=102460)[0m Setting up process group for: env:// [rank=0, world_size=1]
[36m(TrainController pid=102417)[0m Started training worker group of size 1: 
[36m(TrainController pid=102417)[0m - (ip=172.31.32.108, pid=102460) world_rank=0, local_rank=0, node_rank=0
[36m(RayTrainWorker pid=102460)[0m 
[36m(RayTrainWorker pid=102460)[0m ================ WORKER DEVICE DEBUG ================
[36m(RayTrainWorker pid=102460)[0m CUDA_VISIBLE_DEVICES = 0
[36m(RayTrainWorker pid=102460)[0m torch.cuda.is_available() = True
[36m(RayTrainWorker pid=102460)[0m torch.cuda.device_count() = 1
[36m(RayTrainWorker pid=102460)[0m current device index = 0
[36m(RayTrainWorker pid=102460)[0m device name = NVIDIA A10G
[36m(RayTrainWorker pid=102460)[0m =====================================================
[36m(RayTrainWorker pid=102460)[0m 
[36m(RayTrainWorker pid=102460)[0m 🔍 TRAINING WITH MODEL: wide_resnet101_2
[36m(RayTrainWorker pid=102460)[0m 🔍 FULL CONFIG: epochs=30, lr=0.00028943348466315983, batch_size=128, image_size=64
[36m(RayTrainWorker pid=102460)[0m Moving model to device: cuda:0
[36m(RayTrainWorker pid=102460)[0m Reporting training result 1: TrainingReport(checkpoint=None, metrics={'epoch': 1, 'accuracy': 0.4788, 'best_accuracy': 0.4788, 'avg_epoch_time_s': 20.955305153000154}, validation=False)
[36m(RayTrainWorker pid=102460)[0m Reporting training result 2: TrainingReport(checkpoint=None, metrics={'epoch': 2, 'accuracy': 0.4906, 'best_accuracy': 0.4906, 'avg_epoch_time_s': 20.509325376499874}, validation=False)
[36m(RayTrainWorker pid=102460)[0m Reporting training result 3: TrainingReport(checkpoint=None, metrics={'epoch': 3, 'accuracy': 0.5009, 'best_accuracy': 0.5009, 'avg_epoch_time_s': 20.187475928333395}, validation=False)
[36m(RayTrainWorker pid=102460)[0m Reporting training result 4: TrainingReport(checkpoint=None, metrics={'epoch': 4, 'accuracy': 0.5006, 'best_accuracy': 0.5009, 'avg_epoch_time_s': 20.008784010499767}, validation=False)
[36m(RayTrainWorker pid=102460)[0m Reporting training result 5: TrainingReport(checkpoint=None, metrics={'epoch': 5, 'accuracy': 0.5088, 'best_accuracy': 0.5088, 'avg_epoch_time_s': 19.90516470500006}, validation=False)
[36m(RayTrainWorker pid=102460)[0m Reporting training result 6: TrainingReport(checkpoint=None, metrics={'epoch': 6, 'accuracy': 0.5138, 'best_accuracy': 0.5138, 'avg_epoch_time_s': 19.853946685000057}, validation=False)
[36m(RayTrainWorker pid=102460)[0m Reporting training result 7: TrainingReport(checkpoint=None, metrics={'epoch': 7, 'accuracy': 0.5165, 'best_accuracy': 0.5165, 'avg_epoch_time_s': 19.80152164028576}, validation=False)
[36m(RayTrainWorker pid=102460)[0m Reporting training result 8: TrainingReport(checkpoint=None, metrics={'epoch': 8, 'accuracy': 0.5156, 'best_accuracy': 0.5165, 'avg_epoch_time_s': 19.776169652999897}, validation=False)
[36m(RayTrainWorker pid=102460)[0m Reporting training result 9: TrainingReport(checkpoint=None, metrics={'epoch': 9, 'accuracy': 0.5156, 'best_accuracy': 0.5165, 'avg_epoch_time_s': 19.7514379471112}, validation=False)
[36m(RayTrainWorker pid=102460)[0m Reporting training result 10: TrainingReport(checkpoint=None, metrics={'epoch': 10, 'accuracy': 0.5157, 'best_accuracy': 0.5165, 'avg_epoch_time_s': 19.726988507699936}, validation=False)
[36m(RayTrainWorker pid=102460)[0m Reporting training result 11: TrainingReport(checkpoint=None, metrics={'epoch': 11, 'accuracy': 0.5213, 'best_accuracy': 0.5213, 'avg_epoch_time_s': 19.715965447181755}, validation=False)
[36m(RayTrainWorker pid=102460)[0m Reporting training result 12: TrainingReport(checkpoint=None, metrics={'epoch': 12, 'accuracy': 0.5191, 'best_accuracy': 0.5213, 'avg_epoch_time_s': 19.708116384333305}, validation=False)
[36m(RayTrainWorker pid=102460)[0m Reporting training result 13: TrainingReport(checkpoint=None, metrics={'epoch': 13, 'accuracy': 0.5275, 'best_accuracy': 0.5275, 'avg_epoch_time_s': 19.694063749230807}, validation=False)
[36m(RayTrainWorker pid=102460)[0m Reporting training result 14: TrainingReport(checkpoint=None, metrics={'epoch': 14, 'accuracy': 0.5201, 'best_accuracy': 0.5275, 'avg_epoch_time_s': 19.683717226285676}, validation=False)
[36m(RayTrainWorker pid=102460)[0m Reporting training result 15: TrainingReport(checkpoint=None, metrics={'epoch': 15, 'accuracy': 0.5198, 'best_accuracy': 0.5275, 'avg_epoch_time_s': 19.674754527800058}, validation=False)
[36m(RayTrainWorker pid=102460)[0m Reporting training result 16: TrainingReport(checkpoint=None, metrics={'epoch': 16, 'accuracy': 0.5292, 'best_accuracy': 0.5292, 'avg_epoch_time_s': 19.661051030625003}, validation=False)
[36m(RayTrainWorker pid=102460)[0m Reporting training result 17: TrainingReport(checkpoint=None, metrics={'epoch': 17, 'accuracy': 0.5317, 'best_accuracy': 0.5317, 'avg_epoch_time_s': 19.651648967764714}, validation=False)
[36m(RayTrainWorker pid=102460)[0m Reporting training result 18: TrainingReport(checkpoint=None, metrics={'epoch': 18, 'accuracy': 0.5291, 'best_accuracy': 0.5317, 'avg_epoch_time_s': 19.64536664888884}, validation=False)
[36m(RayTrainWorker pid=102460)[0m Reporting training result 19: TrainingReport(checkpoint=None, metrics={'epoch': 19, 'accuracy': 0.5292, 'best_accuracy': 0.5317, 'avg_epoch_time_s': 19.63996710747367}, validation=False)
[36m(RayTrainWorker pid=102460)[0m Reporting training result 20: TrainingReport(checkpoint=None, metrics={'epoch': 20, 'accuracy': 0.5334, 'best_accuracy': 0.5334, 'avg_epoch_time_s': 19.64186003394998}, validation=False)
[36m(RayTrainWorker pid=102460)[0m Reporting training result 21: TrainingReport(checkpoint=None, metrics={'epoch': 21, 'accuracy': 0.5309, 'best_accuracy': 0.5334, 'avg_epoch_time_s': 19.63871241838093}, validation=False)
[36m(RayTrainWorker pid=102460)[0m Reporting training result 22: TrainingReport(checkpoint=None, metrics={'epoch': 22, 'accuracy': 0.5351, 'best_accuracy': 0.5351, 'avg_epoch_time_s': 19.63448297490909}, validation=False)
[36m(RayTrainWorker pid=102460)[0m Reporting training result 23: TrainingReport(checkpoint=None, metrics={'epoch': 23, 'accuracy': 0.5313, 'best_accuracy': 0.5351, 'avg_epoch_time_s': 19.63185241208695}, validation=False)
[36m(RayTrainWorker pid=102460)[0m Reporting training result 24: TrainingReport(checkpoint=None, metrics={'epoch': 24, 'accuracy': 0.5302, 'best_accuracy': 0.5351, 'avg_epoch_time_s': 19.6298251705}, validation=False)
[36m(RayTrainWorker pid=102460)[0m Reporting training result 25: TrainingReport(checkpoint=None, metrics={'epoch': 25, 'accuracy': 0.5281, 'best_accuracy': 0.5351, 'avg_epoch_time_s': 19.628166114240013}, validation=False)
[36m(RayTrainWorker pid=102460)[0m Reporting training result 26: TrainingReport(checkpoint=None, metrics={'epoch': 26, 'accuracy': 0.5334, 'best_accuracy': 0.5351, 'avg_epoch_time_s': 19.62834153026926}, validation=False)
[36m(RayTrainWorker pid=102460)[0m Reporting training result 27: TrainingReport(checkpoint=None, metrics={'epoch': 27, 'accuracy': 0.536, 'best_accuracy': 0.536, 'avg_epoch_time_s': 19.625111416370366}, validation=False)
[36m(RayTrainWorker pid=102460)[0m Reporting training result 28: TrainingReport(checkpoint=None, metrics={'epoch': 28, 'accuracy': 0.5316, 'best_accuracy': 0.536, 'avg_epoch_time_s': 19.62635607482142}, validation=False)
[36m(RayTrainWorker pid=102460)[0m Reporting training result 29: TrainingReport(checkpoint=None, metrics={'epoch': 29, 'accuracy': 0.5301, 'best_accuracy': 0.536, 'avg_epoch_time_s': 19.627159169000027}, validation=False)
[36m(RayTrainWorker pid=102460)[0m Reporting training result 30: TrainingReport(checkpoint=None, metrics={'epoch': 30, 'accuracy': 0.5323, 'best_accuracy': 0.536, 'avg_epoch_time_s': 19.625621527466684}, validation=False)
[36m(TrainController pid=104735)[0m Requesting resources: {'GPU': 1} * 1
[36m(TrainController pid=104735)[0m Attempting to start training worker group of size 1 with the following resources: [{'GPU': 1}] * 1
[36m(RayTrainWorker pid=104777)[0m Setting up process group for: env:// [rank=0, world_size=1]
[36m(TrainController pid=104735)[0m Started training worker group of size 1: 
[36m(TrainController pid=104735)[0m - (ip=172.31.32.108, pid=104777) world_rank=0, local_rank=0, node_rank=0
[36m(RayTrainWorker pid=104777)[0m 
[36m(RayTrainWorker pid=104777)[0m ================ WORKER DEVICE DEBUG ================
[36m(RayTrainWorker pid=104777)[0m CUDA_VISIBLE_DEVICES = 0
[36m(RayTrainWorker pid=104777)[0m torch.cuda.is_available() = True
[36m(RayTrainWorker pid=104777)[0m torch.cuda.device_count() = 1
[36m(RayTrainWorker pid=104777)[0m current device index = 0
[36m(RayTrainWorker pid=104777)[0m device name = NVIDIA A10G
[36m(RayTrainWorker pid=104777)[0m =====================================================
[36m(RayTrainWorker pid=104777)[0m 
[36m(RayTrainWorker pid=104777)[0m 🔍 TRAINING WITH MODEL: wide_resnet101_2
[36m(RayTrainWorker pid=104777)[0m 🔍 FULL CONFIG: epochs=29, lr=0.01889223382879884, batch_size=128, image_size=64
[36m(RayTrainWorker pid=104777)[0m Moving model to device: cuda:0
[36m(RayTrainWorker pid=104777)[0m Reporting training result 1: TrainingReport(checkpoint=None, metrics={'epoch': 1, 'accuracy': 0.4624, 'best_accuracy': 0.4624, 'avg_epoch_time_s': 21.16319057400142}, validation=False)
[36m(RayTrainWorker pid=104777)[0m Reporting training result 2: TrainingReport(checkpoint=None, metrics={'epoch': 2, 'accuracy': 0.4849, 'best_accuracy': 0.4849, 'avg_epoch_time_s': 20.68738328500058}, validation=False)
[36m(RayTrainWorker pid=104777)[0m Reporting training result 3: TrainingReport(checkpoint=None, metrics={'epoch': 3, 'accuracy': 0.4798, 'best_accuracy': 0.4849, 'avg_epoch_time_s': 20.348804154333266}, validation=False)
[36m(RayTrainWorker pid=104777)[0m Reporting training result 4: TrainingReport(checkpoint=None, metrics={'epoch': 4, 'accuracy': 0.4857, 'best_accuracy': 0.4857, 'avg_epoch_time_s': 20.180390088999957}, validation=False)
[36m(RayTrainWorker pid=104777)[0m Reporting training result 5: TrainingReport(checkpoint=None, metrics={'epoch': 5, 'accuracy': 0.4882, 'best_accuracy': 0.4882, 'avg_epoch_time_s': 20.063469024000007}, validation=False)
[36m(RayTrainWorker pid=104777)[0m Reporting training result 6: TrainingReport(checkpoint=None, metrics={'epoch': 6, 'accuracy': 0.5019, 'best_accuracy': 0.5019, 'avg_epoch_time_s': 20.00848360666684}, validation=False)
[36m(RayTrainWorker pid=104777)[0m Reporting training result 7: TrainingReport(checkpoint=None, metrics={'epoch': 7, 'accuracy': 0.4969, 'best_accuracy': 0.5019, 'avg_epoch_time_s': 19.96070531271445}, validation=False)
[36m(RayTrainWorker pid=104777)[0m Reporting training result 8: TrainingReport(checkpoint=None, metrics={'epoch': 8, 'accuracy': 0.4957, 'best_accuracy': 0.5019, 'avg_epoch_time_s': 19.927677349000078}, validation=False)
[36m(RayTrainWorker pid=104777)[0m Reporting training result 9: TrainingReport(checkpoint=None, metrics={'epoch': 9, 'accuracy': 0.498, 'best_accuracy': 0.5019, 'avg_epoch_time_s': 19.896220516889016}, validation=False)
[36m(RayTrainWorker pid=104777)[0m Reporting training result 10: TrainingReport(checkpoint=None, metrics={'epoch': 10, 'accuracy': 0.5145, 'best_accuracy': 0.5145, 'avg_epoch_time_s': 19.86810514970002}, validation=False)
[36m(RayTrainWorker pid=104777)[0m Reporting training result 11: TrainingReport(checkpoint=None, metrics={'epoch': 11, 'accuracy': 0.5003, 'best_accuracy': 0.5145, 'avg_epoch_time_s': 19.85718048381833}, validation=False)
[36m(RayTrainWorker pid=104777)[0m Reporting training result 12: TrainingReport(checkpoint=None, metrics={'epoch': 12, 'accuracy': 0.5074, 'best_accuracy': 0.5145, 'avg_epoch_time_s': 19.83865785366667}, validation=False)
[36m(RayTrainWorker pid=104777)[0m Reporting training result 13: TrainingReport(checkpoint=None, metrics={'epoch': 13, 'accuracy': 0.5065, 'best_accuracy': 0.5145, 'avg_epoch_time_s': 19.83523263515389}, validation=False)
[36m(RayTrainWorker pid=104777)[0m Reporting training result 14: TrainingReport(checkpoint=None, metrics={'epoch': 14, 'accuracy': 0.5067, 'best_accuracy': 0.5145, 'avg_epoch_time_s': 19.83086766992866}, validation=False)
[36m(RayTrainWorker pid=104777)[0m Reporting training result 15: TrainingReport(checkpoint=None, metrics={'epoch': 15, 'accuracy': 0.5016, 'best_accuracy': 0.5145, 'avg_epoch_time_s': 19.821130570733416}, validation=False)
[36m(RayTrainWorker pid=104777)[0m Reporting training result 16: TrainingReport(checkpoint=None, metrics={'epoch': 16, 'accuracy': 0.5021, 'best_accuracy': 0.5145, 'avg_epoch_time_s': 19.812369445250056}, validation=False)
[36m(RayTrainWorker pid=104777)[0m Reporting training result 17: TrainingReport(checkpoint=None, metrics={'epoch': 17, 'accuracy': 0.4949, 'best_accuracy': 0.5145, 'avg_epoch_time_s': 19.805717612235373}, validation=False)
[36m(RayTrainWorker pid=104777)[0m Reporting training result 18: TrainingReport(checkpoint=None, metrics={'epoch': 18, 'accuracy': 0.5215, 'best_accuracy': 0.5215, 'avg_epoch_time_s': 19.805213214500025}, validation=False)
[36m(RayTrainWorker pid=104777)[0m Reporting training result 19: TrainingReport(checkpoint=None, metrics={'epoch': 19, 'accuracy': 0.5078, 'best_accuracy': 0.5215, 'avg_epoch_time_s': 19.802751017579027}, validation=False)
[36m(RayTrainWorker pid=104777)[0m Reporting training result 20: TrainingReport(checkpoint=None, metrics={'epoch': 20, 'accuracy': 0.5066, 'best_accuracy': 0.5215, 'avg_epoch_time_s': 19.79886472900007}, validation=False)
[36m(RayTrainWorker pid=104777)[0m Reporting training result 21: TrainingReport(checkpoint=None, metrics={'epoch': 21, 'accuracy': 0.4826, 'best_accuracy': 0.5215, 'avg_epoch_time_s': 19.795013751904794}, validation=False)
[36m(RayTrainWorker pid=104777)[0m Reporting training result 22: TrainingReport(checkpoint=None, metrics={'epoch': 22, 'accuracy': 0.5078, 'best_accuracy': 0.5215, 'avg_epoch_time_s': 19.791973115590903}, validation=False)
[36m(RayTrainWorker pid=104777)[0m Reporting training result 23: TrainingReport(checkpoint=None, metrics={'epoch': 23, 'accuracy': 0.5104, 'best_accuracy': 0.5215, 'avg_epoch_time_s': 19.78836161826091}, validation=False)
[36m(RayTrainWorker pid=104777)[0m Reporting training result 24: TrainingReport(checkpoint=None, metrics={'epoch': 24, 'accuracy': 0.5265, 'best_accuracy': 0.5265, 'avg_epoch_time_s': 19.78362174583337}, validation=False)
[36m(RayTrainWorker pid=104777)[0m Reporting training result 25: TrainingReport(checkpoint=None, metrics={'epoch': 25, 'accuracy': 0.5138, 'best_accuracy': 0.5265, 'avg_epoch_time_s': 19.781043085320054}, validation=False)
[36m(RayTrainWorker pid=104777)[0m Reporting training result 26: TrainingReport(checkpoint=None, metrics={'epoch': 26, 'accuracy': 0.5049, 'best_accuracy': 0.5265, 'avg_epoch_time_s': 19.778183927653888}, validation=False)
[36m(RayTrainWorker pid=104777)[0m Reporting training result 27: TrainingReport(checkpoint=None, metrics={'epoch': 27, 'accuracy': 0.5115, 'best_accuracy': 0.5265, 'avg_epoch_time_s': 19.774637182407417}, validation=False)
[36m(RayTrainWorker pid=104777)[0m Reporting training result 28: TrainingReport(checkpoint=None, metrics={'epoch': 28, 'accuracy': 0.4981, 'best_accuracy': 0.5265, 'avg_epoch_time_s': 19.771549094357137}, validation=False)
[36m(RayTrainWorker pid=104777)[0m Reporting training result 29: TrainingReport(checkpoint=None, metrics={'epoch': 29, 'accuracy': 0.5029, 'best_accuracy': 0.5265, 'avg_epoch_time_s': 19.770331787000032}, validation=False)
2026-05-10 15:50:40,968	INFO tune.py:1001 -- Wrote the latest version of all result files and experiment state to '/fsx/ray_results/pytorch_hpo_phase1' in 0.1214s.

INFO:cloud_runner_HPO_new:Parsed HPO result: {'config': {'accuracy': 0.5453, 'model_name': 'wide_resnet101_2', 'epoch': 30, 'learning_rate': 0.004358254862290152, 'momentum': 0.9468111101052894, 'batch_size': 128, 'hidden': 10, 'image_size': 64, 'next_trials': 10}}
INFO:cloud_runner_HPO_new:HPO pipeline completed successfully
INFO:cloud_runner_HPO_new:Cleaning up Ray cluster...
INFO:paramiko.transport:Connected (version 2.0, client OpenSSH_8.9p1)
INFO:paramiko.transport:Authentication (publickey) successful!
INFO:cloud_runner_HPO_new:Ray stopped on 172.31.32.108
INFO:cloud_runner_HPO_new:HPO execution completed successfully

