=== COMMAND ===
/home/ubuntu/rayenv/bin/python3 /fsx/Vortex-mid/Vortex-moldable-sched/service/run_hpo.py {"wf_id": "hpo-df19b440", "cohesion": {"accuracy": 0.5453, "model_name": "wide_resnet101_2", "epoch": 30, "learning_rate": 0.004358254862290152, "momentum": 0.9468111101052894, "batch_size": 128, "hidden": 10, "image_size": 64, "next_trials": 10}, "hosts": {"g5.xlarge": ["172.31.32.108"]}, "chains": 10, "tinyda_iterations": 30, "mesh": "wide_resnet101_2", "port": 4242}

=== STDOUT ===
hpo-df19b440
{"config": {"accuracy": 0.5461, "model_name": "wide_resnet101_2", "epoch": 39, "learning_rate": 0.003155536614944919, "momentum": 0.8671248490110872, "batch_size": 128, "hidden": 10, "image_size": 64, "next_trials": 10}, "status": "ok", "wf_id": "hpo-df19b440", "mode": "cloud"}


=== STDERR ===
INFO:cloud_runner_HPO_new:Starting HPO Cloud Runner execution...
INFO:cloud_runner_HPO_new:Setting up HPO Ray cluster...
INFO:cloud_runner_HPO_new:Extracted 1 worker IPs: ['172.31.32.108']
INFO:cloud_runner_HPO_new:Ray Head: 172.31.32.108
INFO:cloud_runner_HPO_new:Ray Workers: []
INFO:paramiko.transport:Connected (version 2.0, client OpenSSH_8.9p1)
INFO:paramiko.transport:Authentication (publickey) successful!
INFO:cloud_runner_HPO_new:Ray port 6380 on 172.31.32.108 is free after stop
INFO:cloud_runner_HPO_new:Ray head startup output: 2026-05-10 15:51:06,822	INFO usage_lib.py:474 -- Usage stats collection is enabled by default without user confirmation because this terminal is detected to be non-interactive. To disable this, add `--disable-usage-stats` to the command that starts the cluster, or run the following command: `ray disable-usage-stats` before starting the cluster. See https://docs.ray.io/en/master/cluster/usage-stats.html for more details.
2026-05-10 15:51:06,822	INFO scripts.py:940 -- [37mLocal node IP[39m: [1m172.31.32.108[22m
2026-05-10 15:51:12,960	SUCC scripts.py:979 -- [32m--------------------[39m
2026-05-10 15:51:12,960	SUCC scripts.py:980 -- [32mRay runtime started.[39m
2026-05-10 15:51:12,960	SUCC scripts.py:981 -- [32m--------------------[39m
2026-05-10 15:51:12,960	INFO scripts.py:983 -- [36mNext steps[39m
2026-05-10 15:51:12,960	INFO scripts.py:986 -- To add another node to this Ray cluster, run
2026-05-10 15:51:12,960	INFO scripts.py:989 -- [1m  ray start --address='172.31.32.108:6380'[22m
2026-05-10 15:51:12,960	INFO scripts.py:1000 -- To connect to this Ray cluster:
2026-05-10 15:51:12,960	INFO scripts.py:1002 -- [35mimport[39m[26m ray
2026-05-10 15:51:12,961	INFO scripts.py:1003 -- ray[35m.[39m[26minit()
2026-05-10 15:51:12,961	INFO scripts.py:1017 -- To submit a Ray job using the Ray Jobs CLI:
2026-05-10 15:51:12,961	INFO scripts.py:1018 -- [1m  RAY_API_SERVER_ADDRESS='http://127.0.0.1:8265' ray job submit --working-dir . -- python my_script.py[22m
2026-05-10 15:51:12,961	INFO scripts.py:1027 -- See https://docs.ray.io/en/latest/cluster/running-applications/job-submission/index.html 
2026-05-10 15:51:12,961	INFO scripts.py:1031 -- for more information on submitting Ray jobs to the Ray cluster.
2026-05-10 15:51:12,961	INFO scripts.py:1036 -- To terminate the Ray runtime, run
2026-05-10 15:51:12,961	INFO scripts.py:1037 -- [1m  ray stop[22m
2026-05-10 15:51:12,961	INFO scripts.py:1040 -- To view the status of the cluster, use
2026-05-10 15:51:12,961	INFO scripts.py:1041 --   [1mray status[22m[26m
2026-05-10 15:51:12,961	INFO scripts.py:1045 -- To monitor and debug Ray, view the dashboard at 
2026-05-10 15:51:12,961	INFO scripts.py:1046 --   [1m127.0.0.1:8265[22m[26m
2026-05-10 15:51:12,961	INFO scripts.py:1053 -- [4mIf connection to the dashboard fails, check your firewall settings and network configuration.[24m

INFO:paramiko.transport:Connected (version 2.0, client OpenSSH_8.9p1)
INFO:paramiko.transport:Authentication (publickey) successful!
INFO:cloud_runner_HPO_new:Ray head ports reachable; assuming healthy.
INFO:cloud_runner_HPO_new:No additional Ray workers to start
INFO:cloud_runner_HPO_new:Ray cluster setup completed successfully
INFO:cloud_runner_HPO_new:Starting HPO pipeline execution...
INFO:paramiko.transport:Connected (version 2.0, client OpenSSH_8.9p1)
INFO:paramiko.transport:Authentication (publickey) successful!
INFO:cloud_runner_HPO_new:⚠️  HPO CONFIG PREPARED:
INFO:cloud_runner_HPO_new:    model_name: wide_resnet101_2
INFO:cloud_runner_HPO_new:    epochs: 30
INFO:cloud_runner_HPO_new:    trials: 10
INFO:cloud_runner_HPO_new:    Full config: {'model_name': 'wide_resnet101_2', 'epoch': 30, 'next_trials': 10, 'learning_rate': 0.004358254862290152, 'momentum': 0.9468111101052894, 'batch_size': 128, 'hidden': 10, 'image_size': 64, 'amp': True, 'train_backbone': False, 'data_dir': '/home/ubuntu/cifar10'}
INFO:paramiko.transport.sftp:[chan 0] Opened sftp connection (server version 3)
INFO:paramiko.transport.sftp:[chan 0] sftp session closed.
INFO:cloud_runner_HPO_new:Extracted 1 worker IPs: ['172.31.32.108']
INFO:cloud_runner_HPO_new:Executing HPO pipeline...
WARNING:cloud_runner_HPO_new:HPO pipeline warnings: 2026-05-10 15:51:17,759	INFO worker.py:1672 -- Using address 172.31.32.108:6380 set in the environment variable RAY_ADDRESS
2026-05-10 15:51:17,763	INFO worker.py:1814 -- Connecting to existing Ray cluster at address: 172.31.32.108:6380...
2026-05-10 15:51:17,796	INFO worker.py:2003 -- Connected to Ray cluster. View the dashboard at [1m[32m127.0.0.1:8265 [39m[22m
/home/ubuntu/rayenv/lib/python3.10/site-packages/ray/_private/worker.py:2051: FutureWarning: Tip: In future versions of Ray, Ray will no longer override accelerator visible devices env var if num_gpus=0 or num_gpus=None (default). To enable this behavior and turn off this error message, set RAY_ACCEL_ENV_VAR_OVERRIDE_ON_ZERO=0
  warnings.warn(
2026-05-10 15:51:18,596	INFO registry.py:112 -- Detected unknown callable for trainable. Converting to class.
[36m(TrainController pid=107950)[0m Requesting resources: {'GPU': 1} * 1
[36m(TrainController pid=107950)[0m Attempting to start training worker group of size 1 with the following resources: [{'GPU': 1}] * 1
[36m(RayTrainWorker pid=108041)[0m Setting up process group for: env:// [rank=0, world_size=1]
[36m(TrainController pid=107950)[0m Started training worker group of size 1: 
[36m(TrainController pid=107950)[0m - (ip=172.31.32.108, pid=108041) world_rank=0, local_rank=0, node_rank=0
[36m(RayTrainWorker pid=108041)[0m 
[36m(RayTrainWorker pid=108041)[0m ================ WORKER DEVICE DEBUG ================
[36m(RayTrainWorker pid=108041)[0m CUDA_VISIBLE_DEVICES = 0
[36m(RayTrainWorker pid=108041)[0m torch.cuda.is_available() = True
[36m(RayTrainWorker pid=108041)[0m torch.cuda.device_count() = 1
[36m(RayTrainWorker pid=108041)[0m current device index = 0
[36m(RayTrainWorker pid=108041)[0m device name = NVIDIA A10G
[36m(RayTrainWorker pid=108041)[0m =====================================================
[36m(RayTrainWorker pid=108041)[0m 
[36m(RayTrainWorker pid=108041)[0m 🔍 TRAINING WITH MODEL: wide_resnet101_2
[36m(RayTrainWorker pid=108041)[0m 🔍 FULL CONFIG: epochs=24, lr=0.015237711865462186, batch_size=128, image_size=64
[36m(RayTrainWorker pid=108041)[0m Moving model to device: cuda:0
[36m(RayTrainWorker pid=108041)[0m Reporting training result 1: TrainingReport(checkpoint=None, metrics={'epoch': 1, 'accuracy': 0.4747, 'best_accuracy': 0.4747, 'avg_epoch_time_s': 20.858532455000386}, validation=False)
[36m(RayTrainWorker pid=108041)[0m Reporting training result 2: TrainingReport(checkpoint=None, metrics={'epoch': 2, 'accuracy': 0.4765, 'best_accuracy': 0.4765, 'avg_epoch_time_s': 20.407351627500248}, validation=False)
[36m(RayTrainWorker pid=108041)[0m Reporting training result 3: TrainingReport(checkpoint=None, metrics={'epoch': 3, 'accuracy': 0.4926, 'best_accuracy': 0.4926, 'avg_epoch_time_s': 20.101122519666507}, validation=False)
[36m(RayTrainWorker pid=108041)[0m Reporting training result 4: TrainingReport(checkpoint=None, metrics={'epoch': 4, 'accuracy': 0.4896, 'best_accuracy': 0.4926, 'avg_epoch_time_s': 19.948661964249823}, validation=False)
[36m(RayTrainWorker pid=108041)[0m Reporting training result 5: TrainingReport(checkpoint=None, metrics={'epoch': 5, 'accuracy': 0.4942, 'best_accuracy': 0.4942, 'avg_epoch_time_s': 19.841993450000153}, validation=False)
[36m(RayTrainWorker pid=108041)[0m Reporting training result 6: TrainingReport(checkpoint=None, metrics={'epoch': 6, 'accuracy': 0.5029, 'best_accuracy': 0.5029, 'avg_epoch_time_s': 19.78363433349993}, validation=False)
[36m(RayTrainWorker pid=108041)[0m Reporting training result 7: TrainingReport(checkpoint=None, metrics={'epoch': 7, 'accuracy': 0.5015, 'best_accuracy': 0.5029, 'avg_epoch_time_s': 19.738358006000063}, validation=False)
[36m(RayTrainWorker pid=108041)[0m Reporting training result 8: TrainingReport(checkpoint=None, metrics={'epoch': 8, 'accuracy': 0.4893, 'best_accuracy': 0.5029, 'avg_epoch_time_s': 19.704270285624943}, validation=False)
[36m(RayTrainWorker pid=108041)[0m Reporting training result 9: TrainingReport(checkpoint=None, metrics={'epoch': 9, 'accuracy': 0.4924, 'best_accuracy': 0.5029, 'avg_epoch_time_s': 19.67593456244443}, validation=False)
[36m(RayTrainWorker pid=108041)[0m Reporting training result 10: TrainingReport(checkpoint=None, metrics={'epoch': 10, 'accuracy': 0.5018, 'best_accuracy': 0.5029, 'avg_epoch_time_s': 19.649614682600077}, validation=False)
[36m(RayTrainWorker pid=108041)[0m Reporting training result 11: TrainingReport(checkpoint=None, metrics={'epoch': 11, 'accuracy': 0.5093, 'best_accuracy': 0.5093, 'avg_epoch_time_s': 19.62644454400007}, validation=False)
[36m(RayTrainWorker pid=108041)[0m Reporting training result 12: TrainingReport(checkpoint=None, metrics={'epoch': 12, 'accuracy': 0.5006, 'best_accuracy': 0.5093, 'avg_epoch_time_s': 19.606892462250016}, validation=False)
[36m(RayTrainWorker pid=108041)[0m Reporting training result 13: TrainingReport(checkpoint=None, metrics={'epoch': 13, 'accuracy': 0.5028, 'best_accuracy': 0.5093, 'avg_epoch_time_s': 19.585924391230808}, validation=False)
[36m(RayTrainWorker pid=108041)[0m Reporting training result 14: TrainingReport(checkpoint=None, metrics={'epoch': 14, 'accuracy': 0.5168, 'best_accuracy': 0.5168, 'avg_epoch_time_s': 19.572008979714287}, validation=False)
[36m(RayTrainWorker pid=108041)[0m Reporting training result 15: TrainingReport(checkpoint=None, metrics={'epoch': 15, 'accuracy': 0.5056, 'best_accuracy': 0.5168, 'avg_epoch_time_s': 19.55857979419998}, validation=False)
[36m(RayTrainWorker pid=108041)[0m Reporting training result 16: TrainingReport(checkpoint=None, metrics={'epoch': 16, 'accuracy': 0.5075, 'best_accuracy': 0.5168, 'avg_epoch_time_s': 19.55000758624999}, validation=False)
[36m(RayTrainWorker pid=108041)[0m Reporting training result 17: TrainingReport(checkpoint=None, metrics={'epoch': 17, 'accuracy': 0.4976, 'best_accuracy': 0.5168, 'avg_epoch_time_s': 19.541486125529392}, validation=False)
[36m(RayTrainWorker pid=108041)[0m Reporting training result 18: TrainingReport(checkpoint=None, metrics={'epoch': 18, 'accuracy': 0.4933, 'best_accuracy': 0.5168, 'avg_epoch_time_s': 19.538913324666687}, validation=False)
[36m(RayTrainWorker pid=108041)[0m Reporting training result 19: TrainingReport(checkpoint=None, metrics={'epoch': 19, 'accuracy': 0.5218, 'best_accuracy': 0.5218, 'avg_epoch_time_s': 19.53911793842101}, validation=False)
[36m(RayTrainWorker pid=108041)[0m Reporting training result 20: TrainingReport(checkpoint=None, metrics={'epoch': 20, 'accuracy': 0.4973, 'best_accuracy': 0.5218, 'avg_epoch_time_s': 19.537346681300004}, validation=False)
[36m(RayTrainWorker pid=108041)[0m Reporting training result 21: TrainingReport(checkpoint=None, metrics={'epoch': 21, 'accuracy': 0.5152, 'best_accuracy': 0.5218, 'avg_epoch_time_s': 19.53324142276194}, validation=False)
[36m(RayTrainWorker pid=108041)[0m Reporting training result 22: TrainingReport(checkpoint=None, metrics={'epoch': 22, 'accuracy': 0.5101, 'best_accuracy': 0.5218, 'avg_epoch_time_s': 19.53115668590908}, validation=False)
[36m(RayTrainWorker pid=108041)[0m Reporting training result 23: TrainingReport(checkpoint=None, metrics={'epoch': 23, 'accuracy': 0.5176, 'best_accuracy': 0.5218, 'avg_epoch_time_s': 19.522674821869536}, validation=False)
[36m(RayTrainWorker pid=108041)[0m Reporting training result 24: TrainingReport(checkpoint=None, metrics={'epoch': 24, 'accuracy': 0.5148, 'best_accuracy': 0.5218, 'avg_epoch_time_s': 19.519611929958348}, validation=False)
[36m(TrainController pid=109899)[0m Requesting resources: {'GPU': 1} * 1
[36m(TrainController pid=109899)[0m Attempting to start training worker group of size 1 with the following resources: [{'GPU': 1}] * 1
[36m(RayTrainWorker pid=109941)[0m Setting up process group for: env:// [rank=0, world_size=1]
[36m(TrainController pid=109899)[0m Started training worker group of size 1: 
[36m(TrainController pid=109899)[0m - (ip=172.31.32.108, pid=109941) world_rank=0, local_rank=0, node_rank=0
[36m(RayTrainWorker pid=109941)[0m 
[36m(RayTrainWorker pid=109941)[0m ================ WORKER DEVICE DEBUG ================
[36m(RayTrainWorker pid=109941)[0m CUDA_VISIBLE_DEVICES = 0
[36m(RayTrainWorker pid=109941)[0m torch.cuda.is_available() = True
[36m(RayTrainWorker pid=109941)[0m torch.cuda.device_count() = 1
[36m(RayTrainWorker pid=109941)[0m current device index = 0
[36m(RayTrainWorker pid=109941)[0m device name = NVIDIA A10G
[36m(RayTrainWorker pid=109941)[0m =====================================================
[36m(RayTrainWorker pid=109941)[0m 
[36m(RayTrainWorker pid=109941)[0m 🔍 TRAINING WITH MODEL: wide_resnet101_2
[36m(RayTrainWorker pid=109941)[0m 🔍 FULL CONFIG: epochs=25, lr=0.004293886988200726, batch_size=128, image_size=64
[36m(RayTrainWorker pid=109941)[0m Moving model to device: cuda:0
[36m(RayTrainWorker pid=109941)[0m Reporting training result 1: TrainingReport(checkpoint=None, metrics={'epoch': 1, 'accuracy': 0.4605, 'best_accuracy': 0.4605, 'avg_epoch_time_s': 20.893799145998855}, validation=False)
[36m(RayTrainWorker pid=109941)[0m Reporting training result 2: TrainingReport(checkpoint=None, metrics={'epoch': 2, 'accuracy': 0.4663, 'best_accuracy': 0.4663, 'avg_epoch_time_s': 20.411563417999787}, validation=False)
[36m(RayTrainWorker pid=109941)[0m Reporting training result 3: TrainingReport(checkpoint=None, metrics={'epoch': 3, 'accuracy': 0.4746, 'best_accuracy': 0.4746, 'avg_epoch_time_s': 20.11167374099993}, validation=False)
[36m(RayTrainWorker pid=109941)[0m Reporting training result 4: TrainingReport(checkpoint=None, metrics={'epoch': 4, 'accuracy': 0.4768, 'best_accuracy': 0.4768, 'avg_epoch_time_s': 19.94492232149969}, validation=False)
[36m(RayTrainWorker pid=109941)[0m Reporting training result 5: TrainingReport(checkpoint=None, metrics={'epoch': 5, 'accuracy': 0.4876, 'best_accuracy': 0.4876, 'avg_epoch_time_s': 19.829941556999984}, validation=False)
[36m(RayTrainWorker pid=109941)[0m Reporting training result 6: TrainingReport(checkpoint=None, metrics={'epoch': 6, 'accuracy': 0.5011, 'best_accuracy': 0.5011, 'avg_epoch_time_s': 19.76484584300003}, validation=False)
[36m(RayTrainWorker pid=109941)[0m Reporting training result 7: TrainingReport(checkpoint=None, metrics={'epoch': 7, 'accuracy': 0.4858, 'best_accuracy': 0.5011, 'avg_epoch_time_s': 19.70590701771419}, validation=False)
[36m(RayTrainWorker pid=109941)[0m Reporting training result 8: TrainingReport(checkpoint=None, metrics={'epoch': 8, 'accuracy': 0.4964, 'best_accuracy': 0.5011, 'avg_epoch_time_s': 19.66668434799999}, validation=False)
[36m(RayTrainWorker pid=109941)[0m Reporting training result 9: TrainingReport(checkpoint=None, metrics={'epoch': 9, 'accuracy': 0.4928, 'best_accuracy': 0.5011, 'avg_epoch_time_s': 19.637819603222145}, validation=False)
[36m(RayTrainWorker pid=109941)[0m Reporting training result 10: TrainingReport(checkpoint=None, metrics={'epoch': 10, 'accuracy': 0.4943, 'best_accuracy': 0.5011, 'avg_epoch_time_s': 19.61595426650001}, validation=False)
[36m(RayTrainWorker pid=109941)[0m Reporting training result 11: TrainingReport(checkpoint=None, metrics={'epoch': 11, 'accuracy': 0.5032, 'best_accuracy': 0.5032, 'avg_epoch_time_s': 19.60852701045455}, validation=False)
[36m(RayTrainWorker pid=109941)[0m Reporting training result 12: TrainingReport(checkpoint=None, metrics={'epoch': 12, 'accuracy': 0.5023, 'best_accuracy': 0.5032, 'avg_epoch_time_s': 19.606599902916667}, validation=False)
[36m(RayTrainWorker pid=109941)[0m Reporting training result 13: TrainingReport(checkpoint=None, metrics={'epoch': 13, 'accuracy': 0.5057, 'best_accuracy': 0.5057, 'avg_epoch_time_s': 19.598700888923094}, validation=False)
[36m(RayTrainWorker pid=109941)[0m Reporting training result 14: TrainingReport(checkpoint=None, metrics={'epoch': 14, 'accuracy': 0.4973, 'best_accuracy': 0.5057, 'avg_epoch_time_s': 19.59380019957137}, validation=False)
[36m(RayTrainWorker pid=109941)[0m Reporting training result 15: TrainingReport(checkpoint=None, metrics={'epoch': 15, 'accuracy': 0.5055, 'best_accuracy': 0.5057, 'avg_epoch_time_s': 19.588020702333356}, validation=False)
[36m(RayTrainWorker pid=109941)[0m Reporting training result 16: TrainingReport(checkpoint=None, metrics={'epoch': 16, 'accuracy': 0.4942, 'best_accuracy': 0.5057, 'avg_epoch_time_s': 19.57669780856247}, validation=False)
[36m(RayTrainWorker pid=109941)[0m Reporting training result 17: TrainingReport(checkpoint=None, metrics={'epoch': 17, 'accuracy': 0.5021, 'best_accuracy': 0.5057, 'avg_epoch_time_s': 19.572217162764634}, validation=False)
[36m(RayTrainWorker pid=109941)[0m Reporting training result 18: TrainingReport(checkpoint=None, metrics={'epoch': 18, 'accuracy': 0.5065, 'best_accuracy': 0.5065, 'avg_epoch_time_s': 19.565597501166646}, validation=False)
[36m(RayTrainWorker pid=109941)[0m Reporting training result 19: TrainingReport(checkpoint=None, metrics={'epoch': 19, 'accuracy': 0.495, 'best_accuracy': 0.5065, 'avg_epoch_time_s': 19.56061661468419}, validation=False)
[36m(RayTrainWorker pid=109941)[0m Reporting training result 20: TrainingReport(checkpoint=None, metrics={'epoch': 20, 'accuracy': 0.499, 'best_accuracy': 0.5065, 'avg_epoch_time_s': 19.55709645275001}, validation=False)
[36m(RayTrainWorker pid=109941)[0m Reporting training result 21: TrainingReport(checkpoint=None, metrics={'epoch': 21, 'accuracy': 0.5041, 'best_accuracy': 0.5065, 'avg_epoch_time_s': 19.548473333952384}, validation=False)
[36m(RayTrainWorker pid=109941)[0m Reporting training result 22: TrainingReport(checkpoint=None, metrics={'epoch': 22, 'accuracy': 0.5075, 'best_accuracy': 0.5075, 'avg_epoch_time_s': 19.542180341181766}, validation=False)
[36m(RayTrainWorker pid=109941)[0m Reporting training result 23: TrainingReport(checkpoint=None, metrics={'epoch': 23, 'accuracy': 0.5017, 'best_accuracy': 0.5075, 'avg_epoch_time_s': 19.538842083347845}, validation=False)
[36m(RayTrainWorker pid=109941)[0m Reporting training result 24: TrainingReport(checkpoint=None, metrics={'epoch': 24, 'accuracy': 0.5028, 'best_accuracy': 0.5075, 'avg_epoch_time_s': 19.533996897625002}, validation=False)
[36m(RayTrainWorker pid=109941)[0m Reporting training result 25: TrainingReport(checkpoint=None, metrics={'epoch': 25, 'accuracy': 0.4997, 'best_accuracy': 0.5075, 'avg_epoch_time_s': 19.528250648079993}, validation=False)
[36m(TrainController pid=111918)[0m Requesting resources: {'GPU': 1} * 1
[36m(TrainController pid=111918)[0m Attempting to start training worker group of size 1 with the following resources: [{'GPU': 1}] * 1
[36m(RayTrainWorker pid=111963)[0m Setting up process group for: env:// [rank=0, world_size=1]
[36m(TrainController pid=111918)[0m Started training worker group of size 1: 
[36m(TrainController pid=111918)[0m - (ip=172.31.32.108, pid=111963) world_rank=0, local_rank=0, node_rank=0
[36m(RayTrainWorker pid=111963)[0m 
[36m(RayTrainWorker pid=111963)[0m ================ WORKER DEVICE DEBUG ================
[36m(RayTrainWorker pid=111963)[0m CUDA_VISIBLE_DEVICES = 0
[36m(RayTrainWorker pid=111963)[0m torch.cuda.is_available() = True
[36m(RayTrainWorker pid=111963)[0m torch.cuda.device_count() = 1
[36m(RayTrainWorker pid=111963)[0m current device index = 0
[36m(RayTrainWorker pid=111963)[0m device name = NVIDIA A10G
[36m(RayTrainWorker pid=111963)[0m =====================================================
[36m(RayTrainWorker pid=111963)[0m 
[36m(RayTrainWorker pid=111963)[0m 🔍 TRAINING WITH MODEL: wide_resnet101_2
[36m(RayTrainWorker pid=111963)[0m 🔍 FULL CONFIG: epochs=29, lr=0.004475792143599766, batch_size=128, image_size=64
[36m(RayTrainWorker pid=111963)[0m Moving model to device: cuda:0
[36m(RayTrainWorker pid=111963)[0m Reporting training result 1: TrainingReport(checkpoint=None, metrics={'epoch': 1, 'accuracy': 0.4756, 'best_accuracy': 0.4756, 'avg_epoch_time_s': 21.095615443999122}, validation=False)
[36m(RayTrainWorker pid=111963)[0m Reporting training result 2: TrainingReport(checkpoint=None, metrics={'epoch': 2, 'accuracy': 0.4712, 'best_accuracy': 0.4756, 'avg_epoch_time_s': 20.5653924344997}, validation=False)
[36m(RayTrainWorker pid=111963)[0m Reporting training result 3: TrainingReport(checkpoint=None, metrics={'epoch': 3, 'accuracy': 0.4827, 'best_accuracy': 0.4827, 'avg_epoch_time_s': 20.18362727366669}, validation=False)
[36m(RayTrainWorker pid=111963)[0m Reporting training result 4: TrainingReport(checkpoint=None, metrics={'epoch': 4, 'accuracy': 0.4919, 'best_accuracy': 0.4919, 'avg_epoch_time_s': 20.03511032824963}, validation=False)
[36m(RayTrainWorker pid=111963)[0m Reporting training result 5: TrainingReport(checkpoint=None, metrics={'epoch': 5, 'accuracy': 0.4984, 'best_accuracy': 0.4984, 'avg_epoch_time_s': 19.933663523599897}, validation=False)
[36m(RayTrainWorker pid=111963)[0m Reporting training result 6: TrainingReport(checkpoint=None, metrics={'epoch': 6, 'accuracy': 0.4978, 'best_accuracy': 0.4984, 'avg_epoch_time_s': 19.884039048166414}, validation=False)
[36m(RayTrainWorker pid=111963)[0m Reporting training result 7: TrainingReport(checkpoint=None, metrics={'epoch': 7, 'accuracy': 0.4942, 'best_accuracy': 0.4984, 'avg_epoch_time_s': 19.84041412014267}, validation=False)
[36m(RayTrainWorker pid=111963)[0m Reporting training result 8: TrainingReport(checkpoint=None, metrics={'epoch': 8, 'accuracy': 0.5104, 'best_accuracy': 0.5104, 'avg_epoch_time_s': 19.800195155874917}, validation=False)
[36m(RayTrainWorker pid=111963)[0m Reporting training result 9: TrainingReport(checkpoint=None, metrics={'epoch': 9, 'accuracy': 0.4876, 'best_accuracy': 0.5104, 'avg_epoch_time_s': 19.77129284777766}, validation=False)
[36m(RayTrainWorker pid=111963)[0m Reporting training result 10: TrainingReport(checkpoint=None, metrics={'epoch': 10, 'accuracy': 0.4871, 'best_accuracy': 0.5104, 'avg_epoch_time_s': 19.747193472799882}, validation=False)
[36m(RayTrainWorker pid=111963)[0m Reporting training result 11: TrainingReport(checkpoint=None, metrics={'epoch': 11, 'accuracy': 0.5051, 'best_accuracy': 0.5104, 'avg_epoch_time_s': 19.725238887181728}, validation=False)
[36m(RayTrainWorker pid=111963)[0m Reporting training result 12: TrainingReport(checkpoint=None, metrics={'epoch': 12, 'accuracy': 0.5066, 'best_accuracy': 0.5104, 'avg_epoch_time_s': 19.71152221583331}, validation=False)
[36m(RayTrainWorker pid=111963)[0m Reporting training result 13: TrainingReport(checkpoint=None, metrics={'epoch': 13, 'accuracy': 0.5106, 'best_accuracy': 0.5106, 'avg_epoch_time_s': 19.686087550846143}, validation=False)
[36m(RayTrainWorker pid=111963)[0m Reporting training result 14: TrainingReport(checkpoint=None, metrics={'epoch': 14, 'accuracy': 0.507, 'best_accuracy': 0.5106, 'avg_epoch_time_s': 19.6798436582142}, validation=False)
[36m(RayTrainWorker pid=111963)[0m Reporting training result 15: TrainingReport(checkpoint=None, metrics={'epoch': 15, 'accuracy': 0.5228, 'best_accuracy': 0.5228, 'avg_epoch_time_s': 19.671654570333338}, validation=False)
[36m(RayTrainWorker pid=111963)[0m Reporting training result 16: TrainingReport(checkpoint=None, metrics={'epoch': 16, 'accuracy': 0.516, 'best_accuracy': 0.5228, 'avg_epoch_time_s': 19.658161082312404}, validation=False)
[36m(RayTrainWorker pid=111963)[0m Reporting training result 17: TrainingReport(checkpoint=None, metrics={'epoch': 17, 'accuracy': 0.5142, 'best_accuracy': 0.5228, 'avg_epoch_time_s': 19.647976062999934}, validation=False)
[36m(RayTrainWorker pid=111963)[0m Reporting training result 18: TrainingReport(checkpoint=None, metrics={'epoch': 18, 'accuracy': 0.509, 'best_accuracy': 0.5228, 'avg_epoch_time_s': 19.642319807055475}, validation=False)
[36m(RayTrainWorker pid=111963)[0m Reporting training result 19: TrainingReport(checkpoint=None, metrics={'epoch': 19, 'accuracy': 0.505, 'best_accuracy': 0.5228, 'avg_epoch_time_s': 19.638759013315727}, validation=False)
[36m(RayTrainWorker pid=111963)[0m Reporting training result 20: TrainingReport(checkpoint=None, metrics={'epoch': 20, 'accuracy': 0.5155, 'best_accuracy': 0.5228, 'avg_epoch_time_s': 19.63357760105}, validation=False)
[36m(RayTrainWorker pid=111963)[0m Reporting training result 21: TrainingReport(checkpoint=None, metrics={'epoch': 21, 'accuracy': 0.5276, 'best_accuracy': 0.5276, 'avg_epoch_time_s': 19.624949278618995}, validation=False)
[36m(RayTrainWorker pid=111963)[0m Reporting training result 22: TrainingReport(checkpoint=None, metrics={'epoch': 22, 'accuracy': 0.5218, 'best_accuracy': 0.5276, 'avg_epoch_time_s': 19.623044548954486}, validation=False)
[36m(RayTrainWorker pid=111963)[0m Reporting training result 23: TrainingReport(checkpoint=None, metrics={'epoch': 23, 'accuracy': 0.5081, 'best_accuracy': 0.5276, 'avg_epoch_time_s': 19.61756679560866}, validation=False)
[36m(RayTrainWorker pid=111963)[0m Reporting training result 24: TrainingReport(checkpoint=None, metrics={'epoch': 24, 'accuracy': 0.5239, 'best_accuracy': 0.5276, 'avg_epoch_time_s': 19.614472024166616}, validation=False)
[36m(RayTrainWorker pid=111963)[0m Reporting training result 25: TrainingReport(checkpoint=None, metrics={'epoch': 25, 'accuracy': 0.5192, 'best_accuracy': 0.5276, 'avg_epoch_time_s': 19.61252464459998}, validation=False)
[36m(RayTrainWorker pid=111963)[0m Reporting training result 26: TrainingReport(checkpoint=None, metrics={'epoch': 26, 'accuracy': 0.5157, 'best_accuracy': 0.5276, 'avg_epoch_time_s': 19.610885357692286}, validation=False)
[36m(RayTrainWorker pid=111963)[0m Reporting training result 27: TrainingReport(checkpoint=None, metrics={'epoch': 27, 'accuracy': 0.5201, 'best_accuracy': 0.5276, 'avg_epoch_time_s': 19.608856560777728}, validation=False)
[36m(RayTrainWorker pid=111963)[0m Reporting training result 28: TrainingReport(checkpoint=None, metrics={'epoch': 28, 'accuracy': 0.5175, 'best_accuracy': 0.5276, 'avg_epoch_time_s': 19.605669053785668}, validation=False)
[36m(RayTrainWorker pid=111963)[0m Reporting training result 29: TrainingReport(checkpoint=None, metrics={'epoch': 29, 'accuracy': 0.5217, 'best_accuracy': 0.5276, 'avg_epoch_time_s': 19.601559047275856}, validation=False)
[36m(TrainController pid=114162)[0m Requesting resources: {'GPU': 1} * 1
[36m(TrainController pid=114162)[0m Attempting to start training worker group of size 1 with the following resources: [{'GPU': 1}] * 1
[36m(RayTrainWorker pid=114207)[0m Setting up process group for: env:// [rank=0, world_size=1]
[36m(TrainController pid=114162)[0m Started training worker group of size 1: 
[36m(TrainController pid=114162)[0m - (ip=172.31.32.108, pid=114207) world_rank=0, local_rank=0, node_rank=0
[36m(RayTrainWorker pid=114207)[0m 
[36m(RayTrainWorker pid=114207)[0m ================ WORKER DEVICE DEBUG ================
[36m(RayTrainWorker pid=114207)[0m CUDA_VISIBLE_DEVICES = 0
[36m(RayTrainWorker pid=114207)[0m torch.cuda.is_available() = True
[36m(RayTrainWorker pid=114207)[0m torch.cuda.device_count() = 1
[36m(RayTrainWorker pid=114207)[0m current device index = 0
[36m(RayTrainWorker pid=114207)[0m device name = NVIDIA A10G
[36m(RayTrainWorker pid=114207)[0m =====================================================
[36m(RayTrainWorker pid=114207)[0m 
[36m(RayTrainWorker pid=114207)[0m 🔍 TRAINING WITH MODEL: wide_resnet101_2
[36m(RayTrainWorker pid=114207)[0m 🔍 FULL CONFIG: epochs=27, lr=0.018801724157742217, batch_size=128, image_size=64
[36m(RayTrainWorker pid=114207)[0m Moving model to device: cuda:0
[36m(RayTrainWorker pid=114207)[0m Reporting training result 1: TrainingReport(checkpoint=None, metrics={'epoch': 1, 'accuracy': 0.4246, 'best_accuracy': 0.4246, 'avg_epoch_time_s': 20.949010240999996}, validation=False)
[36m(RayTrainWorker pid=114207)[0m Reporting training result 2: TrainingReport(checkpoint=None, metrics={'epoch': 2, 'accuracy': 0.4439, 'best_accuracy': 0.4439, 'avg_epoch_time_s': 20.48003988649998}, validation=False)
[36m(RayTrainWorker pid=114207)[0m Reporting training result 3: TrainingReport(checkpoint=None, metrics={'epoch': 3, 'accuracy': 0.4505, 'best_accuracy': 0.4505, 'avg_epoch_time_s': 20.16298813100002}, validation=False)
[36m(RayTrainWorker pid=114207)[0m Reporting training result 4: TrainingReport(checkpoint=None, metrics={'epoch': 4, 'accuracy': 0.4319, 'best_accuracy': 0.4505, 'avg_epoch_time_s': 20.014951093749914}, validation=False)
[36m(RayTrainWorker pid=114207)[0m Reporting training result 5: TrainingReport(checkpoint=None, metrics={'epoch': 5, 'accuracy': 0.4523, 'best_accuracy': 0.4523, 'avg_epoch_time_s': 19.910988805599846}, validation=False)
[36m(RayTrainWorker pid=114207)[0m Reporting training result 6: TrainingReport(checkpoint=None, metrics={'epoch': 6, 'accuracy': 0.4579, 'best_accuracy': 0.4579, 'avg_epoch_time_s': 19.83615025066653}, validation=False)
[36m(RayTrainWorker pid=114207)[0m Reporting training result 7: TrainingReport(checkpoint=None, metrics={'epoch': 7, 'accuracy': 0.4679, 'best_accuracy': 0.4679, 'avg_epoch_time_s': 19.786206871285685}, validation=False)
[36m(RayTrainWorker pid=114207)[0m Reporting training result 8: TrainingReport(checkpoint=None, metrics={'epoch': 8, 'accuracy': 0.4642, 'best_accuracy': 0.4679, 'avg_epoch_time_s': 19.75166732337493}, validation=False)
[36m(RayTrainWorker pid=114207)[0m Reporting training result 9: TrainingReport(checkpoint=None, metrics={'epoch': 9, 'accuracy': 0.4614, 'best_accuracy': 0.4679, 'avg_epoch_time_s': 19.72028737677768}, validation=False)
[36m(RayTrainWorker pid=114207)[0m Reporting training result 10: TrainingReport(checkpoint=None, metrics={'epoch': 10, 'accuracy': 0.4517, 'best_accuracy': 0.4679, 'avg_epoch_time_s': 19.709066754599917}, validation=False)
[36m(RayTrainWorker pid=114207)[0m Reporting training result 11: TrainingReport(checkpoint=None, metrics={'epoch': 11, 'accuracy': 0.4672, 'best_accuracy': 0.4679, 'avg_epoch_time_s': 19.695845911363655}, validation=False)
[36m(RayTrainWorker pid=114207)[0m Reporting training result 12: TrainingReport(checkpoint=None, metrics={'epoch': 12, 'accuracy': 0.4635, 'best_accuracy': 0.4679, 'avg_epoch_time_s': 19.681966940499933}, validation=False)
[36m(RayTrainWorker pid=114207)[0m Reporting training result 13: TrainingReport(checkpoint=None, metrics={'epoch': 13, 'accuracy': 0.4634, 'best_accuracy': 0.4679, 'avg_epoch_time_s': 19.68386997307691}, validation=False)
[36m(RayTrainWorker pid=114207)[0m Reporting training result 14: TrainingReport(checkpoint=None, metrics={'epoch': 14, 'accuracy': 0.4516, 'best_accuracy': 0.4679, 'avg_epoch_time_s': 19.680095293142845}, validation=False)
[36m(RayTrainWorker pid=114207)[0m Reporting training result 15: TrainingReport(checkpoint=None, metrics={'epoch': 15, 'accuracy': 0.4613, 'best_accuracy': 0.4679, 'avg_epoch_time_s': 19.676118629866686}, validation=False)
[36m(RayTrainWorker pid=114207)[0m Reporting training result 16: TrainingReport(checkpoint=None, metrics={'epoch': 16, 'accuracy': 0.4524, 'best_accuracy': 0.4679, 'avg_epoch_time_s': 19.673415304812465}, validation=False)
[36m(RayTrainWorker pid=114207)[0m Reporting training result 17: TrainingReport(checkpoint=None, metrics={'epoch': 17, 'accuracy': 0.4671, 'best_accuracy': 0.4679, 'avg_epoch_time_s': 19.66898998982352}, validation=False)
[36m(RayTrainWorker pid=114207)[0m Reporting training result 18: TrainingReport(checkpoint=None, metrics={'epoch': 18, 'accuracy': 0.451, 'best_accuracy': 0.4679, 'avg_epoch_time_s': 19.663893086555518}, validation=False)
[36m(RayTrainWorker pid=114207)[0m Reporting training result 19: TrainingReport(checkpoint=None, metrics={'epoch': 19, 'accuracy': 0.4566, 'best_accuracy': 0.4679, 'avg_epoch_time_s': 19.653562070157836}, validation=False)
[36m(RayTrainWorker pid=114207)[0m Reporting training result 20: TrainingReport(checkpoint=None, metrics={'epoch': 20, 'accuracy': 0.4612, 'best_accuracy': 0.4679, 'avg_epoch_time_s': 19.64406585614997}, validation=False)
[36m(RayTrainWorker pid=114207)[0m Reporting training result 21: TrainingReport(checkpoint=None, metrics={'epoch': 21, 'accuracy': 0.4658, 'best_accuracy': 0.4679, 'avg_epoch_time_s': 19.633798855000002}, validation=False)
[36m(RayTrainWorker pid=114207)[0m Reporting training result 22: TrainingReport(checkpoint=None, metrics={'epoch': 22, 'accuracy': 0.4683, 'best_accuracy': 0.4683, 'avg_epoch_time_s': 19.627963423818155}, validation=False)
[36m(RayTrainWorker pid=114207)[0m Reporting training result 23: TrainingReport(checkpoint=None, metrics={'epoch': 23, 'accuracy': 0.4606, 'best_accuracy': 0.4683, 'avg_epoch_time_s': 19.6194566173913}, validation=False)
[36m(RayTrainWorker pid=114207)[0m Reporting training result 24: TrainingReport(checkpoint=None, metrics={'epoch': 24, 'accuracy': 0.4564, 'best_accuracy': 0.4683, 'avg_epoch_time_s': 19.61713949441666}, validation=False)
[36m(RayTrainWorker pid=114207)[0m Reporting training result 25: TrainingReport(checkpoint=None, metrics={'epoch': 25, 'accuracy': 0.4708, 'best_accuracy': 0.4708, 'avg_epoch_time_s': 19.614892250240008}, validation=False)
[36m(RayTrainWorker pid=114207)[0m Reporting training result 26: TrainingReport(checkpoint=None, metrics={'epoch': 26, 'accuracy': 0.4536, 'best_accuracy': 0.4708, 'avg_epoch_time_s': 19.611420262076884}, validation=False)
[36m(RayTrainWorker pid=114207)[0m Reporting training result 27: TrainingReport(checkpoint=None, metrics={'epoch': 27, 'accuracy': 0.459, 'best_accuracy': 0.4708, 'avg_epoch_time_s': 19.607639278407415}, validation=False)
[36m(TrainController pid=116394)[0m Requesting resources: {'GPU': 1} * 1
[36m(TrainController pid=116394)[0m Attempting to start training worker group of size 1 with the following resources: [{'GPU': 1}] * 1
[36m(RayTrainWorker pid=116439)[0m Setting up process group for: env:// [rank=0, world_size=1]
[36m(TrainController pid=116394)[0m Started training worker group of size 1: 
[36m(TrainController pid=116394)[0m - (ip=172.31.32.108, pid=116439) world_rank=0, local_rank=0, node_rank=0
[36m(RayTrainWorker pid=116439)[0m 
[36m(RayTrainWorker pid=116439)[0m ================ WORKER DEVICE DEBUG ================
[36m(RayTrainWorker pid=116439)[0m CUDA_VISIBLE_DEVICES = 0
[36m(RayTrainWorker pid=116439)[0m torch.cuda.is_available() = True
[36m(RayTrainWorker pid=116439)[0m torch.cuda.device_count() = 1
[36m(RayTrainWorker pid=116439)[0m current device index = 0
[36m(RayTrainWorker pid=116439)[0m device name = NVIDIA A10G
[36m(RayTrainWorker pid=116439)[0m =====================================================
[36m(RayTrainWorker pid=116439)[0m 
[36m(RayTrainWorker pid=116439)[0m 🔍 TRAINING WITH MODEL: wide_resnet101_2
[36m(RayTrainWorker pid=116439)[0m 🔍 FULL CONFIG: epochs=35, lr=0.013174804843111962, batch_size=128, image_size=64
[36m(RayTrainWorker pid=116439)[0m Moving model to device: cuda:0
[36m(RayTrainWorker pid=116439)[0m Reporting training result 1: TrainingReport(checkpoint=None, metrics={'epoch': 1, 'accuracy': 0.4429, 'best_accuracy': 0.4429, 'avg_epoch_time_s': 20.95429635599976}, validation=False)
[36m(RayTrainWorker pid=116439)[0m Reporting training result 2: TrainingReport(checkpoint=None, metrics={'epoch': 2, 'accuracy': 0.4654, 'best_accuracy': 0.4654, 'avg_epoch_time_s': 20.47148523550004}, validation=False)
[36m(RayTrainWorker pid=116439)[0m Reporting training result 3: TrainingReport(checkpoint=None, metrics={'epoch': 3, 'accuracy': 0.4666, 'best_accuracy': 0.4666, 'avg_epoch_time_s': 20.133678144333317}, validation=False)
[36m(RayTrainWorker pid=116439)[0m Reporting training result 4: TrainingReport(checkpoint=None, metrics={'epoch': 4, 'accuracy': 0.4671, 'best_accuracy': 0.4671, 'avg_epoch_time_s': 19.983856375749838}, validation=False)
[36m(RayTrainWorker pid=116439)[0m Reporting training result 5: TrainingReport(checkpoint=None, metrics={'epoch': 5, 'accuracy': 0.4871, 'best_accuracy': 0.4871, 'avg_epoch_time_s': 19.87688822220007}, validation=False)
[36m(RayTrainWorker pid=116439)[0m Reporting training result 6: TrainingReport(checkpoint=None, metrics={'epoch': 6, 'accuracy': 0.479, 'best_accuracy': 0.4871, 'avg_epoch_time_s': 19.80571040399991}, validation=False)
[36m(RayTrainWorker pid=116439)[0m Reporting training result 7: TrainingReport(checkpoint=None, metrics={'epoch': 7, 'accuracy': 0.4868, 'best_accuracy': 0.4871, 'avg_epoch_time_s': 19.767693069000025}, validation=False)
[36m(RayTrainWorker pid=116439)[0m Reporting training result 8: TrainingReport(checkpoint=None, metrics={'epoch': 8, 'accuracy': 0.4818, 'best_accuracy': 0.4871, 'avg_epoch_time_s': 19.712951885499933}, validation=False)
[36m(RayTrainWorker pid=116439)[0m Reporting training result 9: TrainingReport(checkpoint=None, metrics={'epoch': 9, 'accuracy': 0.4944, 'best_accuracy': 0.4944, 'avg_epoch_time_s': 19.67305074533336}, validation=False)
[36m(RayTrainWorker pid=116439)[0m Reporting training result 10: TrainingReport(checkpoint=None, metrics={'epoch': 10, 'accuracy': 0.4949, 'best_accuracy': 0.4949, 'avg_epoch_time_s': 19.651852306699947}, validation=False)
[36m(RayTrainWorker pid=116439)[0m Reporting training result 11: TrainingReport(checkpoint=None, metrics={'epoch': 11, 'accuracy': 0.4919, 'best_accuracy': 0.4949, 'avg_epoch_time_s': 19.63838386181818}, validation=False)
[36m(RayTrainWorker pid=116439)[0m Reporting training result 12: TrainingReport(checkpoint=None, metrics={'epoch': 12, 'accuracy': 0.4985, 'best_accuracy': 0.4985, 'avg_epoch_time_s': 19.62057258666664}, validation=False)
[36m(RayTrainWorker pid=116439)[0m Reporting training result 13: TrainingReport(checkpoint=None, metrics={'epoch': 13, 'accuracy': 0.4937, 'best_accuracy': 0.4985, 'avg_epoch_time_s': 19.600671817692273}, validation=False)
[36m(RayTrainWorker pid=116439)[0m Reporting training result 14: TrainingReport(checkpoint=None, metrics={'epoch': 14, 'accuracy': 0.4921, 'best_accuracy': 0.4985, 'avg_epoch_time_s': 19.58957104614287}, validation=False)
[36m(RayTrainWorker pid=116439)[0m Reporting training result 15: TrainingReport(checkpoint=None, metrics={'epoch': 15, 'accuracy': 0.4995, 'best_accuracy': 0.4995, 'avg_epoch_time_s': 19.57093086700006}, validation=False)
[36m(RayTrainWorker pid=116439)[0m Reporting training result 16: TrainingReport(checkpoint=None, metrics={'epoch': 16, 'accuracy': 0.5025, 'best_accuracy': 0.5025, 'avg_epoch_time_s': 19.561026457562548}, validation=False)
[36m(RayTrainWorker pid=116439)[0m Reporting training result 17: TrainingReport(checkpoint=None, metrics={'epoch': 17, 'accuracy': 0.5025, 'best_accuracy': 0.5025, 'avg_epoch_time_s': 19.553013032411826}, validation=False)
[36m(RayTrainWorker pid=116439)[0m Reporting training result 18: TrainingReport(checkpoint=None, metrics={'epoch': 18, 'accuracy': 0.4938, 'best_accuracy': 0.5025, 'avg_epoch_time_s': 19.542727361500006}, validation=False)
[36m(RayTrainWorker pid=116439)[0m Reporting training result 19: TrainingReport(checkpoint=None, metrics={'epoch': 19, 'accuracy': 0.4924, 'best_accuracy': 0.5025, 'avg_epoch_time_s': 19.53523343078948}, validation=False)
[36m(RayTrainWorker pid=116439)[0m Reporting training result 20: TrainingReport(checkpoint=None, metrics={'epoch': 20, 'accuracy': 0.4845, 'best_accuracy': 0.5025, 'avg_epoch_time_s': 19.527541808349998}, validation=False)
[36m(RayTrainWorker pid=116439)[0m Reporting training result 21: TrainingReport(checkpoint=None, metrics={'epoch': 21, 'accuracy': 0.5131, 'best_accuracy': 0.5131, 'avg_epoch_time_s': 19.526496712857156}, validation=False)
[36m(RayTrainWorker pid=116439)[0m Reporting training result 22: TrainingReport(checkpoint=None, metrics={'epoch': 22, 'accuracy': 0.5024, 'best_accuracy': 0.5131, 'avg_epoch_time_s': 19.526279891545446}, validation=False)
[36m(RayTrainWorker pid=116439)[0m Reporting training result 23: TrainingReport(checkpoint=None, metrics={'epoch': 23, 'accuracy': 0.4995, 'best_accuracy': 0.5131, 'avg_epoch_time_s': 19.5216655750435}, validation=False)
[36m(RayTrainWorker pid=116439)[0m Reporting training result 24: TrainingReport(checkpoint=None, metrics={'epoch': 24, 'accuracy': 0.5034, 'best_accuracy': 0.5131, 'avg_epoch_time_s': 19.520812862500026}, validation=False)
[36m(RayTrainWorker pid=116439)[0m Reporting training result 25: TrainingReport(checkpoint=None, metrics={'epoch': 25, 'accuracy': 0.5039, 'best_accuracy': 0.5131, 'avg_epoch_time_s': 19.516460231439996}, validation=False)
[36m(RayTrainWorker pid=116439)[0m Reporting training result 26: TrainingReport(checkpoint=None, metrics={'epoch': 26, 'accuracy': 0.512, 'best_accuracy': 0.5131, 'avg_epoch_time_s': 19.509546475346163}, validation=False)
[36m(RayTrainWorker pid=116439)[0m Reporting training result 27: TrainingReport(checkpoint=None, metrics={'epoch': 27, 'accuracy': 0.499, 'best_accuracy': 0.5131, 'avg_epoch_time_s': 19.504314804888864}, validation=False)
[36m(RayTrainWorker pid=116439)[0m Reporting training result 28: TrainingReport(checkpoint=None, metrics={'epoch': 28, 'accuracy': 0.4871, 'best_accuracy': 0.5131, 'avg_epoch_time_s': 19.49610193353575}, validation=False)
[36m(RayTrainWorker pid=116439)[0m Reporting training result 29: TrainingReport(checkpoint=None, metrics={'epoch': 29, 'accuracy': 0.497, 'best_accuracy': 0.5131, 'avg_epoch_time_s': 19.491532754586185}, validation=False)
[36m(RayTrainWorker pid=116439)[0m Reporting training result 30: TrainingReport(checkpoint=None, metrics={'epoch': 30, 'accuracy': 0.5014, 'best_accuracy': 0.5131, 'avg_epoch_time_s': 19.489256991566677}, validation=False)
[36m(RayTrainWorker pid=116439)[0m Reporting training result 31: TrainingReport(checkpoint=None, metrics={'epoch': 31, 'accuracy': 0.5034, 'best_accuracy': 0.5131, 'avg_epoch_time_s': 19.484523040516162}, validation=False)
[36m(RayTrainWorker pid=116439)[0m Reporting training result 32: TrainingReport(checkpoint=None, metrics={'epoch': 32, 'accuracy': 0.4985, 'best_accuracy': 0.5131, 'avg_epoch_time_s': 19.484748027343755}, validation=False)
[36m(RayTrainWorker pid=116439)[0m Reporting training result 33: TrainingReport(checkpoint=None, metrics={'epoch': 33, 'accuracy': 0.5022, 'best_accuracy': 0.5131, 'avg_epoch_time_s': 19.48066906809094}, validation=False)
[36m(RayTrainWorker pid=116439)[0m Reporting training result 34: TrainingReport(checkpoint=None, metrics={'epoch': 34, 'accuracy': 0.4981, 'best_accuracy': 0.5131, 'avg_epoch_time_s': 19.475477890617668}, validation=False)
[36m(RayTrainWorker pid=116439)[0m Reporting training result 35: TrainingReport(checkpoint=None, metrics={'epoch': 35, 'accuracy': 0.4974, 'best_accuracy': 0.5131, 'avg_epoch_time_s': 19.47335898385713}, validation=False)
[36m(TrainController pid=119224)[0m Requesting resources: {'GPU': 1} * 1
[36m(TrainController pid=119224)[0m Attempting to start training worker group of size 1 with the following resources: [{'GPU': 1}] * 1
[36m(RayTrainWorker pid=119269)[0m Setting up process group for: env:// [rank=0, world_size=1]
[36m(TrainController pid=119224)[0m Started training worker group of size 1: 
[36m(TrainController pid=119224)[0m - (ip=172.31.32.108, pid=119269) world_rank=0, local_rank=0, node_rank=0
[36m(RayTrainWorker pid=119269)[0m 
[36m(RayTrainWorker pid=119269)[0m ================ WORKER DEVICE DEBUG ================
[36m(RayTrainWorker pid=119269)[0m CUDA_VISIBLE_DEVICES = 0
[36m(RayTrainWorker pid=119269)[0m torch.cuda.is_available() = True
[36m(RayTrainWorker pid=119269)[0m torch.cuda.device_count() = 1
[36m(RayTrainWorker pid=119269)[0m current device index = 0
[36m(RayTrainWorker pid=119269)[0m device name = NVIDIA A10G
[36m(RayTrainWorker pid=119269)[0m =====================================================
[36m(RayTrainWorker pid=119269)[0m 
[36m(RayTrainWorker pid=119269)[0m 🔍 TRAINING WITH MODEL: wide_resnet101_2
[36m(RayTrainWorker pid=119269)[0m 🔍 FULL CONFIG: epochs=42, lr=0.02138998901566166, batch_size=128, image_size=64
[36m(RayTrainWorker pid=119269)[0m Moving model to device: cuda:0
[36m(RayTrainWorker pid=119269)[0m Reporting training result 1: TrainingReport(checkpoint=None, metrics={'epoch': 1, 'accuracy': 0.4292, 'best_accuracy': 0.4292, 'avg_epoch_time_s': 21.033101916000305}, validation=False)
[36m(RayTrainWorker pid=119269)[0m Reporting training result 2: TrainingReport(checkpoint=None, metrics={'epoch': 2, 'accuracy': 0.4425, 'best_accuracy': 0.4425, 'avg_epoch_time_s': 20.53355215349984}, validation=False)
[36m(RayTrainWorker pid=119269)[0m Reporting training result 3: TrainingReport(checkpoint=None, metrics={'epoch': 3, 'accuracy': 0.4394, 'best_accuracy': 0.4425, 'avg_epoch_time_s': 20.24317339233312}, validation=False)
[36m(RayTrainWorker pid=119269)[0m Reporting training result 4: TrainingReport(checkpoint=None, metrics={'epoch': 4, 'accuracy': 0.4379, 'best_accuracy': 0.4425, 'avg_epoch_time_s': 20.06348395399982}, validation=False)
[36m(RayTrainWorker pid=119269)[0m Reporting training result 5: TrainingReport(checkpoint=None, metrics={'epoch': 5, 'accuracy': 0.4421, 'best_accuracy': 0.4425, 'avg_epoch_time_s': 19.974741705799897}, validation=False)
[36m(RayTrainWorker pid=119269)[0m Reporting training result 6: TrainingReport(checkpoint=None, metrics={'epoch': 6, 'accuracy': 0.4572, 'best_accuracy': 0.4572, 'avg_epoch_time_s': 19.907010187833293}, validation=False)
[36m(RayTrainWorker pid=119269)[0m Reporting training result 7: TrainingReport(checkpoint=None, metrics={'epoch': 7, 'accuracy': 0.4463, 'best_accuracy': 0.4572, 'avg_epoch_time_s': 19.863867272999933}, validation=False)
[36m(RayTrainWorker pid=119269)[0m Reporting training result 8: TrainingReport(checkpoint=None, metrics={'epoch': 8, 'accuracy': 0.4568, 'best_accuracy': 0.4572, 'avg_epoch_time_s': 19.823985195750083}, validation=False)
[36m(RayTrainWorker pid=119269)[0m Reporting training result 9: TrainingReport(checkpoint=None, metrics={'epoch': 9, 'accuracy': 0.4656, 'best_accuracy': 0.4656, 'avg_epoch_time_s': 19.783382535666735}, validation=False)
[36m(RayTrainWorker pid=119269)[0m Reporting training result 10: TrainingReport(checkpoint=None, metrics={'epoch': 10, 'accuracy': 0.4476, 'best_accuracy': 0.4656, 'avg_epoch_time_s': 19.753950296699987}, validation=False)
[36m(RayTrainWorker pid=119269)[0m Reporting training result 11: TrainingReport(checkpoint=None, metrics={'epoch': 11, 'accuracy': 0.4579, 'best_accuracy': 0.4656, 'avg_epoch_time_s': 19.727015049}, validation=False)
[36m(RayTrainWorker pid=119269)[0m Reporting training result 12: TrainingReport(checkpoint=None, metrics={'epoch': 12, 'accuracy': 0.4427, 'best_accuracy': 0.4656, 'avg_epoch_time_s': 19.70217187633337}, validation=False)
[36m(RayTrainWorker pid=119269)[0m Reporting training result 13: TrainingReport(checkpoint=None, metrics={'epoch': 13, 'accuracy': 0.4526, 'best_accuracy': 0.4656, 'avg_epoch_time_s': 19.68179965384619}, validation=False)
[36m(RayTrainWorker pid=119269)[0m Reporting training result 14: TrainingReport(checkpoint=None, metrics={'epoch': 14, 'accuracy': 0.4615, 'best_accuracy': 0.4656, 'avg_epoch_time_s': 19.659104741857195}, validation=False)
[36m(RayTrainWorker pid=119269)[0m Reporting training result 15: TrainingReport(checkpoint=None, metrics={'epoch': 15, 'accuracy': 0.4481, 'best_accuracy': 0.4656, 'avg_epoch_time_s': 19.643539964999945}, validation=False)
[36m(RayTrainWorker pid=119269)[0m Reporting training result 16: TrainingReport(checkpoint=None, metrics={'epoch': 16, 'accuracy': 0.4586, 'best_accuracy': 0.4656, 'avg_epoch_time_s': 19.63800523943746}, validation=False)
[36m(RayTrainWorker pid=119269)[0m Reporting training result 17: TrainingReport(checkpoint=None, metrics={'epoch': 17, 'accuracy': 0.4678, 'best_accuracy': 0.4678, 'avg_epoch_time_s': 19.629466367529375}, validation=False)
[36m(RayTrainWorker pid=119269)[0m Reporting training result 18: TrainingReport(checkpoint=None, metrics={'epoch': 18, 'accuracy': 0.446, 'best_accuracy': 0.4678, 'avg_epoch_time_s': 19.619845386277827}, validation=False)
[36m(RayTrainWorker pid=119269)[0m Reporting training result 19: TrainingReport(checkpoint=None, metrics={'epoch': 19, 'accuracy': 0.4692, 'best_accuracy': 0.4692, 'avg_epoch_time_s': 19.616172352999982}, validation=False)
[36m(RayTrainWorker pid=119269)[0m Reporting training result 20: TrainingReport(checkpoint=None, metrics={'epoch': 20, 'accuracy': 0.4738, 'best_accuracy': 0.4738, 'avg_epoch_time_s': 19.61200813565001}, validation=False)
[36m(RayTrainWorker pid=119269)[0m Reporting training result 21: TrainingReport(checkpoint=None, metrics={'epoch': 21, 'accuracy': 0.4535, 'best_accuracy': 0.4738, 'avg_epoch_time_s': 19.605572185047656}, validation=False)
[36m(RayTrainWorker pid=119269)[0m Reporting training result 22: TrainingReport(checkpoint=None, metrics={'epoch': 22, 'accuracy': 0.46, 'best_accuracy': 0.4738, 'avg_epoch_time_s': 19.598885996454555}, validation=False)
[36m(RayTrainWorker pid=119269)[0m Reporting training result 23: TrainingReport(checkpoint=None, metrics={'epoch': 23, 'accuracy': 0.4519, 'best_accuracy': 0.4738, 'avg_epoch_time_s': 19.593104810913047}, validation=False)
[36m(RayTrainWorker pid=119269)[0m Reporting training result 24: TrainingReport(checkpoint=None, metrics={'epoch': 24, 'accuracy': 0.4619, 'best_accuracy': 0.4738, 'avg_epoch_time_s': 19.585930701750005}, validation=False)
[36m(RayTrainWorker pid=119269)[0m Reporting training result 25: TrainingReport(checkpoint=None, metrics={'epoch': 25, 'accuracy': 0.4516, 'best_accuracy': 0.4738, 'avg_epoch_time_s': 19.578693018319974}, validation=False)
[36m(RayTrainWorker pid=119269)[0m Reporting training result 26: TrainingReport(checkpoint=None, metrics={'epoch': 26, 'accuracy': 0.4586, 'best_accuracy': 0.4738, 'avg_epoch_time_s': 19.57348606515384}, validation=False)
[36m(RayTrainWorker pid=119269)[0m Reporting training result 27: TrainingReport(checkpoint=None, metrics={'epoch': 27, 'accuracy': 0.4672, 'best_accuracy': 0.4738, 'avg_epoch_time_s': 19.571272811148177}, validation=False)
[36m(RayTrainWorker pid=119269)[0m Reporting training result 28: TrainingReport(checkpoint=None, metrics={'epoch': 28, 'accuracy': 0.4435, 'best_accuracy': 0.4738, 'avg_epoch_time_s': 19.56548051128571}, validation=False)
[36m(RayTrainWorker pid=119269)[0m Reporting training result 29: TrainingReport(checkpoint=None, metrics={'epoch': 29, 'accuracy': 0.4649, 'best_accuracy': 0.4738, 'avg_epoch_time_s': 19.56056760448274}, validation=False)
[36m(RayTrainWorker pid=119269)[0m Reporting training result 30: TrainingReport(checkpoint=None, metrics={'epoch': 30, 'accuracy': 0.4507, 'best_accuracy': 0.4738, 'avg_epoch_time_s': 19.556330022933313}, validation=False)
[36m(RayTrainWorker pid=119269)[0m Reporting training result 31: TrainingReport(checkpoint=None, metrics={'epoch': 31, 'accuracy': 0.4495, 'best_accuracy': 0.4738, 'avg_epoch_time_s': 19.553929812903245}, validation=False)
[36m(RayTrainWorker pid=119269)[0m Reporting training result 32: TrainingReport(checkpoint=None, metrics={'epoch': 32, 'accuracy': 0.4624, 'best_accuracy': 0.4738, 'avg_epoch_time_s': 19.549697975000015}, validation=False)
[36m(RayTrainWorker pid=119269)[0m Reporting training result 33: TrainingReport(checkpoint=None, metrics={'epoch': 33, 'accuracy': 0.4613, 'best_accuracy': 0.4738, 'avg_epoch_time_s': 19.54838846939393}, validation=False)
[36m(RayTrainWorker pid=119269)[0m Reporting training result 34: TrainingReport(checkpoint=None, metrics={'epoch': 34, 'accuracy': 0.4555, 'best_accuracy': 0.4738, 'avg_epoch_time_s': 19.544293045205876}, validation=False)
[36m(RayTrainWorker pid=119269)[0m Reporting training result 35: TrainingReport(checkpoint=None, metrics={'epoch': 35, 'accuracy': 0.451, 'best_accuracy': 0.4738, 'avg_epoch_time_s': 19.540798162599977}, validation=False)
[36m(RayTrainWorker pid=119269)[0m Reporting training result 36: TrainingReport(checkpoint=None, metrics={'epoch': 36, 'accuracy': 0.4641, 'best_accuracy': 0.4738, 'avg_epoch_time_s': 19.536319700805556}, validation=False)
[36m(RayTrainWorker pid=119269)[0m Reporting training result 37: TrainingReport(checkpoint=None, metrics={'epoch': 37, 'accuracy': 0.4646, 'best_accuracy': 0.4738, 'avg_epoch_time_s': 19.534722550729754}, validation=False)
[36m(RayTrainWorker pid=119269)[0m Reporting training result 38: TrainingReport(checkpoint=None, metrics={'epoch': 38, 'accuracy': 0.4621, 'best_accuracy': 0.4738, 'avg_epoch_time_s': 19.53208853663158}, validation=False)
[36m(RayTrainWorker pid=119269)[0m Reporting training result 39: TrainingReport(checkpoint=None, metrics={'epoch': 39, 'accuracy': 0.4492, 'best_accuracy': 0.4738, 'avg_epoch_time_s': 19.528552862538465}, validation=False)
[36m(RayTrainWorker pid=119269)[0m Reporting training result 40: TrainingReport(checkpoint=None, metrics={'epoch': 40, 'accuracy': 0.453, 'best_accuracy': 0.4738, 'avg_epoch_time_s': 19.52960544012499}, validation=False)
[36m(RayTrainWorker pid=119269)[0m Reporting training result 41: TrainingReport(checkpoint=None, metrics={'epoch': 41, 'accuracy': 0.4589, 'best_accuracy': 0.4738, 'avg_epoch_time_s': 19.531448126682935}, validation=False)
[36m(RayTrainWorker pid=119269)[0m Reporting training result 42: TrainingReport(checkpoint=None, metrics={'epoch': 42, 'accuracy': 0.4572, 'best_accuracy': 0.4738, 'avg_epoch_time_s': 19.531793462857163}, validation=False)
[36m(TrainController pid=122357)[0m Requesting resources: {'GPU': 1} * 1
[36m(TrainController pid=122357)[0m Attempting to start training worker group of size 1 with the following resources: [{'GPU': 1}] * 1
[36m(RayTrainWorker pid=122403)[0m Setting up process group for: env:// [rank=0, world_size=1]
[36m(TrainController pid=122357)[0m Started training worker group of size 1: 
[36m(TrainController pid=122357)[0m - (ip=172.31.32.108, pid=122403) world_rank=0, local_rank=0, node_rank=0
[36m(RayTrainWorker pid=122403)[0m 
[36m(RayTrainWorker pid=122403)[0m ================ WORKER DEVICE DEBUG ================
[36m(RayTrainWorker pid=122403)[0m CUDA_VISIBLE_DEVICES = 0
[36m(RayTrainWorker pid=122403)[0m torch.cuda.is_available() = True
[36m(RayTrainWorker pid=122403)[0m torch.cuda.device_count() = 1
[36m(RayTrainWorker pid=122403)[0m current device index = 0
[36m(RayTrainWorker pid=122403)[0m device name = NVIDIA A10G
[36m(RayTrainWorker pid=122403)[0m =====================================================
[36m(RayTrainWorker pid=122403)[0m 
[36m(RayTrainWorker pid=122403)[0m 🔍 TRAINING WITH MODEL: wide_resnet101_2
[36m(RayTrainWorker pid=122403)[0m 🔍 FULL CONFIG: epochs=24, lr=0.009405149760945085, batch_size=128, image_size=64
[36m(RayTrainWorker pid=122403)[0m Moving model to device: cuda:0
[36m(RayTrainWorker pid=122403)[0m Reporting training result 1: TrainingReport(checkpoint=None, metrics={'epoch': 1, 'accuracy': 0.4764, 'best_accuracy': 0.4764, 'avg_epoch_time_s': 20.97863993899955}, validation=False)
[36m(RayTrainWorker pid=122403)[0m Reporting training result 2: TrainingReport(checkpoint=None, metrics={'epoch': 2, 'accuracy': 0.4849, 'best_accuracy': 0.4849, 'avg_epoch_time_s': 20.4726039520001}, validation=False)
[36m(RayTrainWorker pid=122403)[0m Reporting training result 3: TrainingReport(checkpoint=None, metrics={'epoch': 3, 'accuracy': 0.4949, 'best_accuracy': 0.4949, 'avg_epoch_time_s': 20.183973612999882}, validation=False)
[36m(RayTrainWorker pid=122403)[0m Reporting training result 4: TrainingReport(checkpoint=None, metrics={'epoch': 4, 'accuracy': 0.4905, 'best_accuracy': 0.4949, 'avg_epoch_time_s': 20.01763883750027}, validation=False)
[36m(RayTrainWorker pid=122403)[0m Reporting training result 5: TrainingReport(checkpoint=None, metrics={'epoch': 5, 'accuracy': 0.5034, 'best_accuracy': 0.5034, 'avg_epoch_time_s': 19.93932840460002}, validation=False)
[36m(RayTrainWorker pid=122403)[0m Reporting training result 6: TrainingReport(checkpoint=None, metrics={'epoch': 6, 'accuracy': 0.5052, 'best_accuracy': 0.5052, 'avg_epoch_time_s': 19.886423752000155}, validation=False)
[36m(RayTrainWorker pid=122403)[0m Reporting training result 7: TrainingReport(checkpoint=None, metrics={'epoch': 7, 'accuracy': 0.5081, 'best_accuracy': 0.5081, 'avg_epoch_time_s': 19.85569665971447}, validation=False)
[36m(RayTrainWorker pid=122403)[0m Reporting training result 8: TrainingReport(checkpoint=None, metrics={'epoch': 8, 'accuracy': 0.5163, 'best_accuracy': 0.5163, 'avg_epoch_time_s': 19.8180924292501}, validation=False)
[36m(RayTrainWorker pid=122403)[0m Reporting training result 9: TrainingReport(checkpoint=None, metrics={'epoch': 9, 'accuracy': 0.5193, 'best_accuracy': 0.5193, 'avg_epoch_time_s': 19.787752427777782}, validation=False)
[36m(RayTrainWorker pid=122403)[0m Reporting training result 10: TrainingReport(checkpoint=None, metrics={'epoch': 10, 'accuracy': 0.5143, 'best_accuracy': 0.5193, 'avg_epoch_time_s': 19.774341362000087}, validation=False)
[36m(RayTrainWorker pid=122403)[0m Reporting training result 11: TrainingReport(checkpoint=None, metrics={'epoch': 11, 'accuracy': 0.5187, 'best_accuracy': 0.5193, 'avg_epoch_time_s': 19.762966873909054}, validation=False)
[36m(RayTrainWorker pid=122403)[0m Reporting training result 12: TrainingReport(checkpoint=None, metrics={'epoch': 12, 'accuracy': 0.5019, 'best_accuracy': 0.5193, 'avg_epoch_time_s': 19.753500627999983}, validation=False)
[36m(RayTrainWorker pid=122403)[0m Reporting training result 13: TrainingReport(checkpoint=None, metrics={'epoch': 13, 'accuracy': 0.519, 'best_accuracy': 0.5193, 'avg_epoch_time_s': 19.745823112846175}, validation=False)
[36m(RayTrainWorker pid=122403)[0m Reporting training result 14: TrainingReport(checkpoint=None, metrics={'epoch': 14, 'accuracy': 0.5134, 'best_accuracy': 0.5193, 'avg_epoch_time_s': 19.734925626000013}, validation=False)
[36m(RayTrainWorker pid=122403)[0m Reporting training result 15: TrainingReport(checkpoint=None, metrics={'epoch': 15, 'accuracy': 0.521, 'best_accuracy': 0.521, 'avg_epoch_time_s': 19.724309819200062}, validation=False)
[36m(RayTrainWorker pid=122403)[0m Reporting training result 16: TrainingReport(checkpoint=None, metrics={'epoch': 16, 'accuracy': 0.5231, 'best_accuracy': 0.5231, 'avg_epoch_time_s': 19.710646308812557}, validation=False)
[36m(RayTrainWorker pid=122403)[0m Reporting training result 17: TrainingReport(checkpoint=None, metrics={'epoch': 17, 'accuracy': 0.5201, 'best_accuracy': 0.5231, 'avg_epoch_time_s': 19.713229999882326}, validation=False)
[36m(RayTrainWorker pid=122403)[0m Reporting training result 18: TrainingReport(checkpoint=None, metrics={'epoch': 18, 'accuracy': 0.5243, 'best_accuracy': 0.5243, 'avg_epoch_time_s': 19.700585235277785}, validation=False)
[36m(RayTrainWorker pid=122403)[0m Reporting training result 19: TrainingReport(checkpoint=None, metrics={'epoch': 19, 'accuracy': 0.5236, 'best_accuracy': 0.5243, 'avg_epoch_time_s': 19.691538371894765}, validation=False)
[36m(RayTrainWorker pid=122403)[0m Reporting training result 20: TrainingReport(checkpoint=None, metrics={'epoch': 20, 'accuracy': 0.5389, 'best_accuracy': 0.5389, 'avg_epoch_time_s': 19.69017577835002}, validation=False)
[36m(RayTrainWorker pid=122403)[0m Reporting training result 21: TrainingReport(checkpoint=None, metrics={'epoch': 21, 'accuracy': 0.5276, 'best_accuracy': 0.5389, 'avg_epoch_time_s': 19.691388663857133}, validation=False)
[36m(RayTrainWorker pid=122403)[0m Reporting training result 22: TrainingReport(checkpoint=None, metrics={'epoch': 22, 'accuracy': 0.5193, 'best_accuracy': 0.5389, 'avg_epoch_time_s': 19.690727719500003}, validation=False)
[36m(RayTrainWorker pid=122403)[0m Reporting training result 23: TrainingReport(checkpoint=None, metrics={'epoch': 23, 'accuracy': 0.5241, 'best_accuracy': 0.5389, 'avg_epoch_time_s': 19.687762801739154}, validation=False)
[36m(RayTrainWorker pid=122403)[0m Reporting training result 24: TrainingReport(checkpoint=None, metrics={'epoch': 24, 'accuracy': 0.5331, 'best_accuracy': 0.5389, 'avg_epoch_time_s': 19.689383594833316}, validation=False)
[36m(TrainController pid=124435)[0m Requesting resources: {'GPU': 1} * 1
[36m(TrainController pid=124435)[0m Attempting to start training worker group of size 1 with the following resources: [{'GPU': 1}] * 1
[36m(RayTrainWorker pid=124478)[0m Setting up process group for: env:// [rank=0, world_size=1]
[36m(TrainController pid=124435)[0m Started training worker group of size 1: 
[36m(TrainController pid=124435)[0m - (ip=172.31.32.108, pid=124478) world_rank=0, local_rank=0, node_rank=0
[36m(RayTrainWorker pid=124478)[0m 
[36m(RayTrainWorker pid=124478)[0m ================ WORKER DEVICE DEBUG ================
[36m(RayTrainWorker pid=124478)[0m CUDA_VISIBLE_DEVICES = 0
[36m(RayTrainWorker pid=124478)[0m torch.cuda.is_available() = True
[36m(RayTrainWorker pid=124478)[0m torch.cuda.device_count() = 1
[36m(RayTrainWorker pid=124478)[0m current device index = 0
[36m(RayTrainWorker pid=124478)[0m device name = NVIDIA A10G
[36m(RayTrainWorker pid=124478)[0m =====================================================
[36m(RayTrainWorker pid=124478)[0m 
[36m(RayTrainWorker pid=124478)[0m 🔍 TRAINING WITH MODEL: wide_resnet101_2
[36m(RayTrainWorker pid=124478)[0m 🔍 FULL CONFIG: epochs=39, lr=0.003155536614944919, batch_size=128, image_size=64
[36m(RayTrainWorker pid=124478)[0m Moving model to device: cuda:0
[36m(RayTrainWorker pid=124478)[0m Reporting training result 1: TrainingReport(checkpoint=None, metrics={'epoch': 1, 'accuracy': 0.483, 'best_accuracy': 0.483, 'avg_epoch_time_s': 21.021015244999944}, validation=False)
[36m(RayTrainWorker pid=124478)[0m Reporting training result 2: TrainingReport(checkpoint=None, metrics={'epoch': 2, 'accuracy': 0.5059, 'best_accuracy': 0.5059, 'avg_epoch_time_s': 20.530038493499887}, validation=False)
[36m(RayTrainWorker pid=124478)[0m Reporting training result 3: TrainingReport(checkpoint=None, metrics={'epoch': 3, 'accuracy': 0.5071, 'best_accuracy': 0.5071, 'avg_epoch_time_s': 20.226983290000135}, validation=False)
[36m(RayTrainWorker pid=124478)[0m Reporting training result 4: TrainingReport(checkpoint=None, metrics={'epoch': 4, 'accuracy': 0.5057, 'best_accuracy': 0.5071, 'avg_epoch_time_s': 20.072729809000066}, validation=False)
[36m(RayTrainWorker pid=124478)[0m Reporting training result 5: TrainingReport(checkpoint=None, metrics={'epoch': 5, 'accuracy': 0.5103, 'best_accuracy': 0.5103, 'avg_epoch_time_s': 19.98569065800002}, validation=False)
[36m(RayTrainWorker pid=124478)[0m Reporting training result 6: TrainingReport(checkpoint=None, metrics={'epoch': 6, 'accuracy': 0.5173, 'best_accuracy': 0.5173, 'avg_epoch_time_s': 19.91776490783347}, validation=False)
[36m(RayTrainWorker pid=124478)[0m Reporting training result 7: TrainingReport(checkpoint=None, metrics={'epoch': 7, 'accuracy': 0.519, 'best_accuracy': 0.519, 'avg_epoch_time_s': 19.872327089285786}, validation=False)
[36m(RayTrainWorker pid=124478)[0m Reporting training result 8: TrainingReport(checkpoint=None, metrics={'epoch': 8, 'accuracy': 0.5219, 'best_accuracy': 0.5219, 'avg_epoch_time_s': 19.84345715837503}, validation=False)
[36m(RayTrainWorker pid=124478)[0m Reporting training result 9: TrainingReport(checkpoint=None, metrics={'epoch': 9, 'accuracy': 0.5221, 'best_accuracy': 0.5221, 'avg_epoch_time_s': 19.8142294325557}, validation=False)
[36m(RayTrainWorker pid=124478)[0m Reporting training result 10: TrainingReport(checkpoint=None, metrics={'epoch': 10, 'accuracy': 0.5207, 'best_accuracy': 0.5221, 'avg_epoch_time_s': 19.790784875800092}, validation=False)
[36m(RayTrainWorker pid=124478)[0m Reporting training result 11: TrainingReport(checkpoint=None, metrics={'epoch': 11, 'accuracy': 0.5288, 'best_accuracy': 0.5288, 'avg_epoch_time_s': 19.771670841545447}, validation=False)
[36m(RayTrainWorker pid=124478)[0m Reporting training result 12: TrainingReport(checkpoint=None, metrics={'epoch': 12, 'accuracy': 0.5276, 'best_accuracy': 0.5288, 'avg_epoch_time_s': 19.751880266333348}, validation=False)
[36m(RayTrainWorker pid=124478)[0m Reporting training result 13: TrainingReport(checkpoint=None, metrics={'epoch': 13, 'accuracy': 0.5221, 'best_accuracy': 0.5288, 'avg_epoch_time_s': 19.743118353230855}, validation=False)
[36m(RayTrainWorker pid=124478)[0m Reporting training result 14: TrainingReport(checkpoint=None, metrics={'epoch': 14, 'accuracy': 0.5237, 'best_accuracy': 0.5288, 'avg_epoch_time_s': 19.725972620785797}, validation=False)
[36m(RayTrainWorker pid=124478)[0m Reporting training result 15: TrainingReport(checkpoint=None, metrics={'epoch': 15, 'accuracy': 0.5305, 'best_accuracy': 0.5305, 'avg_epoch_time_s': 19.719246529866723}, validation=False)
[36m(RayTrainWorker pid=124478)[0m Reporting training result 16: TrainingReport(checkpoint=None, metrics={'epoch': 16, 'accuracy': 0.5334, 'best_accuracy': 0.5334, 'avg_epoch_time_s': 19.706092255124986}, validation=False)
[36m(RayTrainWorker pid=124478)[0m Reporting training result 17: TrainingReport(checkpoint=None, metrics={'epoch': 17, 'accuracy': 0.5335, 'best_accuracy': 0.5335, 'avg_epoch_time_s': 19.695764429647063}, validation=False)
[36m(RayTrainWorker pid=124478)[0m Reporting training result 18: TrainingReport(checkpoint=None, metrics={'epoch': 18, 'accuracy': 0.5298, 'best_accuracy': 0.5335, 'avg_epoch_time_s': 19.6858094106111}, validation=False)
[36m(RayTrainWorker pid=124478)[0m Reporting training result 19: TrainingReport(checkpoint=None, metrics={'epoch': 19, 'accuracy': 0.5356, 'best_accuracy': 0.5356, 'avg_epoch_time_s': 19.68089669131577}, validation=False)
[36m(RayTrainWorker pid=124478)[0m Reporting training result 20: TrainingReport(checkpoint=None, metrics={'epoch': 20, 'accuracy': 0.5314, 'best_accuracy': 0.5356, 'avg_epoch_time_s': 19.67885209619999}, validation=False)
[36m(RayTrainWorker pid=124478)[0m Reporting training result 21: TrainingReport(checkpoint=None, metrics={'epoch': 21, 'accuracy': 0.5317, 'best_accuracy': 0.5356, 'avg_epoch_time_s': 19.6737529703334}, validation=False)
[36m(RayTrainWorker pid=124478)[0m Reporting training result 22: TrainingReport(checkpoint=None, metrics={'epoch': 22, 'accuracy': 0.5308, 'best_accuracy': 0.5356, 'avg_epoch_time_s': 19.66894773722726}, validation=False)
[36m(RayTrainWorker pid=124478)[0m Reporting training result 23: TrainingReport(checkpoint=None, metrics={'epoch': 23, 'accuracy': 0.5274, 'best_accuracy': 0.5356, 'avg_epoch_time_s': 19.6667780783044}, validation=False)
[36m(RayTrainWorker pid=124478)[0m Reporting training result 24: TrainingReport(checkpoint=None, metrics={'epoch': 24, 'accuracy': 0.5292, 'best_accuracy': 0.5356, 'avg_epoch_time_s': 19.661296935749988}, validation=False)
[36m(RayTrainWorker pid=124478)[0m Reporting training result 25: TrainingReport(checkpoint=None, metrics={'epoch': 25, 'accuracy': 0.5324, 'best_accuracy': 0.5356, 'avg_epoch_time_s': 19.66427819135999}, validation=False)
[36m(RayTrainWorker pid=124478)[0m Reporting training result 26: TrainingReport(checkpoint=None, metrics={'epoch': 26, 'accuracy': 0.542, 'best_accuracy': 0.542, 'avg_epoch_time_s': 19.659671276192338}, validation=False)
[36m(RayTrainWorker pid=124478)[0m Reporting training result 27: TrainingReport(checkpoint=None, metrics={'epoch': 27, 'accuracy': 0.5381, 'best_accuracy': 0.542, 'avg_epoch_time_s': 19.6563091144815}, validation=False)
[36m(RayTrainWorker pid=124478)[0m Reporting training result 28: TrainingReport(checkpoint=None, metrics={'epoch': 28, 'accuracy': 0.5364, 'best_accuracy': 0.542, 'avg_epoch_time_s': 19.653919818749987}, validation=False)
[36m(RayTrainWorker pid=124478)[0m Reporting training result 29: TrainingReport(checkpoint=None, metrics={'epoch': 29, 'accuracy': 0.5366, 'best_accuracy': 0.542, 'avg_epoch_time_s': 19.65281755706897}, validation=False)
[36m(RayTrainWorker pid=124478)[0m Reporting training result 30: TrainingReport(checkpoint=None, metrics={'epoch': 30, 'accuracy': 0.5302, 'best_accuracy': 0.542, 'avg_epoch_time_s': 19.650868479366668}, validation=False)
[36m(RayTrainWorker pid=124478)[0m Reporting training result 31: TrainingReport(checkpoint=None, metrics={'epoch': 31, 'accuracy': 0.5425, 'best_accuracy': 0.5425, 'avg_epoch_time_s': 19.653714464290335}, validation=False)
[36m(RayTrainWorker pid=124478)[0m Reporting training result 32: TrainingReport(checkpoint=None, metrics={'epoch': 32, 'accuracy': 0.538, 'best_accuracy': 0.5425, 'avg_epoch_time_s': 19.652607113906242}, validation=False)
[36m(RayTrainWorker pid=124478)[0m Reporting training result 33: TrainingReport(checkpoint=None, metrics={'epoch': 33, 'accuracy': 0.5408, 'best_accuracy': 0.5425, 'avg_epoch_time_s': 19.646991550212107}, validation=False)
[36m(RayTrainWorker pid=124478)[0m Reporting training result 34: TrainingReport(checkpoint=None, metrics={'epoch': 34, 'accuracy': 0.5423, 'best_accuracy': 0.5425, 'avg_epoch_time_s': 19.646655090235285}, validation=False)
[36m(RayTrainWorker pid=124478)[0m Reporting training result 35: TrainingReport(checkpoint=None, metrics={'epoch': 35, 'accuracy': 0.5372, 'best_accuracy': 0.5425, 'avg_epoch_time_s': 19.645682384428593}, validation=False)
[36m(RayTrainWorker pid=124478)[0m Reporting training result 36: TrainingReport(checkpoint=None, metrics={'epoch': 36, 'accuracy': 0.5415, 'best_accuracy': 0.5425, 'avg_epoch_time_s': 19.645766926888932}, validation=False)
[36m(RayTrainWorker pid=124478)[0m Reporting training result 37: TrainingReport(checkpoint=None, metrics={'epoch': 37, 'accuracy': 0.5449, 'best_accuracy': 0.5449, 'avg_epoch_time_s': 19.641702423378355}, validation=False)
[36m(RayTrainWorker pid=124478)[0m Reporting training result 38: TrainingReport(checkpoint=None, metrics={'epoch': 38, 'accuracy': 0.544, 'best_accuracy': 0.5449, 'avg_epoch_time_s': 19.640017352000015}, validation=False)
[36m(RayTrainWorker pid=124478)[0m Reporting training result 39: TrainingReport(checkpoint=None, metrics={'epoch': 39, 'accuracy': 0.5461, 'best_accuracy': 0.5461, 'avg_epoch_time_s': 19.638555976769286}, validation=False)
[36m(TrainController pid=127506)[0m Requesting resources: {'GPU': 1} * 1
[36m(TrainController pid=127506)[0m Attempting to start training worker group of size 1 with the following resources: [{'GPU': 1}] * 1
[36m(RayTrainWorker pid=127552)[0m Setting up process group for: env:// [rank=0, world_size=1]
[36m(TrainController pid=127506)[0m Started training worker group of size 1: 
[36m(TrainController pid=127506)[0m - (ip=172.31.32.108, pid=127552) world_rank=0, local_rank=0, node_rank=0
[36m(RayTrainWorker pid=127552)[0m 
[36m(RayTrainWorker pid=127552)[0m ================ WORKER DEVICE DEBUG ================
[36m(RayTrainWorker pid=127552)[0m CUDA_VISIBLE_DEVICES = 0
[36m(RayTrainWorker pid=127552)[0m torch.cuda.is_available() = True
[36m(RayTrainWorker pid=127552)[0m torch.cuda.device_count() = 1
[36m(RayTrainWorker pid=127552)[0m current device index = 0
[36m(RayTrainWorker pid=127552)[0m device name = NVIDIA A10G
[36m(RayTrainWorker pid=127552)[0m =====================================================
[36m(RayTrainWorker pid=127552)[0m 
[36m(RayTrainWorker pid=127552)[0m 🔍 TRAINING WITH MODEL: wide_resnet101_2
[36m(RayTrainWorker pid=127552)[0m 🔍 FULL CONFIG: epochs=26, lr=0.00046149256004128644, batch_size=128, image_size=64
[36m(RayTrainWorker pid=127552)[0m Moving model to device: cuda:0
[36m(RayTrainWorker pid=127552)[0m Reporting training result 1: TrainingReport(checkpoint=None, metrics={'epoch': 1, 'accuracy': 0.4313, 'best_accuracy': 0.4313, 'avg_epoch_time_s': 21.109526693002408}, validation=False)
[36m(RayTrainWorker pid=127552)[0m Reporting training result 2: TrainingReport(checkpoint=None, metrics={'epoch': 2, 'accuracy': 0.4614, 'best_accuracy': 0.4614, 'avg_epoch_time_s': 20.611285295501148}, validation=False)
[36m(RayTrainWorker pid=127552)[0m Reporting training result 3: TrainingReport(checkpoint=None, metrics={'epoch': 3, 'accuracy': 0.482, 'best_accuracy': 0.482, 'avg_epoch_time_s': 20.267480515000596}, validation=False)
[36m(RayTrainWorker pid=127552)[0m Reporting training result 4: TrainingReport(checkpoint=None, metrics={'epoch': 4, 'accuracy': 0.4836, 'best_accuracy': 0.4836, 'avg_epoch_time_s': 20.109869429000355}, validation=False)
[36m(RayTrainWorker pid=127552)[0m Reporting training result 5: TrainingReport(checkpoint=None, metrics={'epoch': 5, 'accuracy': 0.4937, 'best_accuracy': 0.4937, 'avg_epoch_time_s': 19.99830342760033}, validation=False)
[36m(RayTrainWorker pid=127552)[0m Reporting training result 6: TrainingReport(checkpoint=None, metrics={'epoch': 6, 'accuracy': 0.5008, 'best_accuracy': 0.5008, 'avg_epoch_time_s': 19.940594275166706}, validation=False)
[36m(RayTrainWorker pid=127552)[0m Reporting training result 7: TrainingReport(checkpoint=None, metrics={'epoch': 7, 'accuracy': 0.5063, 'best_accuracy': 0.5063, 'avg_epoch_time_s': 19.884992411714588}, validation=False)
[36m(RayTrainWorker pid=127552)[0m Reporting training result 8: TrainingReport(checkpoint=None, metrics={'epoch': 8, 'accuracy': 0.5091, 'best_accuracy': 0.5091, 'avg_epoch_time_s': 19.867064151125305}, validation=False)
[36m(RayTrainWorker pid=127552)[0m Reporting training result 9: TrainingReport(checkpoint=None, metrics={'epoch': 9, 'accuracy': 0.5051, 'best_accuracy': 0.5091, 'avg_epoch_time_s': 19.836059297111206}, validation=False)
[36m(RayTrainWorker pid=127552)[0m Reporting training result 10: TrainingReport(checkpoint=None, metrics={'epoch': 10, 'accuracy': 0.5056, 'best_accuracy': 0.5091, 'avg_epoch_time_s': 19.813531301600232}, validation=False)
[36m(RayTrainWorker pid=127552)[0m Reporting training result 11: TrainingReport(checkpoint=None, metrics={'epoch': 11, 'accuracy': 0.5126, 'best_accuracy': 0.5126, 'avg_epoch_time_s': 19.782706011727317}, validation=False)
[36m(RayTrainWorker pid=127552)[0m Reporting training result 12: TrainingReport(checkpoint=None, metrics={'epoch': 12, 'accuracy': 0.5105, 'best_accuracy': 0.5126, 'avg_epoch_time_s': 19.769218365833392}, validation=False)
[36m(RayTrainWorker pid=127552)[0m Reporting training result 13: TrainingReport(checkpoint=None, metrics={'epoch': 13, 'accuracy': 0.5171, 'best_accuracy': 0.5171, 'avg_epoch_time_s': 19.75117295761559}, validation=False)
[36m(RayTrainWorker pid=127552)[0m Reporting training result 14: TrainingReport(checkpoint=None, metrics={'epoch': 14, 'accuracy': 0.5186, 'best_accuracy': 0.5186, 'avg_epoch_time_s': 19.7412022157857}, validation=False)
[36m(RayTrainWorker pid=127552)[0m Reporting training result 15: TrainingReport(checkpoint=None, metrics={'epoch': 15, 'accuracy': 0.5151, 'best_accuracy': 0.5186, 'avg_epoch_time_s': 19.73434295406672}, validation=False)
[36m(RayTrainWorker pid=127552)[0m Reporting training result 16: TrainingReport(checkpoint=None, metrics={'epoch': 16, 'accuracy': 0.5188, 'best_accuracy': 0.5188, 'avg_epoch_time_s': 19.72190238606254}, validation=False)
[36m(RayTrainWorker pid=127552)[0m Reporting training result 17: TrainingReport(checkpoint=None, metrics={'epoch': 17, 'accuracy': 0.511, 'best_accuracy': 0.5188, 'avg_epoch_time_s': 19.715392798941192}, validation=False)
[36m(RayTrainWorker pid=127552)[0m Reporting training result 18: TrainingReport(checkpoint=None, metrics={'epoch': 18, 'accuracy': 0.521, 'best_accuracy': 0.521, 'avg_epoch_time_s': 19.7051261696112}, validation=False)
[36m(RayTrainWorker pid=127552)[0m Reporting training result 19: TrainingReport(checkpoint=None, metrics={'epoch': 19, 'accuracy': 0.5159, 'best_accuracy': 0.521, 'avg_epoch_time_s': 19.698139496526366}, validation=False)
[36m(RayTrainWorker pid=127552)[0m Reporting training result 20: TrainingReport(checkpoint=None, metrics={'epoch': 20, 'accuracy': 0.5174, 'best_accuracy': 0.521, 'avg_epoch_time_s': 19.692184271150108}, validation=False)
[36m(RayTrainWorker pid=127552)[0m Reporting training result 21: TrainingReport(checkpoint=None, metrics={'epoch': 21, 'accuracy': 0.5209, 'best_accuracy': 0.521, 'avg_epoch_time_s': 19.708224713476305}, validation=False)
[36m(RayTrainWorker pid=127552)[0m Reporting training result 22: TrainingReport(checkpoint=None, metrics={'epoch': 22, 'accuracy': 0.5223, 'best_accuracy': 0.5223, 'avg_epoch_time_s': 19.70195502536378}, validation=False)
[36m(RayTrainWorker pid=127552)[0m Reporting training result 23: TrainingReport(checkpoint=None, metrics={'epoch': 23, 'accuracy': 0.5238, 'best_accuracy': 0.5238, 'avg_epoch_time_s': 19.696858041173982}, validation=False)
[36m(RayTrainWorker pid=127552)[0m Reporting training result 24: TrainingReport(checkpoint=None, metrics={'epoch': 24, 'accuracy': 0.5213, 'best_accuracy': 0.5238, 'avg_epoch_time_s': 19.694340651166687}, validation=False)
[36m(RayTrainWorker pid=127552)[0m Reporting training result 25: TrainingReport(checkpoint=None, metrics={'epoch': 25, 'accuracy': 0.5207, 'best_accuracy': 0.5238, 'avg_epoch_time_s': 19.69010094260011}, validation=False)
[36m(RayTrainWorker pid=127552)[0m Reporting training result 26: TrainingReport(checkpoint=None, metrics={'epoch': 26, 'accuracy': 0.5214, 'best_accuracy': 0.5238, 'avg_epoch_time_s': 19.686671414269277}, validation=False)
[36m(TrainController pid=129620)[0m Requesting resources: {'GPU': 1} * 1
[36m(TrainController pid=129620)[0m Attempting to start training worker group of size 1 with the following resources: [{'GPU': 1}] * 1
[36m(RayTrainWorker pid=129665)[0m Setting up process group for: env:// [rank=0, world_size=1]
[36m(TrainController pid=129620)[0m Started training worker group of size 1: 
[36m(TrainController pid=129620)[0m - (ip=172.31.32.108, pid=129665) world_rank=0, local_rank=0, node_rank=0
[36m(RayTrainWorker pid=129665)[0m 
[36m(RayTrainWorker pid=129665)[0m ================ WORKER DEVICE DEBUG ================
[36m(RayTrainWorker pid=129665)[0m CUDA_VISIBLE_DEVICES = 0
[36m(RayTrainWorker pid=129665)[0m torch.cuda.is_available() = True
[36m(RayTrainWorker pid=129665)[0m torch.cuda.device_count() = 1
[36m(RayTrainWorker pid=129665)[0m current device index = 0
[36m(RayTrainWorker pid=129665)[0m device name = NVIDIA A10G
[36m(RayTrainWorker pid=129665)[0m =====================================================
[36m(RayTrainWorker pid=129665)[0m 
[36m(RayTrainWorker pid=129665)[0m 🔍 TRAINING WITH MODEL: wide_resnet101_2
[36m(RayTrainWorker pid=129665)[0m 🔍 FULL CONFIG: epochs=31, lr=0.016883059916594972, batch_size=128, image_size=64
[36m(RayTrainWorker pid=129665)[0m Moving model to device: cuda:0
[36m(RayTrainWorker pid=129665)[0m Reporting training result 1: TrainingReport(checkpoint=None, metrics={'epoch': 1, 'accuracy': 0.4853, 'best_accuracy': 0.4853, 'avg_epoch_time_s': 21.28154674400139}, validation=False)
[36m(RayTrainWorker pid=129665)[0m Reporting training result 2: TrainingReport(checkpoint=None, metrics={'epoch': 2, 'accuracy': 0.478, 'best_accuracy': 0.4853, 'avg_epoch_time_s': 20.764756381500774}, validation=False)
[36m(RayTrainWorker pid=129665)[0m Reporting training result 3: TrainingReport(checkpoint=None, metrics={'epoch': 3, 'accuracy': 0.4792, 'best_accuracy': 0.4853, 'avg_epoch_time_s': 20.494095042333356}, validation=False)
[36m(RayTrainWorker pid=129665)[0m Reporting training result 4: TrainingReport(checkpoint=None, metrics={'epoch': 4, 'accuracy': 0.4919, 'best_accuracy': 0.4919, 'avg_epoch_time_s': 20.37770166224982}, validation=False)
[36m(RayTrainWorker pid=129665)[0m Reporting training result 5: TrainingReport(checkpoint=None, metrics={'epoch': 5, 'accuracy': 0.4989, 'best_accuracy': 0.4989, 'avg_epoch_time_s': 20.292938167800457}, validation=False)
[36m(RayTrainWorker pid=129665)[0m Reporting training result 6: TrainingReport(checkpoint=None, metrics={'epoch': 6, 'accuracy': 0.5052, 'best_accuracy': 0.5052, 'avg_epoch_time_s': 20.229720941333653}, validation=False)
[36m(RayTrainWorker pid=129665)[0m Reporting training result 7: TrainingReport(checkpoint=None, metrics={'epoch': 7, 'accuracy': 0.5004, 'best_accuracy': 0.5052, 'avg_epoch_time_s': 20.198630059000216}, validation=False)
[36m(RayTrainWorker pid=129665)[0m Reporting training result 8: TrainingReport(checkpoint=None, metrics={'epoch': 8, 'accuracy': 0.5119, 'best_accuracy': 0.5119, 'avg_epoch_time_s': 20.16835747674986}, validation=False)
[36m(RayTrainWorker pid=129665)[0m Reporting training result 9: TrainingReport(checkpoint=None, metrics={'epoch': 9, 'accuracy': 0.515, 'best_accuracy': 0.515, 'avg_epoch_time_s': 20.130243677666538}, validation=False)
[36m(RayTrainWorker pid=129665)[0m Reporting training result 10: TrainingReport(checkpoint=None, metrics={'epoch': 10, 'accuracy': 0.5154, 'best_accuracy': 0.5154, 'avg_epoch_time_s': 20.104032919599923}, validation=False)
[36m(RayTrainWorker pid=129665)[0m Reporting training result 11: TrainingReport(checkpoint=None, metrics={'epoch': 11, 'accuracy': 0.5185, 'best_accuracy': 0.5185, 'avg_epoch_time_s': 20.095684493909094}, validation=False)
[36m(RayTrainWorker pid=129665)[0m Reporting training result 12: TrainingReport(checkpoint=None, metrics={'epoch': 12, 'accuracy': 0.5123, 'best_accuracy': 0.5185, 'avg_epoch_time_s': 20.08203793666659}, validation=False)
[36m(RayTrainWorker pid=129665)[0m Reporting training result 13: TrainingReport(checkpoint=None, metrics={'epoch': 13, 'accuracy': 0.5131, 'best_accuracy': 0.5185, 'avg_epoch_time_s': 20.070078062769216}, validation=False)
[36m(RayTrainWorker pid=129665)[0m Reporting training result 14: TrainingReport(checkpoint=None, metrics={'epoch': 14, 'accuracy': 0.5158, 'best_accuracy': 0.5185, 'avg_epoch_time_s': 20.061548819857176}, validation=False)
[36m(RayTrainWorker pid=129665)[0m Reporting training result 15: TrainingReport(checkpoint=None, metrics={'epoch': 15, 'accuracy': 0.5277, 'best_accuracy': 0.5277, 'avg_epoch_time_s': 20.051012376533375}, validation=False)
[36m(RayTrainWorker pid=129665)[0m Reporting training result 16: TrainingReport(checkpoint=None, metrics={'epoch': 16, 'accuracy': 0.5132, 'best_accuracy': 0.5277, 'avg_epoch_time_s': 20.044944622000003}, validation=False)
[36m(RayTrainWorker pid=129665)[0m Reporting training result 17: TrainingReport(checkpoint=None, metrics={'epoch': 17, 'accuracy': 0.5181, 'best_accuracy': 0.5277, 'avg_epoch_time_s': 20.039806751941153}, validation=False)
[36m(RayTrainWorker pid=129665)[0m Reporting training result 18: TrainingReport(checkpoint=None, metrics={'epoch': 18, 'accuracy': 0.5178, 'best_accuracy': 0.5277, 'avg_epoch_time_s': 20.03929125083333}, validation=False)
[36m(RayTrainWorker pid=129665)[0m Reporting training result 19: TrainingReport(checkpoint=None, metrics={'epoch': 19, 'accuracy': 0.5242, 'best_accuracy': 0.5277, 'avg_epoch_time_s': 20.032214078842163}, validation=False)
[36m(RayTrainWorker pid=129665)[0m Reporting training result 20: TrainingReport(checkpoint=None, metrics={'epoch': 20, 'accuracy': 0.5207, 'best_accuracy': 0.5277, 'avg_epoch_time_s': 20.02813938420004}, validation=False)
[36m(RayTrainWorker pid=129665)[0m Reporting training result 21: TrainingReport(checkpoint=None, metrics={'epoch': 21, 'accuracy': 0.5074, 'best_accuracy': 0.5277, 'avg_epoch_time_s': 20.0222956448571}, validation=False)
[36m(RayTrainWorker pid=129665)[0m Reporting training result 22: TrainingReport(checkpoint=None, metrics={'epoch': 22, 'accuracy': 0.493, 'best_accuracy': 0.5277, 'avg_epoch_time_s': 20.012174847272696}, validation=False)
[36m(RayTrainWorker pid=129665)[0m Reporting training result 23: TrainingReport(checkpoint=None, metrics={'epoch': 23, 'accuracy': 0.5165, 'best_accuracy': 0.5277, 'avg_epoch_time_s': 20.004878966434816}, validation=False)
[36m(RayTrainWorker pid=129665)[0m Reporting training result 24: TrainingReport(checkpoint=None, metrics={'epoch': 24, 'accuracy': 0.512, 'best_accuracy': 0.5277, 'avg_epoch_time_s': 20.000558471250013}, validation=False)
[36m(RayTrainWorker pid=129665)[0m Reporting training result 25: TrainingReport(checkpoint=None, metrics={'epoch': 25, 'accuracy': 0.5253, 'best_accuracy': 0.5277, 'avg_epoch_time_s': 19.99330008228004}, validation=False)
[36m(RayTrainWorker pid=129665)[0m Reporting training result 26: TrainingReport(checkpoint=None, metrics={'epoch': 26, 'accuracy': 0.522, 'best_accuracy': 0.5277, 'avg_epoch_time_s': 19.986895656269272}, validation=False)
[36m(RayTrainWorker pid=129665)[0m Reporting training result 27: TrainingReport(checkpoint=None, metrics={'epoch': 27, 'accuracy': 0.5283, 'best_accuracy': 0.5283, 'avg_epoch_time_s': 19.979945995074054}, validation=False)
[36m(RayTrainWorker pid=129665)[0m Reporting training result 28: TrainingReport(checkpoint=None, metrics={'epoch': 28, 'accuracy': 0.5099, 'best_accuracy': 0.5283, 'avg_epoch_time_s': 19.975228355999985}, validation=False)
[36m(RayTrainWorker pid=129665)[0m Reporting training result 29: TrainingReport(checkpoint=None, metrics={'epoch': 29, 'accuracy': 0.5271, 'best_accuracy': 0.5283, 'avg_epoch_time_s': 19.97283462106899}, validation=False)
[36m(RayTrainWorker pid=129665)[0m Reporting training result 30: TrainingReport(checkpoint=None, metrics={'epoch': 30, 'accuracy': 0.528, 'best_accuracy': 0.5283, 'avg_epoch_time_s': 19.967443739600032}, validation=False)
[36m(RayTrainWorker pid=129665)[0m Reporting training result 31: TrainingReport(checkpoint=None, metrics={'epoch': 31, 'accuracy': 0.5205, 'best_accuracy': 0.5283, 'avg_epoch_time_s': 19.969050938322564}, validation=False)
2026-05-10 17:33:24,192	INFO tune.py:1001 -- Wrote the latest version of all result files and experiment state to '/fsx/ray_results/pytorch_hpo_phase1' in 0.1397s.

INFO:cloud_runner_HPO_new:Parsed HPO result: {'config': {'accuracy': 0.5461, 'model_name': 'wide_resnet101_2', 'epoch': 39, 'learning_rate': 0.003155536614944919, 'momentum': 0.8671248490110872, 'batch_size': 128, 'hidden': 10, 'image_size': 64, 'next_trials': 10}}
INFO:cloud_runner_HPO_new:HPO pipeline completed successfully
INFO:cloud_runner_HPO_new:Cleaning up Ray cluster...
INFO:paramiko.transport:Connected (version 2.0, client OpenSSH_8.9p1)
INFO:paramiko.transport:Authentication (publickey) successful!
INFO:cloud_runner_HPO_new:Ray stopped on 172.31.32.108
INFO:cloud_runner_HPO_new:HPO execution completed successfully

