+ source /home/ubuntu/rayenv/bin/activate
++ deactivate nondestructive
++ '[' -n '' ']'
++ '[' -n '' ']'
++ '[' -n /bin/bash -o -n '' ']'
++ hash -r
++ '[' -n '' ']'
++ unset VIRTUAL_ENV
++ unset VIRTUAL_ENV_PROMPT
++ '[' '!' nondestructive = nondestructive ']'
++ VIRTUAL_ENV=/home/ubuntu/rayenv
++ export VIRTUAL_ENV
++ _OLD_VIRTUAL_PATH=/home/ubuntu/rayenv/bin:/opt/amazon/openmpi/bin:/opt/amazon/efa/bin:/home/ubuntu/rayenv/bin:/opt/amazon/openmpi/bin:/opt/amazon/efa/bin:/usr/local/sbin:/usr/local/bin:/usr/sbin:/usr/bin:/sbin:/bin:/usr/games:/usr/local/games:/snap/bin:/opt/aws/bin:/opt/parallelcluster/pyenv/versions/3.12.11/envs/awsbatch_virtualenv/bin:/opt/slurm/bin:/opt/parallelcluster/pyenv/versions/3.12.11/envs/awsbatch_virtualenv/bin:/opt/slurm/bin
++ PATH=/home/ubuntu/rayenv/bin:/home/ubuntu/rayenv/bin:/opt/amazon/openmpi/bin:/opt/amazon/efa/bin:/home/ubuntu/rayenv/bin:/opt/amazon/openmpi/bin:/opt/amazon/efa/bin:/usr/local/sbin:/usr/local/bin:/usr/sbin:/usr/bin:/sbin:/bin:/usr/games:/usr/local/games:/snap/bin:/opt/aws/bin:/opt/parallelcluster/pyenv/versions/3.12.11/envs/awsbatch_virtualenv/bin:/opt/slurm/bin:/opt/parallelcluster/pyenv/versions/3.12.11/envs/awsbatch_virtualenv/bin:/opt/slurm/bin
++ export PATH
++ '[' -n '' ']'
++ '[' -z '' ']'
++ _OLD_VIRTUAL_PS1=
++ PS1='(rayenv) '
++ export PS1
++ VIRTUAL_ENV_PROMPT='(rayenv) '
++ export VIRTUAL_ENV_PROMPT
++ '[' -n /bin/bash -o -n '' ']'
++ hash -r
+ module load libfabric-aws/1.22.0amzn5.0
+ _module_raw load libfabric-aws/1.22.0amzn5.0
+ true
++ scontrol show hostnames 'gpu-compute-st-g4dn-nodes-[1-4]'
+ nodes='gpu-compute-st-g4dn-nodes-1
gpu-compute-st-g4dn-nodes-2
gpu-compute-st-g4dn-nodes-3
gpu-compute-st-g4dn-nodes-4'
++ echo 'gpu-compute-st-g4dn-nodes-1
gpu-compute-st-g4dn-nodes-2
gpu-compute-st-g4dn-nodes-3
gpu-compute-st-g4dn-nodes-4'
++ head -n1
+ head_node=gpu-compute-st-g4dn-nodes-1
++ srun -N1 -n1 -w gpu-compute-st-g4dn-nodes-1 hostname -I
++ awk '{print $1}'
+ head_ip=172.31.1.11
+ port=7122
+ echo '[INFO] Cluster nodes: gpu-compute-st-g4dn-nodes-1
gpu-compute-st-g4dn-nodes-2
gpu-compute-st-g4dn-nodes-3
gpu-compute-st-g4dn-nodes-4'
+ echo '[INFO] Head Node: gpu-compute-st-g4dn-nodes-1 (172.31.1.11)'
+ echo '[INFO] Using RAY_ADDRESS=172.31.1.11:7122'
+ trap cleanup EXIT
+ for node in $nodes
+ srun --overlap -N1 -n1 -w gpu-compute-st-g4dn-nodes-1 bash -c 'source ~/rayenv/bin/activate && ray stop'
+ for node in $nodes
+ srun --overlap -N1 -n1 -w gpu-compute-st-g4dn-nodes-2 bash -c 'source ~/rayenv/bin/activate && ray stop'
+ for node in $nodes
+ srun --overlap -N1 -n1 -w gpu-compute-st-g4dn-nodes-3 bash -c 'source ~/rayenv/bin/activate && ray stop'
+ for node in $nodes
+ srun --overlap -N1 -n1 -w gpu-compute-st-g4dn-nodes-4 bash -c 'source ~/rayenv/bin/activate && ray stop'
+ echo '[INFO] Waiting for Ray head GCS on 172.31.1.11:7122 ...'
+ srun --overlap -N1 -n1 -w gpu-compute-st-g4dn-nodes-1 bash -c 'source ~/rayenv/bin/activate && ray start --head --node-ip-address=172.31.1.11 --port=7122 --block'
++ seq 1 12
+ for attempt in $(seq 1 12)
+ python3 -c 'import socket; s=socket.socket(); s.settimeout(2); s.connect(('\''172.31.1.11'\'',7122)); s.close(); print('\''READY'\'')'
+ grep -q READY
+ '[' 1 -eq 12 ']'
+ echo '[INFO] GCS not ready yet (attempt 1/12), waiting 5s...'
+ sleep 5
+ for attempt in $(seq 1 12)
+ python3 -c 'import socket; s=socket.socket(); s.settimeout(2); s.connect(('\''172.31.1.11'\'',7122)); s.close(); print('\''READY'\'')'
+ grep -q READY
+ echo '[INFO] Ray head GCS ready after 10s'
+ break
++ echo 'gpu-compute-st-g4dn-nodes-1
gpu-compute-st-g4dn-nodes-2
gpu-compute-st-g4dn-nodes-3
gpu-compute-st-g4dn-nodes-4'
++ tail -n +2
+ for node in $(echo "$nodes" | tail -n +2)
+ for node in $(echo "$nodes" | tail -n +2)
+ for node in $(echo "$nodes" | tail -n +2)
+ echo '[INFO] Waiting 15s for Ray workers to join ...'
+ sleep 15
+ srun --overlap -N1 -n1 -w gpu-compute-st-g4dn-nodes-2 bash -c 'source ~/rayenv/bin/activate && ray start --address=172.31.1.11:7122 --block'
+ srun --overlap -N1 -n1 -w gpu-compute-st-g4dn-nodes-3 bash -c 'source ~/rayenv/bin/activate && ray start --address=172.31.1.11:7122 --block'
+ srun --overlap -N1 -n1 -w gpu-compute-st-g4dn-nodes-4 bash -c 'source ~/rayenv/bin/activate && ray start --address=172.31.1.11:7122 --block'
srun: Job step aborted: Waiting up to 32 seconds for job step to finish.
srun: Job step aborted: Waiting up to 32 seconds for job step to finish.
slurmstepd: error: *** STEP 25.8 ON gpu-compute-st-g4dn-nodes-3 CANCELLED AT 2026-05-04T11:38:24 ***
srun: Job step aborted: Waiting up to 32 seconds for job step to finish.
slurmstepd: error: *** STEP 25.7 ON gpu-compute-st-g4dn-nodes-4 CANCELLED AT 2026-05-04T11:38:24 ***
slurmstepd: error: *** JOB 25 ON gpu-compute-st-g4dn-nodes-1 CANCELLED AT 2026-05-04T11:38:24 ***
srun: Job step aborted: Waiting up to 32 seconds for job step to finish.
++ cleanup
++ echo '[INFO] Cleaning up Ray on all nodes...'
slurmstepd: error: *** STEP 25.5 ON gpu-compute-st-g4dn-nodes-1 CANCELLED AT 2026-05-04T11:38:24 ***
slurmstepd: error: *** STEP 25.6 ON gpu-compute-st-g4dn-nodes-2 CANCELLED AT 2026-05-04T11:38:24 ***
++ for node in $nodes
++ srun --overlap -N1 -n1 -w gpu-compute-st-g4dn-nodes-1 bash -c 'source ~/rayenv/bin/activate && ray stop'
srun: error: Slurm job 25 has expired
srun: Check SLURM_JOB_ID environment variable. Expired or invalid job 25
++ true
++ for node in $nodes
++ srun --overlap -N1 -n1 -w gpu-compute-st-g4dn-nodes-2 bash -c 'source ~/rayenv/bin/activate && ray stop'
srun: error: Slurm job 25 has expired
srun: Check SLURM_JOB_ID environment variable. Expired or invalid job 25
++ true
++ for node in $nodes
++ srun --overlap -N1 -n1 -w gpu-compute-st-g4dn-nodes-3 bash -c 'source ~/rayenv/bin/activate && ray stop'
srun: error: Slurm job 25 has expired
srun: Check SLURM_JOB_ID environment variable. Expired or invalid job 25
++ true
++ for node in $nodes
++ srun --overlap -N1 -n1 -w gpu-compute-st-g4dn-nodes-4 bash -c 'source ~/rayenv/bin/activate && ray stop'
srun: error: Slurm job 25 has expired
srun: Check SLURM_JOB_ID environment variable. Expired or invalid job 25
++ true
