+ source /home/ubuntu/rayenv/bin/activate
++ deactivate nondestructive
++ '[' -n '' ']'
++ '[' -n '' ']'
++ '[' -n /bin/bash -o -n '' ']'
++ hash -r
++ '[' -n '' ']'
++ unset VIRTUAL_ENV
++ unset VIRTUAL_ENV_PROMPT
++ '[' '!' nondestructive = nondestructive ']'
++ VIRTUAL_ENV=/home/ubuntu/rayenv
++ export VIRTUAL_ENV
++ _OLD_VIRTUAL_PATH=/home/ubuntu/rayenv/bin:/opt/slurm/bin:/usr/local/sbin:/usr/local/bin:/usr/sbin:/usr/bin:/sbin:/bin:/usr/games:/usr/local/games:/snap/bin
++ PATH=/home/ubuntu/rayenv/bin:/home/ubuntu/rayenv/bin:/opt/slurm/bin:/usr/local/sbin:/usr/local/bin:/usr/sbin:/usr/bin:/sbin:/bin:/usr/games:/usr/local/games:/snap/bin
++ export PATH
++ '[' -n '' ']'
++ '[' -z '' ']'
++ _OLD_VIRTUAL_PS1=
++ PS1='(rayenv) '
++ export PS1
++ VIRTUAL_ENV_PROMPT='(rayenv) '
++ export VIRTUAL_ENV_PROMPT
++ '[' -n /bin/bash -o -n '' ']'
++ hash -r
+ module load libfabric-aws/1.22.0amzn5.0
/var/spool/slurmd/job00074/slurm_script: line 16: module: command not found
+ true
++ scontrol show hostnames gpu-compute-st-g4dn-nodes-4
+ nodes=gpu-compute-st-g4dn-nodes-4
++ echo gpu-compute-st-g4dn-nodes-4
++ head -n1
+ head_node=gpu-compute-st-g4dn-nodes-4
++ srun -N1 -n1 -w gpu-compute-st-g4dn-nodes-4 hostname -I
++ awk '{print $1}'
+ head_ip=172.31.12.143
+ port=7170
+ echo '[INFO] Cluster nodes: gpu-compute-st-g4dn-nodes-4'
+ echo '[INFO] Head Node: gpu-compute-st-g4dn-nodes-4 (172.31.12.143)'
+ echo '[INFO] Using RAY_ADDRESS=172.31.12.143:7170'
+ trap cleanup EXIT
+ for node in $nodes
+ srun --overlap -N1 -n1 -w gpu-compute-st-g4dn-nodes-4 bash -c 'source ~/rayenv/bin/activate && ray stop'
+ echo '[INFO] Waiting for Ray head GCS on 172.31.12.143:7170 ...'
+ srun --overlap -N1 -n1 -w gpu-compute-st-g4dn-nodes-4 bash -c 'source ~/rayenv/bin/activate && ray start --head --node-ip-address=172.31.12.143 --port=7170 --block'
++ seq 1 12
+ for attempt in $(seq 1 12)
+ python3 -c 'import socket; s=socket.socket(); s.settimeout(2); s.connect(('\''172.31.12.143'\'',7170)); s.close(); print('\''READY'\'')'
+ grep -q READY
+ '[' 1 -eq 12 ']'
+ echo '[INFO] GCS not ready yet (attempt 1/12), waiting 5s...'
+ sleep 5
+ for attempt in $(seq 1 12)
+ python3 -c 'import socket; s=socket.socket(); s.settimeout(2); s.connect(('\''172.31.12.143'\'',7170)); s.close(); print('\''READY'\'')'
+ grep -q READY
+ echo '[INFO] Ray head GCS ready after 10s'
+ break
++ tail -n +2
++ echo gpu-compute-st-g4dn-nodes-4
+ echo '[INFO] Waiting 15s for Ray workers to join ...'
+ sleep 15
+ echo '[INFO] Running HPO pipeline on head ....'
+ srun --overlap -N1 -n1 -w gpu-compute-st-g4dn-nodes-4 bash -lc '
export RAY_ADDRESS='\''172.31.12.143:7170'\''
echo '\''{"learning_rate": 0.005750055164644759, "momentum": 0.8944693748836783, "next_trials": 3, "epochs": 22}'\''       | python3 /fsx/Vortex-mid/Vortex-moldable-sched/fsx/hyperparameter_test/hpo_pipeline_verbose.py --hosts 1 '
2026-05-05 11:38:19,485	INFO worker.py:1672 -- Using address 172.31.12.143:7170 set in the environment variable RAY_ADDRESS
2026-05-05 11:38:19,491	INFO worker.py:1814 -- Connecting to existing Ray cluster at address: 172.31.12.143:7170...
2026-05-05 11:38:19,516	INFO worker.py:2003 -- Connected to Ray cluster. View the dashboard at [1m[32m127.0.0.1:8265 [39m[22m
/home/ubuntu/rayenv/lib/python3.10/site-packages/ray/_private/worker.py:2051: FutureWarning: Tip: In future versions of Ray, Ray will no longer override accelerator visible devices env var if num_gpus=0 or num_gpus=None (default). To enable this behavior and turn off this error message, set RAY_ACCEL_ENV_VAR_OVERRIDE_ON_ZERO=0
  warnings.warn(
2026-05-05 11:38:20,309	INFO registry.py:112 -- Detected unknown callable for trainable. Converting to class.
[36m(TrainController pid=25977)[0m Requesting resources: {'GPU': 1} * 1
[36m(TrainController pid=25977)[0m Attempting to start training worker group of size 1 with the following resources: [{'GPU': 1}] * 1
[36m(RayTrainWorker pid=26078)[0m Setting up process group for: env:// [rank=0, world_size=1]
[36m(TrainController pid=25977)[0m Started training worker group of size 1: 
[36m(TrainController pid=25977)[0m - (ip=172.31.12.143, pid=26078) world_rank=0, local_rank=0, node_rank=0
[36m(RayTrainWorker pid=26078)[0m 
[36m(RayTrainWorker pid=26078)[0m ================ WORKER DEVICE DEBUG ================
[36m(RayTrainWorker pid=26078)[0m CUDA_VISIBLE_DEVICES = 0
[36m(RayTrainWorker pid=26078)[0m torch.cuda.is_available() = True
[36m(RayTrainWorker pid=26078)[0m torch.cuda.device_count() = 1
[36m(RayTrainWorker pid=26078)[0m current device index = 0
[36m(RayTrainWorker pid=26078)[0m device name = Tesla T4
[36m(RayTrainWorker pid=26078)[0m =====================================================
[36m(RayTrainWorker pid=26078)[0m 
[36m(RayTrainWorker pid=26078)[0m 🔍 TRAINING WITH MODEL: resnext50_32x4d
[36m(RayTrainWorker pid=26078)[0m 🔍 FULL CONFIG: epochs=12, lr=0.015259439215905609, batch_size=64, image_size=64
[36m(RayTrainWorker pid=26078)[0m Moving model to device: cuda:0
[36m(RayTrainWorker pid=26078)[0m Reporting training result 1: TrainingReport(checkpoint=None, metrics={'epoch': 1, 'accuracy': 0.4792, 'best_accuracy': 0.4792, 'avg_epoch_time_s': 24.35438714100019}, validation=False)
[36m(RayTrainWorker pid=26078)[0m Reporting training result 2: TrainingReport(checkpoint=None, metrics={'epoch': 2, 'accuracy': 0.4919, 'best_accuracy': 0.4919, 'avg_epoch_time_s': 23.914770139999746}, validation=False)
[36m(RayTrainWorker pid=26078)[0m Reporting training result 3: TrainingReport(checkpoint=None, metrics={'epoch': 3, 'accuracy': 0.5011, 'best_accuracy': 0.5011, 'avg_epoch_time_s': 23.82439288700031}, validation=False)
[36m(RayTrainWorker pid=26078)[0m Reporting training result 4: TrainingReport(checkpoint=None, metrics={'epoch': 4, 'accuracy': 0.4994, 'best_accuracy': 0.5011, 'avg_epoch_time_s': 23.820063909749933}, validation=False)
[36m(RayTrainWorker pid=26078)[0m Reporting training result 5: TrainingReport(checkpoint=None, metrics={'epoch': 5, 'accuracy': 0.4794, 'best_accuracy': 0.5011, 'avg_epoch_time_s': 23.804474910000135}, validation=False)
[36m(RayTrainWorker pid=26078)[0m Reporting training result 6: TrainingReport(checkpoint=None, metrics={'epoch': 6, 'accuracy': 0.511, 'best_accuracy': 0.511, 'avg_epoch_time_s': 23.78033826333346}, validation=False)
[36m(RayTrainWorker pid=26078)[0m Reporting training result 7: TrainingReport(checkpoint=None, metrics={'epoch': 7, 'accuracy': 0.4964, 'best_accuracy': 0.511, 'avg_epoch_time_s': 23.771473253000035}, validation=False)
[36m(RayTrainWorker pid=26078)[0m Reporting training result 8: TrainingReport(checkpoint=None, metrics={'epoch': 8, 'accuracy': 0.5245, 'best_accuracy': 0.5245, 'avg_epoch_time_s': 23.75367668224999}, validation=False)
[36m(RayTrainWorker pid=26078)[0m Reporting training result 9: TrainingReport(checkpoint=None, metrics={'epoch': 9, 'accuracy': 0.4907, 'best_accuracy': 0.5245, 'avg_epoch_time_s': 23.723276286222244}, validation=False)
[36m(RayTrainWorker pid=26078)[0m Reporting training result 10: TrainingReport(checkpoint=None, metrics={'epoch': 10, 'accuracy': 0.525, 'best_accuracy': 0.525, 'avg_epoch_time_s': 23.62045079159998}, validation=False)
[36m(RayTrainWorker pid=26078)[0m Reporting training result 11: TrainingReport(checkpoint=None, metrics={'epoch': 11, 'accuracy': 0.5034, 'best_accuracy': 0.525, 'avg_epoch_time_s': 23.531844036727225}, validation=False)
[36m(RayTrainWorker pid=26078)[0m Reporting training result 12: TrainingReport(checkpoint=None, metrics={'epoch': 12, 'accuracy': 0.5145, 'best_accuracy': 0.525, 'avg_epoch_time_s': 23.42671205183342}, validation=False)
[36m(TrainController pid=27309)[0m Requesting resources: {'GPU': 1} * 1
[36m(TrainController pid=27309)[0m Attempting to start training worker group of size 1 with the following resources: [{'GPU': 1}] * 1
[36m(RayTrainWorker pid=27351)[0m Setting up process group for: env:// [rank=0, world_size=1]
[36m(TrainController pid=27309)[0m Started training worker group of size 1: 
[36m(TrainController pid=27309)[0m - (ip=172.31.12.143, pid=27351) world_rank=0, local_rank=0, node_rank=0
[36m(RayTrainWorker pid=27351)[0m 
[36m(RayTrainWorker pid=27351)[0m ================ WORKER DEVICE DEBUG ================
[36m(RayTrainWorker pid=27351)[0m CUDA_VISIBLE_DEVICES = 0
[36m(RayTrainWorker pid=27351)[0m torch.cuda.is_available() = True
[36m(RayTrainWorker pid=27351)[0m torch.cuda.device_count() = 1
[36m(RayTrainWorker pid=27351)[0m current device index = 0
[36m(RayTrainWorker pid=27351)[0m device name = Tesla T4
[36m(RayTrainWorker pid=27351)[0m =====================================================
[36m(RayTrainWorker pid=27351)[0m 
[36m(RayTrainWorker pid=27351)[0m 🔍 TRAINING WITH MODEL: resnext50_32x4d
[36m(RayTrainWorker pid=27351)[0m 🔍 FULL CONFIG: epochs=12, lr=0.010747855043682286, batch_size=64, image_size=64
[36m(RayTrainWorker pid=27351)[0m Moving model to device: cuda:0
[36m(RayTrainWorker pid=27351)[0m Reporting training result 1: TrainingReport(checkpoint=None, metrics={'epoch': 1, 'accuracy': 0.5358, 'best_accuracy': 0.5358, 'avg_epoch_time_s': 23.05028345300161}, validation=False)
[36m(RayTrainWorker pid=27351)[0m Reporting training result 2: TrainingReport(checkpoint=None, metrics={'epoch': 2, 'accuracy': 0.533, 'best_accuracy': 0.5358, 'avg_epoch_time_s': 22.72625428850006}, validation=False)
[36m(RayTrainWorker pid=27351)[0m Reporting training result 3: TrainingReport(checkpoint=None, metrics={'epoch': 3, 'accuracy': 0.5396, 'best_accuracy': 0.5396, 'avg_epoch_time_s': 22.68169409166694}, validation=False)
[36m(RayTrainWorker pid=27351)[0m Reporting training result 4: TrainingReport(checkpoint=None, metrics={'epoch': 4, 'accuracy': 0.5348, 'best_accuracy': 0.5396, 'avg_epoch_time_s': 22.631641410000157}, validation=False)
[36m(RayTrainWorker pid=27351)[0m Reporting training result 5: TrainingReport(checkpoint=None, metrics={'epoch': 5, 'accuracy': 0.5272, 'best_accuracy': 0.5396, 'avg_epoch_time_s': 22.69660630819999}, validation=False)
[36m(RayTrainWorker pid=27351)[0m Reporting training result 6: TrainingReport(checkpoint=None, metrics={'epoch': 6, 'accuracy': 0.5114, 'best_accuracy': 0.5396, 'avg_epoch_time_s': 22.75357143550021}, validation=False)
[36m(RayTrainWorker pid=27351)[0m Reporting training result 7: TrainingReport(checkpoint=None, metrics={'epoch': 7, 'accuracy': 0.5416, 'best_accuracy': 0.5416, 'avg_epoch_time_s': 22.75416667971435}, validation=False)
[36m(RayTrainWorker pid=27351)[0m Reporting training result 8: TrainingReport(checkpoint=None, metrics={'epoch': 8, 'accuracy': 0.5463, 'best_accuracy': 0.5463, 'avg_epoch_time_s': 22.74625321350004}, validation=False)
[36m(RayTrainWorker pid=27351)[0m Reporting training result 9: TrainingReport(checkpoint=None, metrics={'epoch': 9, 'accuracy': 0.5527, 'best_accuracy': 0.5527, 'avg_epoch_time_s': 22.751973027777947}, validation=False)
[36m(RayTrainWorker pid=27351)[0m Reporting training result 10: TrainingReport(checkpoint=None, metrics={'epoch': 10, 'accuracy': 0.5287, 'best_accuracy': 0.5527, 'avg_epoch_time_s': 22.73319083940005}, validation=False)
[36m(RayTrainWorker pid=27351)[0m Reporting training result 11: TrainingReport(checkpoint=None, metrics={'epoch': 11, 'accuracy': 0.5352, 'best_accuracy': 0.5527, 'avg_epoch_time_s': 22.711031829636507}, validation=False)
[36m(RayTrainWorker pid=27351)[0m Reporting training result 12: TrainingReport(checkpoint=None, metrics={'epoch': 12, 'accuracy': 0.5441, 'best_accuracy': 0.5527, 'avg_epoch_time_s': 22.685255471833443}, validation=False)
[36m(TrainController pid=28542)[0m Requesting resources: {'GPU': 1} * 1
[36m(TrainController pid=28542)[0m Attempting to start training worker group of size 1 with the following resources: [{'GPU': 1}] * 1
[36m(RayTrainWorker pid=28587)[0m Setting up process group for: env:// [rank=0, world_size=1]
[36m(TrainController pid=28542)[0m Started training worker group of size 1: 
[36m(TrainController pid=28542)[0m - (ip=172.31.12.143, pid=28587) world_rank=0, local_rank=0, node_rank=0
[36m(RayTrainWorker pid=28587)[0m 
[36m(RayTrainWorker pid=28587)[0m ================ WORKER DEVICE DEBUG ================
[36m(RayTrainWorker pid=28587)[0m CUDA_VISIBLE_DEVICES = 0
[36m(RayTrainWorker pid=28587)[0m torch.cuda.is_available() = True
[36m(RayTrainWorker pid=28587)[0m torch.cuda.device_count() = 1
[36m(RayTrainWorker pid=28587)[0m current device index = 0
[36m(RayTrainWorker pid=28587)[0m device name = Tesla T4
[36m(RayTrainWorker pid=28587)[0m =====================================================
[36m(RayTrainWorker pid=28587)[0m 
[36m(RayTrainWorker pid=28587)[0m 🔍 TRAINING WITH MODEL: resnext50_32x4d
[36m(RayTrainWorker pid=28587)[0m 🔍 FULL CONFIG: epochs=12, lr=0.002262779658054947, batch_size=64, image_size=64
[36m(RayTrainWorker pid=28587)[0m Moving model to device: cuda:0
[36m(RayTrainWorker pid=28587)[0m Reporting training result 1: TrainingReport(checkpoint=None, metrics={'epoch': 1, 'accuracy': 0.5595, 'best_accuracy': 0.5595, 'avg_epoch_time_s': 22.718459444999098}, validation=False)
[36m(RayTrainWorker pid=28587)[0m Reporting training result 2: TrainingReport(checkpoint=None, metrics={'epoch': 2, 'accuracy': 0.574, 'best_accuracy': 0.574, 'avg_epoch_time_s': 22.43634556750021}, validation=False)
[36m(RayTrainWorker pid=28587)[0m Reporting training result 3: TrainingReport(checkpoint=None, metrics={'epoch': 3, 'accuracy': 0.5843, 'best_accuracy': 0.5843, 'avg_epoch_time_s': 22.22024978033308}, validation=False)
[36m(RayTrainWorker pid=28587)[0m Reporting training result 4: TrainingReport(checkpoint=None, metrics={'epoch': 4, 'accuracy': 0.5775, 'best_accuracy': 0.5843, 'avg_epoch_time_s': 22.193919090750114}, validation=False)
[36m(RayTrainWorker pid=28587)[0m Reporting training result 5: TrainingReport(checkpoint=None, metrics={'epoch': 5, 'accuracy': 0.5895, 'best_accuracy': 0.5895, 'avg_epoch_time_s': 22.18829713619998}, validation=False)
[36m(RayTrainWorker pid=28587)[0m Reporting training result 6: TrainingReport(checkpoint=None, metrics={'epoch': 6, 'accuracy': 0.5915, 'best_accuracy': 0.5915, 'avg_epoch_time_s': 22.18738952566673}, validation=False)
[36m(RayTrainWorker pid=28587)[0m Reporting training result 7: TrainingReport(checkpoint=None, metrics={'epoch': 7, 'accuracy': 0.5914, 'best_accuracy': 0.5915, 'avg_epoch_time_s': 22.204113736142972}, validation=False)
[36m(RayTrainWorker pid=28587)[0m Reporting training result 8: TrainingReport(checkpoint=None, metrics={'epoch': 8, 'accuracy': 0.6129, 'best_accuracy': 0.6129, 'avg_epoch_time_s': 22.206193465249953}, validation=False)
[36m(RayTrainWorker pid=28587)[0m Reporting training result 9: TrainingReport(checkpoint=None, metrics={'epoch': 9, 'accuracy': 0.592, 'best_accuracy': 0.6129, 'avg_epoch_time_s': 22.2252502372222}, validation=False)
[36m(RayTrainWorker pid=28587)[0m Reporting training result 10: TrainingReport(checkpoint=None, metrics={'epoch': 10, 'accuracy': 0.5812, 'best_accuracy': 0.6129, 'avg_epoch_time_s': 22.20955255379995}, validation=False)
[36m(RayTrainWorker pid=28587)[0m Reporting training result 11: TrainingReport(checkpoint=None, metrics={'epoch': 11, 'accuracy': 0.6085, 'best_accuracy': 0.6129, 'avg_epoch_time_s': 22.227110423727275}, validation=False)
[36m(RayTrainWorker pid=28587)[0m Reporting training result 12: TrainingReport(checkpoint=None, metrics={'epoch': 12, 'accuracy': 0.6016, 'best_accuracy': 0.6129, 'avg_epoch_time_s': 22.244983042499978}, validation=False)
2026-05-05 11:53:05,236	INFO tune.py:1001 -- Wrote the latest version of all result files and experiment state to '/fsx/ray_results/pytorch_hpo_phase1' in 0.0418s.
+ echo '[INFO] Shutting down Ray Cluster ..........'
+ srun --label bash -c 'ray stop'
+ echo '[INFO] HPO Completed!'
+ cleanup
+ echo '[INFO] Cleaning up Ray on all nodes...'
+ for node in $nodes
+ srun --overlap -N1 -n1 -w gpu-compute-st-g4dn-nodes-4 bash -c 'source ~/rayenv/bin/activate && ray stop'
