sweep: 462 cells (11 variants × 7 Ns × 6 seeds)
existing JSON has 0 cells; resume=False
[1/462] fcfs_static_r__N100__seed7: running... ok in 20.7s  (misses=0.0, cost=€1820.15)
[2/462] fcfs_static_r__N100__seed107: running... ok in 19.5s  (misses=0.0, cost=€1813.5)
[3/462] fcfs_static_r__N100__seed207: running... ok in 19.5s  (misses=0.0, cost=€1813.5)
[4/462] fcfs_static_r__N100__seed1007: running... ok in 20.8s  (misses=0.0, cost=€1820.15)
[5/462] fcfs_static_r__N100__seed1107: running... ok in 19.8s  (misses=0.0, cost=€1833.91)
[6/462] fcfs_static_r__N100__seed1207: running... ok in 19.7s  (misses=0.0, cost=€1813.5)
[7/462] fcfs_static_r__N200__seed7: running... ok in 38.5s  (misses=0.105, cost=€6195.07)
[8/462] fcfs_static_r__N200__seed107: running... ok in 38.2s  (misses=0.1, cost=€7622.58)
[9/462] fcfs_static_r__N200__seed207: running... ok in 38.4s  (misses=0.09, cost=€7474.38)
[10/462] fcfs_static_r__N200__seed1007: running... ok in 38.6s  (misses=0.09, cost=€6160.33)
[11/462] fcfs_static_r__N200__seed1107: running... ok in 38.4s  (misses=0.09, cost=€5287.75)
[12/462] fcfs_static_r__N200__seed1207: running... ok in 39.1s  (misses=0.09, cost=€7272.84)
[13/462] fcfs_static_r__N300__seed7: running... ok in 55.3s  (misses=0.17, cost=€10934.81)
[14/462] fcfs_static_r__N300__seed107: running... ok in 54.6s  (misses=0.1833, cost=€11958.48)
[15/462] fcfs_static_r__N300__seed207: running... ok in 54.7s  (misses=0.2, cost=€11280.65)
[16/462] fcfs_static_r__N300__seed1007: running... ok in 54.4s  (misses=0.1833, cost=€9225.47)
[17/462] fcfs_static_r__N300__seed1107: running... ok in 55.8s  (misses=0.1833, cost=€11040.75)
[18/462] fcfs_static_r__N300__seed1207: running... ok in 56.1s  (misses=0.17, cost=€11922.96)
[19/462] fcfs_static_r__N400__seed7: running... ok in 65.5s  (misses=0.3, cost=€12374.17)
[20/462] fcfs_static_r__N400__seed107: running... ok in 66.6s  (misses=0.2675, cost=€12526.4)
[21/462] fcfs_static_r__N400__seed207: running... ok in 66.8s  (misses=0.275, cost=€13958.78)
[22/462] fcfs_static_r__N400__seed1007: running... ok in 67.2s  (misses=0.285, cost=€13296.37)
[23/462] fcfs_static_r__N400__seed1107: running... ok in 67.8s  (misses=0.2725, cost=€14254.81)
[24/462] fcfs_static_r__N400__seed1207: running... ok in 64.6s  (misses=0.2725, cost=€11421.55)
[25/462] fcfs_static_r__N500__seed7: running... FAILED (exit=1, parse_ok=False)
[26/462] fcfs_static_r__N500__seed107: running... FAILED (exit=1, parse_ok=False)
[27/462] fcfs_static_r__N500__seed207: running... FAILED (exit=1, parse_ok=False)
[28/462] fcfs_static_r__N500__seed1007: running... FAILED (exit=1, parse_ok=False)
[29/462] fcfs_static_r__N500__seed1107: running... FAILED (exit=1, parse_ok=False)
[30/462] fcfs_static_r__N500__seed1207: running... FAILED (exit=1, parse_ok=False)
[31/462] fcfs_static_r__N600__seed7: running... FAILED (exit=1, parse_ok=False)
[32/462] fcfs_static_r__N600__seed107: running... FAILED (exit=1, parse_ok=False)
[33/462] fcfs_static_r__N600__seed207: running... FAILED (exit=1, parse_ok=False)
[34/462] fcfs_static_r__N600__seed1007: running... FAILED (exit=1, parse_ok=False)
[35/462] fcfs_static_r__N600__seed1107: running... FAILED (exit=1, parse_ok=False)
[36/462] fcfs_static_r__N600__seed1207: running... FAILED (exit=1, parse_ok=False)
[37/462] fcfs_static_r__N700__seed7: running... FAILED (exit=1, parse_ok=False)
[38/462] fcfs_static_r__N700__seed107: running... FAILED (exit=1, parse_ok=False)
[39/462] fcfs_static_r__N700__seed207: running... FAILED (exit=1, parse_ok=False)
[40/462] fcfs_static_r__N700__seed1007: running... FAILED (exit=1, parse_ok=False)
[41/462] fcfs_static_r__N700__seed1107: running... FAILED (exit=1, parse_ok=False)
[42/462] fcfs_static_r__N700__seed1207: running... FAILED (exit=1, parse_ok=False)
[43/462] fcfs_static_c__N100__seed7: running... ok in 19.4s  (misses=0.0, cost=€1500.98)
[44/462] fcfs_static_c__N100__seed107: running... ok in 19.4s  (misses=0.0, cost=€1500.98)
[45/462] fcfs_static_c__N100__seed207: running... ok in 19.5s  (misses=0.0, cost=€1500.98)
[46/462] fcfs_static_c__N100__seed1007: running... ok in 19.3s  (misses=0.0, cost=€1500.98)
[47/462] fcfs_static_c__N100__seed1107: running... ok in 19.6s  (misses=0.0, cost=€1500.98)
[48/462] fcfs_static_c__N100__seed1207: running... ok in 19.6s  (misses=0.0, cost=€1500.98)
[49/462] fcfs_static_c__N200__seed7: running... ok in 37.8s  (misses=0.085, cost=€6274.26)
[50/462] fcfs_static_c__N200__seed107: running... ok in 37.7s  (misses=0.08, cost=€7113.9)
[51/462] fcfs_static_c__N200__seed207: running... ok in 37.8s  (misses=0.075, cost=€7331.64)
[52/462] fcfs_static_c__N200__seed1007: running... ok in 37.7s  (misses=0.09, cost=€7223.71)
[53/462] fcfs_static_c__N200__seed1107: running... ok in 38.4s  (misses=0.08, cost=€8591.13)
[54/462] fcfs_static_c__N200__seed1207: running... ok in 37.7s  (misses=0.085, cost=€9351.66)
[55/462] fcfs_static_c__N300__seed7: running... ok in 52.9s  (misses=0.17, cost=€8004.98)
[56/462] fcfs_static_c__N300__seed107: running... ok in 53.5s  (misses=0.1633, cost=€9299.78)
[57/462] fcfs_static_c__N300__seed207: running... ok in 53.3s  (misses=0.17, cost=€8757.99)
[58/462] fcfs_static_c__N300__seed1007: running... ok in 53.3s  (misses=0.1733, cost=€8553.16)
[59/462] fcfs_static_c__N300__seed1107: running... ok in 54.6s  (misses=0.1667, cost=€10632.38)
[60/462] fcfs_static_c__N300__seed1207: running... ok in 53.9s  (misses=0.1567, cost=€9759.26)
[61/462] fcfs_static_c__N400__seed7: running... ok in 64.0s  (misses=0.2725, cost=€11318.69)
[62/462] fcfs_static_c__N400__seed107: running... ok in 64.5s  (misses=0.27, cost=€13003.76)
[63/462] fcfs_static_c__N400__seed207: running... ok in 63.9s  (misses=0.285, cost=€11516.2)
[64/462] fcfs_static_c__N400__seed1007: running... ok in 64.2s  (misses=0.2875, cost=€12229.12)
[65/462] fcfs_static_c__N400__seed1107: running... ok in 63.9s  (misses=0.2725, cost=€11395.9)
[66/462] fcfs_static_c__N400__seed1207: running... ok in 63.3s  (misses=0.28, cost=€10584.43)
[67/462] fcfs_static_c__N500__seed7: running... FAILED (exit=1, parse_ok=False)
[68/462] fcfs_static_c__N500__seed107: running... FAILED (exit=1, parse_ok=False)
[69/462] fcfs_static_c__N500__seed207: running... FAILED (exit=1, parse_ok=False)
[70/462] fcfs_static_c__N500__seed1007: running... FAILED (exit=1, parse_ok=False)
[71/462] fcfs_static_c__N500__seed1107: running... FAILED (exit=1, parse_ok=False)
[72/462] fcfs_static_c__N500__seed1207: running... FAILED (exit=1, parse_ok=False)
[73/462] fcfs_static_c__N600__seed7: running... FAILED (exit=1, parse_ok=False)
[74/462] fcfs_static_c__N600__seed107: running... FAILED (exit=1, parse_ok=False)
[75/462] fcfs_static_c__N600__seed207: running... FAILED (exit=1, parse_ok=False)
[76/462] fcfs_static_c__N600__seed1007: running... FAILED (exit=1, parse_ok=False)
[77/462] fcfs_static_c__N600__seed1107: running... FAILED (exit=1, parse_ok=False)
[78/462] fcfs_static_c__N600__seed1207: running... FAILED (exit=1, parse_ok=False)
[79/462] fcfs_static_c__N700__seed7: running... FAILED (exit=1, parse_ok=False)
[80/462] fcfs_static_c__N700__seed107: running... FAILED (exit=1, parse_ok=False)
[81/462] fcfs_static_c__N700__seed207: running... FAILED (exit=1, parse_ok=False)
[82/462] fcfs_static_c__N700__seed1007: running... FAILED (exit=1, parse_ok=False)
[83/462] fcfs_static_c__N700__seed1107: running... FAILED (exit=1, parse_ok=False)
[84/462] fcfs_static_c__N700__seed1207: running... FAILED (exit=1, parse_ok=False)
[85/462] fcfs_moldable_r__N100__seed7: running... ok in 19.8s  (misses=0.0, cost=€1728.11)
[86/462] fcfs_moldable_r__N100__seed107: running... ok in 19.8s  (misses=0.0, cost=€1723.68)
[87/462] fcfs_moldable_r__N100__seed207: running... ok in 19.8s  (misses=0.0, cost=€1703.94)
[88/462] fcfs_moldable_r__N100__seed1007: running... ok in 19.7s  (misses=0.0, cost=€1723.68)
[89/462] fcfs_moldable_r__N100__seed1107: running... ok in 19.5s  (misses=0.0, cost=€1726.28)
[90/462] fcfs_moldable_r__N100__seed1207: running... ok in 19.4s  (misses=0.01, cost=€1687.45)
[91/462] fcfs_moldable_r__N200__seed7: running... ok in 37.6s  (misses=0.1, cost=€4077.15)
[92/462] fcfs_moldable_r__N200__seed107: running... ok in 37.3s  (misses=0.14, cost=€4782.32)
[93/462] fcfs_moldable_r__N200__seed207: running... ok in 36.8s  (misses=0.105, cost=€3655.45)
[94/462] fcfs_moldable_r__N200__seed1007: running... ok in 37.5s  (misses=0.12, cost=€4696.41)
[95/462] fcfs_moldable_r__N200__seed1107: running... ok in 37.5s  (misses=0.105, cost=€4616.75)
[96/462] fcfs_moldable_r__N200__seed1207: running... ok in 37.2s  (misses=0.105, cost=€2904.14)
[97/462] fcfs_moldable_r__N300__seed7: running... ok in 54.0s  (misses=0.19, cost=€5174.08)
[98/462] fcfs_moldable_r__N300__seed107: running... ok in 53.4s  (misses=0.19, cost=€6397.97)
[99/462] fcfs_moldable_r__N300__seed207: running... ok in 53.5s  (misses=0.2033, cost=€5179.34)
[100/462] fcfs_moldable_r__N300__seed1007: running... ok in 55.4s  (misses=0.18, cost=€5969.66)
[101/462] fcfs_moldable_r__N300__seed1107: running... ok in 53.6s  (misses=0.1567, cost=€5566.7)
[102/462] fcfs_moldable_r__N300__seed1207: running... ok in 52.4s  (misses=0.1933, cost=€5062.51)
[103/462] fcfs_moldable_r__N400__seed7: running... ok in 67.1s  (misses=0.255, cost=€7779.77)
[104/462] fcfs_moldable_r__N400__seed107: running... ok in 66.3s  (misses=0.25, cost=€8034.52)
[105/462] fcfs_moldable_r__N400__seed207: running... ok in 66.7s  (misses=0.275, cost=€7116.74)
[106/462] fcfs_moldable_r__N400__seed1007: running... ok in 67.1s  (misses=0.265, cost=€6966.32)
[107/462] fcfs_moldable_r__N400__seed1107: running... ok in 67.4s  (misses=0.2775, cost=€6674.72)
[108/462] fcfs_moldable_r__N400__seed1207: running... ok in 66.1s  (misses=0.2725, cost=€8279.19)
[109/462] fcfs_moldable_r__N500__seed7: running... FAILED (exit=1, parse_ok=False)
[110/462] fcfs_moldable_r__N500__seed107: running... FAILED (exit=1, parse_ok=False)
[111/462] fcfs_moldable_r__N500__seed207: running... FAILED (exit=1, parse_ok=False)
[112/462] fcfs_moldable_r__N500__seed1007: running... FAILED (exit=1, parse_ok=False)
[113/462] fcfs_moldable_r__N500__seed1107: running... FAILED (exit=1, parse_ok=False)
[114/462] fcfs_moldable_r__N500__seed1207: running... FAILED (exit=1, parse_ok=False)
[115/462] fcfs_moldable_r__N600__seed7: running... FAILED (exit=1, parse_ok=False)
[116/462] fcfs_moldable_r__N600__seed107: running... FAILED (exit=1, parse_ok=False)
[117/462] fcfs_moldable_r__N600__seed207: running... FAILED (exit=1, parse_ok=False)
[118/462] fcfs_moldable_r__N600__seed1007: running... FAILED (exit=1, parse_ok=False)
[119/462] fcfs_moldable_r__N600__seed1107: running... FAILED (exit=1, parse_ok=False)
[120/462] fcfs_moldable_r__N600__seed1207: running... FAILED (exit=1, parse_ok=False)
[121/462] fcfs_moldable_r__N700__seed7: running... FAILED (exit=1, parse_ok=False)
[122/462] fcfs_moldable_r__N700__seed107: running... FAILED (exit=1, parse_ok=False)
[123/462] fcfs_moldable_r__N700__seed207: running... FAILED (exit=1, parse_ok=False)
[124/462] fcfs_moldable_r__N700__seed1007: running... FAILED (exit=1, parse_ok=False)
[125/462] fcfs_moldable_r__N700__seed1107: running... FAILED (exit=1, parse_ok=False)
[126/462] fcfs_moldable_r__N700__seed1207: running... FAILED (exit=1, parse_ok=False)
[127/462] fcfs_moldable_c__N100__seed7: running... ok in 19.6s  (misses=0.0, cost=€1376.15)
[128/462] fcfs_moldable_c__N100__seed107: running... ok in 19.6s  (misses=0.0, cost=€1376.15)
[129/462] fcfs_moldable_c__N100__seed207: running... ok in 19.6s  (misses=0.0, cost=€1376.15)
[130/462] fcfs_moldable_c__N100__seed1007: running... ok in 20.2s  (misses=0.0, cost=€1376.15)
[131/462] fcfs_moldable_c__N100__seed1107: running... ok in 19.8s  (misses=0.0, cost=€1376.15)
[132/462] fcfs_moldable_c__N100__seed1207: running... ok in 19.7s  (misses=0.0, cost=€1376.15)
[133/462] fcfs_moldable_c__N200__seed7: running... ok in 37.4s  (misses=0.095, cost=€3704.15)
[134/462] fcfs_moldable_c__N200__seed107: running... ok in 36.8s  (misses=0.115, cost=€3327.75)
[135/462] fcfs_moldable_c__N200__seed207: running... ok in 37.4s  (misses=0.09, cost=€3245.43)
[136/462] fcfs_moldable_c__N200__seed1007: running... ok in 37.5s  (misses=0.09, cost=€3907.33)
[137/462] fcfs_moldable_c__N200__seed1107: running... ok in 37.1s  (misses=0.105, cost=€3385.99)
[138/462] fcfs_moldable_c__N200__seed1207: running... ok in 37.5s  (misses=0.1, cost=€3056.0)
[139/462] fcfs_moldable_c__N300__seed7: running... ok in 53.1s  (misses=0.2033, cost=€5021.55)
[140/462] fcfs_moldable_c__N300__seed107: running... ok in 54.4s  (misses=0.1967, cost=€5569.05)
[141/462] fcfs_moldable_c__N300__seed207: running... ok in 54.1s  (misses=0.1967, cost=€4796.07)
[142/462] fcfs_moldable_c__N300__seed1007: running... ok in 53.4s  (misses=0.18, cost=€5846.03)
[143/462] fcfs_moldable_c__N300__seed1107: running... ok in 53.4s  (misses=0.1833, cost=€5098.54)
[144/462] fcfs_moldable_c__N300__seed1207: running... ok in 52.9s  (misses=0.1833, cost=€5395.52)
[145/462] fcfs_moldable_c__N400__seed7: running... ok in 66.2s  (misses=0.2775, cost=€7267.43)
[146/462] fcfs_moldable_c__N400__seed107: running... ok in 66.6s  (misses=0.265, cost=€7210.36)
[147/462] fcfs_moldable_c__N400__seed207: running... ok in 66.6s  (misses=0.2725, cost=€6389.58)
[148/462] fcfs_moldable_c__N400__seed1007: running... ok in 66.6s  (misses=0.2475, cost=€6292.09)
[149/462] fcfs_moldable_c__N400__seed1107: running... ok in 66.2s  (misses=0.2625, cost=€8301.83)
[150/462] fcfs_moldable_c__N400__seed1207: running... ok in 66.9s  (misses=0.265, cost=€6505.69)
[151/462] fcfs_moldable_c__N500__seed7: running... FAILED (exit=1, parse_ok=False)
[152/462] fcfs_moldable_c__N500__seed107: running... FAILED (exit=1, parse_ok=False)
[153/462] fcfs_moldable_c__N500__seed207: running... FAILED (exit=1, parse_ok=False)
[154/462] fcfs_moldable_c__N500__seed1007: running... FAILED (exit=1, parse_ok=False)
[155/462] fcfs_moldable_c__N500__seed1107: running... FAILED (exit=1, parse_ok=False)
[156/462] fcfs_moldable_c__N500__seed1207: running... FAILED (exit=1, parse_ok=False)
[157/462] fcfs_moldable_c__N600__seed7: running... FAILED (exit=1, parse_ok=False)
[158/462] fcfs_moldable_c__N600__seed107: running... FAILED (exit=1, parse_ok=False)
[159/462] fcfs_moldable_c__N600__seed207: running... FAILED (exit=1, parse_ok=False)
[160/462] fcfs_moldable_c__N600__seed1007: running... FAILED (exit=1, parse_ok=False)
[161/462] fcfs_moldable_c__N600__seed1107: running... FAILED (exit=1, parse_ok=False)
[162/462] fcfs_moldable_c__N600__seed1207: running... FAILED (exit=1, parse_ok=False)
[163/462] fcfs_moldable_c__N700__seed7: running... FAILED (exit=1, parse_ok=False)
[164/462] fcfs_moldable_c__N700__seed107: running... FAILED (exit=1, parse_ok=False)
[165/462] fcfs_moldable_c__N700__seed207: running... FAILED (exit=1, parse_ok=False)
[166/462] fcfs_moldable_c__N700__seed1007: running... FAILED (exit=1, parse_ok=False)
[167/462] fcfs_moldable_c__N700__seed1107: running... FAILED (exit=1, parse_ok=False)
[168/462] fcfs_moldable_c__N700__seed1207: running... FAILED (exit=1, parse_ok=False)
[169/462] edf_static_r__N100__seed7: running... ok in 20.0s  (misses=0.08, cost=€3284.51)
[170/462] edf_static_r__N100__seed107: running... ok in 19.8s  (misses=0.06, cost=€4033.74)
[171/462] edf_static_r__N100__seed207: running... ok in 19.7s  (misses=0.08, cost=€3445.15)
[172/462] edf_static_r__N100__seed1007: running... ok in 19.6s  (misses=0.07, cost=€3468.81)
[173/462] edf_static_r__N100__seed1107: running... ok in 19.7s  (misses=0.03, cost=€3384.66)
[174/462] edf_static_r__N100__seed1207: running... ok in 19.6s  (misses=0.04, cost=€3326.96)
[175/462] edf_static_r__N200__seed7: running... ok in 37.7s  (misses=0.105, cost=€8404.73)
[176/462] edf_static_r__N200__seed107: running... ok in 37.6s  (misses=0.105, cost=€8052.04)
[177/462] edf_static_r__N200__seed207: running... ok in 37.6s  (misses=0.13, cost=€8320.57)
[178/462] edf_static_r__N200__seed1007: running... ok in 38.2s  (misses=0.115, cost=€8497.88)
[179/462] edf_static_r__N200__seed1107: running... ok in 39.2s  (misses=0.085, cost=€7607.23)
[180/462] edf_static_r__N200__seed1207: running... ok in 38.1s  (misses=0.115, cost=€9508.78)
[181/462] edf_static_r__N300__seed7: running... ok in 57.3s  (misses=0.0867, cost=€12299.42)
[182/462] edf_static_r__N300__seed107: running... ok in 56.3s  (misses=0.1167, cost=€10284.98)
[183/462] edf_static_r__N300__seed207: running... ok in 56.7s  (misses=0.1133, cost=€11850.45)
[184/462] edf_static_r__N300__seed1007: running... ok in 56.7s  (misses=0.1167, cost=€10788.61)
[185/462] edf_static_r__N300__seed1107: running... ok in 56.8s  (misses=0.1133, cost=€9168.63)
[186/462] edf_static_r__N300__seed1207: running... ok in 56.8s  (misses=0.09, cost=€11493.04)
[187/462] edf_static_r__N400__seed7: running... ok in 74.5s  (misses=0.0725, cost=€15188.1)
[188/462] edf_static_r__N400__seed107: running... ok in 75.5s  (misses=0.0875, cost=€12038.7)
[189/462] edf_static_r__N400__seed207: running... ok in 74.7s  (misses=0.085, cost=€15372.46)
[190/462] edf_static_r__N400__seed1007: running... ok in 74.4s  (misses=0.1025, cost=€12583.41)
[191/462] edf_static_r__N400__seed1107: running... ok in 75.4s  (misses=0.0825, cost=€14390.17)
[192/462] edf_static_r__N400__seed1207: running... ok in 74.4s  (misses=0.105, cost=€13213.65)
[193/462] edf_static_r__N500__seed7: running... FAILED (exit=1, parse_ok=False)
[194/462] edf_static_r__N500__seed107: running... FAILED (exit=1, parse_ok=False)
[195/462] edf_static_r__N500__seed207: running... FAILED (exit=1, parse_ok=False)
[196/462] edf_static_r__N500__seed1007: running... FAILED (exit=1, parse_ok=False)
[197/462] edf_static_r__N500__seed1107: running... FAILED (exit=1, parse_ok=False)
[198/462] edf_static_r__N500__seed1207: running... FAILED (exit=1, parse_ok=False)
[199/462] edf_static_r__N600__seed7: running... FAILED (exit=1, parse_ok=False)
[200/462] edf_static_r__N600__seed107: running... FAILED (exit=1, parse_ok=False)
[201/462] edf_static_r__N600__seed207: running... FAILED (exit=1, parse_ok=False)
[202/462] edf_static_r__N600__seed1007: running... FAILED (exit=1, parse_ok=False)
[203/462] edf_static_r__N600__seed1107: running... FAILED (exit=1, parse_ok=False)
[204/462] edf_static_r__N600__seed1207: running... FAILED (exit=1, parse_ok=False)
[205/462] edf_static_r__N700__seed7: running... FAILED (exit=1, parse_ok=False)
[206/462] edf_static_r__N700__seed107: running... FAILED (exit=1, parse_ok=False)
[207/462] edf_static_r__N700__seed207: running... FAILED (exit=1, parse_ok=False)
[208/462] edf_static_r__N700__seed1007: running... FAILED (exit=1, parse_ok=False)
[209/462] edf_static_r__N700__seed1107: running... FAILED (exit=1, parse_ok=False)
[210/462] edf_static_r__N700__seed1207: running... FAILED (exit=1, parse_ok=False)
[211/462] edf_static_c__N100__seed7: running... ok in 19.6s  (misses=0.0, cost=€1500.98)
[212/462] edf_static_c__N100__seed107: running... ok in 19.6s  (misses=0.0, cost=€1500.98)
[213/462] edf_static_c__N100__seed207: running... ok in 19.7s  (misses=0.0, cost=€1500.98)
[214/462] edf_static_c__N100__seed1007: running... ok in 19.7s  (misses=0.0, cost=€1500.98)
[215/462] edf_static_c__N100__seed1107: running... ok in 19.8s  (misses=0.0, cost=€1500.98)
[216/462] edf_static_c__N100__seed1207: running... ok in 19.7s  (misses=0.0, cost=€1500.98)
[217/462] edf_static_c__N200__seed7: running... ok in 37.6s  (misses=0.07, cost=€4986.94)
[218/462] edf_static_c__N200__seed107: running... ok in 37.5s  (misses=0.06, cost=€5874.56)
[219/462] edf_static_c__N200__seed207: running... ok in 37.6s  (misses=0.085, cost=€5760.07)
[220/462] edf_static_c__N200__seed1007: running... ok in 37.8s  (misses=0.085, cost=€6016.94)
[221/462] edf_static_c__N200__seed1107: running... ok in 40.4s  (misses=0.085, cost=€5449.54)
[222/462] edf_static_c__N200__seed1207: running... ok in 38.3s  (misses=0.085, cost=€6228.42)
[223/462] edf_static_c__N300__seed7: running... ok in 56.5s  (misses=0.0767, cost=€8930.81)
[224/462] edf_static_c__N300__seed107: running... ok in 56.8s  (misses=0.08, cost=€12529.33)
[225/462] edf_static_c__N300__seed207: running... ok in 56.9s  (misses=0.0967, cost=€10197.79)
[226/462] edf_static_c__N300__seed1007: running... ok in 57.1s  (misses=0.0833, cost=€10972.04)
[227/462] edf_static_c__N300__seed1107: running... ok in 57.9s  (misses=0.0833, cost=€10389.71)
[228/462] edf_static_c__N300__seed1207: running... ok in 56.6s  (misses=0.0867, cost=€10442.12)
[229/462] edf_static_c__N400__seed7: running... ok in 74.3s  (misses=0.0625, cost=€12049.08)
[230/462] edf_static_c__N400__seed107: running... ok in 75.3s  (misses=0.08, cost=€11571.07)
[231/462] edf_static_c__N400__seed207: running... ok in 75.7s  (misses=0.0725, cost=€12498.73)
[232/462] edf_static_c__N400__seed1007: running... ok in 74.0s  (misses=0.09, cost=€12584.27)
[233/462] edf_static_c__N400__seed1107: running... ok in 74.6s  (misses=0.0675, cost=€14582.56)
[234/462] edf_static_c__N400__seed1207: running... ok in 74.4s  (misses=0.0725, cost=€11299.26)
[235/462] edf_static_c__N500__seed7: running... FAILED (exit=1, parse_ok=False)
[236/462] edf_static_c__N500__seed107: running... FAILED (exit=1, parse_ok=False)
[237/462] edf_static_c__N500__seed207: running... FAILED (exit=1, parse_ok=False)
[238/462] edf_static_c__N500__seed1007: running... FAILED (exit=1, parse_ok=False)
[239/462] edf_static_c__N500__seed1107: running... FAILED (exit=1, parse_ok=False)
[240/462] edf_static_c__N500__seed1207: running... FAILED (exit=1, parse_ok=False)
[241/462] edf_static_c__N600__seed7: running... FAILED (exit=1, parse_ok=False)
[242/462] edf_static_c__N600__seed107: running... FAILED (exit=1, parse_ok=False)
[243/462] edf_static_c__N600__seed207: running... FAILED (exit=1, parse_ok=False)
[244/462] edf_static_c__N600__seed1007: running... FAILED (exit=1, parse_ok=False)
[245/462] edf_static_c__N600__seed1107: running... FAILED (exit=1, parse_ok=False)
[246/462] edf_static_c__N600__seed1207: running... FAILED (exit=1, parse_ok=False)
[247/462] edf_static_c__N700__seed7: running... FAILED (exit=1, parse_ok=False)
[248/462] edf_static_c__N700__seed107: running... FAILED (exit=1, parse_ok=False)
[249/462] edf_static_c__N700__seed207: running... FAILED (exit=1, parse_ok=False)
[250/462] edf_static_c__N700__seed1007: running... FAILED (exit=1, parse_ok=False)
[251/462] edf_static_c__N700__seed1107: running... FAILED (exit=1, parse_ok=False)
[252/462] edf_static_c__N700__seed1207: running... FAILED (exit=1, parse_ok=False)
[253/462] edf_moldable_r__N100__seed7: running... ok in 19.2s  (misses=0.13, cost=€2165.83)
[254/462] edf_moldable_r__N100__seed107: running... ok in 19.5s  (misses=0.12, cost=€2735.32)
[255/462] edf_moldable_r__N100__seed207: running... ok in 18.7s  (misses=0.17, cost=€1799.65)
[256/462] edf_moldable_r__N100__seed1007: running... ok in 20.1s  (misses=0.13, cost=€2727.06)
[257/462] edf_moldable_r__N100__seed1107: running... ok in 19.0s  (misses=0.17, cost=€2924.91)
[258/462] edf_moldable_r__N100__seed1207: running... ok in 18.5s  (misses=0.16, cost=€1822.21)
[259/462] edf_moldable_r__N200__seed7: running... ok in 37.1s  (misses=0.14, cost=€4645.78)
[260/462] edf_moldable_r__N200__seed107: running... ok in 36.8s  (misses=0.145, cost=€4195.7)
[261/462] edf_moldable_r__N200__seed207: running... ok in 36.5s  (misses=0.16, cost=€4373.1)
[262/462] edf_moldable_r__N200__seed1007: running... ok in 37.9s  (misses=0.16, cost=€3783.19)
[263/462] edf_moldable_r__N200__seed1107: running... ok in 36.9s  (misses=0.12, cost=€5590.0)
[264/462] edf_moldable_r__N200__seed1207: running... ok in 36.8s  (misses=0.16, cost=€4375.84)
[265/462] edf_moldable_r__N300__seed7: running... ok in 54.5s  (misses=0.1633, cost=€6103.69)
[266/462] edf_moldable_r__N300__seed107: running... ok in 54.0s  (misses=0.1967, cost=€6076.31)
[267/462] edf_moldable_r__N300__seed207: running... ok in 56.2s  (misses=0.1533, cost=€7599.38)
[268/462] edf_moldable_r__N300__seed1007: running... ok in 54.7s  (misses=0.18, cost=€5908.84)
[269/462] edf_moldable_r__N300__seed1107: running... ok in 55.9s  (misses=0.1367, cost=€5791.83)
[270/462] edf_moldable_r__N300__seed1207: running... ok in 54.2s  (misses=0.19, cost=€4672.66)
[271/462] edf_moldable_r__N400__seed7: running... ok in 71.1s  (misses=0.165, cost=€8120.48)
[272/462] edf_moldable_r__N400__seed107: running... ok in 72.3s  (misses=0.1925, cost=€6992.01)
[273/462] edf_moldable_r__N400__seed207: running... ok in 71.7s  (misses=0.1725, cost=€9324.27)
[274/462] edf_moldable_r__N400__seed1007: running... ok in 72.1s  (misses=0.16, cost=€7268.6)
[275/462] edf_moldable_r__N400__seed1107: running... ok in 72.8s  (misses=0.15, cost=€6392.44)
[276/462] edf_moldable_r__N400__seed1207: running... ok in 72.8s  (misses=0.1425, cost=€7941.42)
[277/462] edf_moldable_r__N500__seed7: running... FAILED (exit=1, parse_ok=False)
[278/462] edf_moldable_r__N500__seed107: running... FAILED (exit=1, parse_ok=False)
[279/462] edf_moldable_r__N500__seed207: running... FAILED (exit=1, parse_ok=False)
[280/462] edf_moldable_r__N500__seed1007: running... FAILED (exit=1, parse_ok=False)
[281/462] edf_moldable_r__N500__seed1107: running... FAILED (exit=1, parse_ok=False)
[282/462] edf_moldable_r__N500__seed1207: running... FAILED (exit=1, parse_ok=False)
[283/462] edf_moldable_r__N600__seed7: running... FAILED (exit=1, parse_ok=False)
[284/462] edf_moldable_r__N600__seed107: running... FAILED (exit=1, parse_ok=False)
[285/462] edf_moldable_r__N600__seed207: running... FAILED (exit=1, parse_ok=False)
[286/462] edf_moldable_r__N600__seed1007: running... FAILED (exit=1, parse_ok=False)
[287/462] edf_moldable_r__N600__seed1107: running... FAILED (exit=1, parse_ok=False)
[288/462] edf_moldable_r__N600__seed1207: running... FAILED (exit=1, parse_ok=False)
[289/462] edf_moldable_r__N700__seed7: running... FAILED (exit=1, parse_ok=False)
[290/462] edf_moldable_r__N700__seed107: running... FAILED (exit=1, parse_ok=False)
[291/462] edf_moldable_r__N700__seed207: running... FAILED (exit=1, parse_ok=False)
[292/462] edf_moldable_r__N700__seed1007: running... FAILED (exit=1, parse_ok=False)
[293/462] edf_moldable_r__N700__seed1107: running... FAILED (exit=1, parse_ok=False)
[294/462] edf_moldable_r__N700__seed1207: running... FAILED (exit=1, parse_ok=False)
[295/462] edf_moldable_c__N100__seed7: running... ok in 19.8s  (misses=0.0, cost=€1376.37)
[296/462] edf_moldable_c__N100__seed107: running... ok in 19.7s  (misses=0.0, cost=€1376.43)
[297/462] edf_moldable_c__N100__seed207: running... ok in 20.6s  (misses=0.0, cost=€1376.27)
[298/462] edf_moldable_c__N100__seed1007: running... ok in 19.8s  (misses=0.0, cost=€1376.3)
[299/462] edf_moldable_c__N100__seed1107: running... ok in 19.6s  (misses=0.0, cost=€1376.39)
[300/462] edf_moldable_c__N100__seed1207: running... ok in 19.5s  (misses=0.0, cost=€1376.43)
[301/462] edf_moldable_c__N200__seed7: running... ok in 37.0s  (misses=0.095, cost=€2805.08)
[302/462] edf_moldable_c__N200__seed107: running... ok in 36.8s  (misses=0.12, cost=€2848.64)
[303/462] edf_moldable_c__N200__seed207: running... ok in 37.3s  (misses=0.105, cost=€2838.0)
[304/462] edf_moldable_c__N200__seed1007: running... ok in 37.6s  (misses=0.105, cost=€3378.63)
[305/462] edf_moldable_c__N200__seed1107: running... ok in 37.6s  (misses=0.105, cost=€4745.16)
[306/462] edf_moldable_c__N200__seed1207: running... ok in 37.3s  (misses=0.1, cost=€3180.59)
[307/462] edf_moldable_c__N300__seed7: running... ok in 54.9s  (misses=0.1567, cost=€7220.92)
[308/462] edf_moldable_c__N300__seed107: running... ok in 55.2s  (misses=0.1267, cost=€5758.66)
[309/462] edf_moldable_c__N300__seed207: running... ok in 55.0s  (misses=0.15, cost=€5938.99)
[310/462] edf_moldable_c__N300__seed1007: running... ok in 54.5s  (misses=0.1533, cost=€5892.21)
[311/462] edf_moldable_c__N300__seed1107: running... ok in 55.3s  (misses=0.16, cost=€7055.14)
[312/462] edf_moldable_c__N300__seed1207: running... ok in 53.7s  (misses=0.1567, cost=€4758.25)
[313/462] edf_moldable_c__N400__seed7: running... ok in 72.6s  (misses=0.1325, cost=€7710.68)
[314/462] edf_moldable_c__N400__seed107: running... ok in 72.3s  (misses=0.1425, cost=€6596.48)
[315/462] edf_moldable_c__N400__seed207: running... ok in 72.0s  (misses=0.15, cost=€8011.5)
[316/462] edf_moldable_c__N400__seed1007: running... ok in 73.4s  (misses=0.1325, cost=€7201.08)
[317/462] edf_moldable_c__N400__seed1107: running... ok in 72.4s  (misses=0.1475, cost=€6817.36)
[318/462] edf_moldable_c__N400__seed1207: running... ok in 72.5s  (misses=0.1325, cost=€8308.6)
[319/462] edf_moldable_c__N500__seed7: running... FAILED (exit=1, parse_ok=False)
[320/462] edf_moldable_c__N500__seed107: running... FAILED (exit=1, parse_ok=False)
[321/462] edf_moldable_c__N500__seed207: running... FAILED (exit=1, parse_ok=False)
[322/462] edf_moldable_c__N500__seed1007: running... FAILED (exit=1, parse_ok=False)
[323/462] edf_moldable_c__N500__seed1107: running... FAILED (exit=1, parse_ok=False)
[324/462] edf_moldable_c__N500__seed1207: running... FAILED (exit=1, parse_ok=False)
[325/462] edf_moldable_c__N600__seed7: running... FAILED (exit=1, parse_ok=False)
[326/462] edf_moldable_c__N600__seed107: running... FAILED (exit=1, parse_ok=False)
[327/462] edf_moldable_c__N600__seed207: running... FAILED (exit=1, parse_ok=False)
[328/462] edf_moldable_c__N600__seed1007: running... FAILED (exit=1, parse_ok=False)
[329/462] edf_moldable_c__N600__seed1107: running... FAILED (exit=1, parse_ok=False)
[330/462] edf_moldable_c__N600__seed1207: running... FAILED (exit=1, parse_ok=False)
[331/462] edf_moldable_c__N700__seed7: running... FAILED (exit=1, parse_ok=False)
[332/462] edf_moldable_c__N700__seed107: running... FAILED (exit=1, parse_ok=False)
[333/462] edf_moldable_c__N700__seed207: running... FAILED (exit=1, parse_ok=False)
[334/462] edf_moldable_c__N700__seed1007: running... FAILED (exit=1, parse_ok=False)
[335/462] edf_moldable_c__N700__seed1107: running... FAILED (exit=1, parse_ok=False)
[336/462] edf_moldable_c__N700__seed1207: running... FAILED (exit=1, parse_ok=False)
[337/462] heft_static__N100__seed7: running... ok in 19.6s  (misses=0.08, cost=€3284.51)
[338/462] heft_static__N100__seed107: running... ok in 20.8s  (misses=0.06, cost=€4033.74)
[339/462] heft_static__N100__seed207: running... ok in 20.4s  (misses=0.08, cost=€3445.15)
[340/462] heft_static__N100__seed1007: running... ok in 19.6s  (misses=0.07, cost=€3468.81)
[341/462] heft_static__N100__seed1107: running... ok in 19.6s  (misses=0.03, cost=€3384.66)
[342/462] heft_static__N100__seed1207: running... ok in 19.7s  (misses=0.04, cost=€3326.96)
[343/462] heft_static__N200__seed7: running... ok in 37.5s  (misses=0.135, cost=€8773.41)
[344/462] heft_static__N200__seed107: running... ok in 37.5s  (misses=0.13, cost=€7410.98)
[345/462] heft_static__N200__seed207: running... ok in 37.1s  (misses=0.16, cost=€10096.83)
[346/462] heft_static__N200__seed1007: running... ok in 37.6s  (misses=0.15, cost=€9707.32)
[347/462] heft_static__N200__seed1107: running... ok in 38.3s  (misses=0.12, cost=€10040.44)
[348/462] heft_static__N200__seed1207: running... ok in 38.2s  (misses=0.14, cost=€8481.98)
[349/462] heft_static__N300__seed7: running... ok in 45.1s  (misses=0.3233, cost=€10835.96)
[350/462] heft_static__N300__seed107: running... ok in 44.4s  (misses=0.33, cost=€11064.8)
[351/462] heft_static__N300__seed207: running... ok in 45.2s  (misses=0.3433, cost=€10782.92)
[352/462] heft_static__N300__seed1007: running... ok in 45.2s  (misses=0.3267, cost=€10316.2)
[353/462] heft_static__N300__seed1107: running... ok in 45.7s  (misses=0.3167, cost=€9964.36)
[354/462] heft_static__N300__seed1207: running... ok in 45.2s  (misses=0.33, cost=€10875.84)
[355/462] heft_static__N400__seed7: running... ok in 48.6s  (misses=0.435, cost=€11602.36)
[356/462] heft_static__N400__seed107: running... ok in 48.7s  (misses=0.4225, cost=€13709.11)
[357/462] heft_static__N400__seed207: running... ok in 49.4s  (misses=0.43, cost=€14200.32)
[358/462] heft_static__N400__seed1007: running... ok in 48.1s  (misses=0.4475, cost=€12135.36)
[359/462] heft_static__N400__seed1107: running... ok in 48.5s  (misses=0.42, cost=€13821.09)
[360/462] heft_static__N400__seed1207: running... ok in 48.5s  (misses=0.435, cost=€15731.71)
[361/462] heft_static__N500__seed7: running... FAILED (exit=1, parse_ok=False)
[362/462] heft_static__N500__seed107: running... FAILED (exit=1, parse_ok=False)
[363/462] heft_static__N500__seed207: running... FAILED (exit=1, parse_ok=False)
[364/462] heft_static__N500__seed1007: running... FAILED (exit=1, parse_ok=False)
[365/462] heft_static__N500__seed1107: running... FAILED (exit=1, parse_ok=False)
[366/462] heft_static__N500__seed1207: running... FAILED (exit=1, parse_ok=False)
[367/462] heft_static__N600__seed7: running... FAILED (exit=1, parse_ok=False)
[368/462] heft_static__N600__seed107: running... FAILED (exit=1, parse_ok=False)
[369/462] heft_static__N600__seed207: running... FAILED (exit=1, parse_ok=False)
[370/462] heft_static__N600__seed1007: running... FAILED (exit=1, parse_ok=False)
[371/462] heft_static__N600__seed1107: running... FAILED (exit=1, parse_ok=False)
[372/462] heft_static__N600__seed1207: running... FAILED (exit=1, parse_ok=False)
[373/462] heft_static__N700__seed7: running... FAILED (exit=1, parse_ok=False)
[374/462] heft_static__N700__seed107: running... FAILED (exit=1, parse_ok=False)
[375/462] heft_static__N700__seed207: running... FAILED (exit=1, parse_ok=False)
[376/462] heft_static__N700__seed1007: running... FAILED (exit=1, parse_ok=False)
[377/462] heft_static__N700__seed1107: running... FAILED (exit=1, parse_ok=False)
[378/462] heft_static__N700__seed1207: running... FAILED (exit=1, parse_ok=False)
[379/462] rank_moldable_5050__N100__seed7: running... ok in 19.4s  (misses=0.0, cost=€1376.15)
[380/462] rank_moldable_5050__N100__seed107: running... ok in 20.3s  (misses=0.0, cost=€1376.15)
[381/462] rank_moldable_5050__N100__seed207: running... ok in 19.8s  (misses=0.0, cost=€1376.15)
[382/462] rank_moldable_5050__N100__seed1007: running... ok in 19.8s  (misses=0.0, cost=€1376.15)
[383/462] rank_moldable_5050__N100__seed1107: running... ok in 19.7s  (misses=0.0, cost=€1376.15)
[384/462] rank_moldable_5050__N100__seed1207: running... ok in 19.7s  (misses=0.0, cost=€1376.15)
[385/462] rank_moldable_5050__N200__seed7: running... ok in 37.2s  (misses=0.09, cost=€3237.53)
[386/462] rank_moldable_5050__N200__seed107: running... ok in 37.5s  (misses=0.115, cost=€3517.06)
[387/462] rank_moldable_5050__N200__seed207: running... ok in 37.7s  (misses=0.1, cost=€4958.3)
[388/462] rank_moldable_5050__N200__seed1007: running... ok in 36.9s  (misses=0.12, cost=€3585.17)
[389/462] rank_moldable_5050__N200__seed1107: running... ok in 37.1s  (misses=0.14, cost=€4037.18)
[390/462] rank_moldable_5050__N200__seed1207: running... ok in 36.8s  (misses=0.115, cost=€2674.26)
[391/462] rank_moldable_5050__N300__seed7: running... ok in 51.9s  (misses=0.1867, cost=€5406.64)
[392/462] rank_moldable_5050__N300__seed107: running... ok in 52.2s  (misses=0.2033, cost=€5063.36)
[393/462] rank_moldable_5050__N300__seed207: running... ok in 52.5s  (misses=0.1833, cost=€5734.86)
[394/462] rank_moldable_5050__N300__seed1007: running... ok in 54.1s  (misses=0.17, cost=€7518.69)
[395/462] rank_moldable_5050__N300__seed1107: running... ok in 52.7s  (misses=0.2033, cost=€6335.8)
[396/462] rank_moldable_5050__N300__seed1207: running... ok in 51.6s  (misses=0.2167, cost=€5415.62)
[397/462] rank_moldable_5050__N400__seed7: running... ok in 63.6s  (misses=0.245, cost=€7103.44)
[398/462] rank_moldable_5050__N400__seed107: running... ok in 64.6s  (misses=0.2575, cost=€6478.54)
[399/462] rank_moldable_5050__N400__seed207: running... ok in 64.6s  (misses=0.2325, cost=€7417.56)
[400/462] rank_moldable_5050__N400__seed1007: running... ok in 66.2s  (misses=0.23, cost=€6437.24)
[401/462] rank_moldable_5050__N400__seed1107: running... ok in 63.3s  (misses=0.2525, cost=€5725.09)
[402/462] rank_moldable_5050__N400__seed1207: running... ok in 65.3s  (misses=0.235, cost=€7721.61)
[403/462] rank_moldable_5050__N500__seed7: running... FAILED (exit=1, parse_ok=False)
[404/462] rank_moldable_5050__N500__seed107: running... FAILED (exit=1, parse_ok=False)
[405/462] rank_moldable_5050__N500__seed207: running... FAILED (exit=1, parse_ok=False)
[406/462] rank_moldable_5050__N500__seed1007: running... FAILED (exit=1, parse_ok=False)
[407/462] rank_moldable_5050__N500__seed1107: running... FAILED (exit=1, parse_ok=False)
[408/462] rank_moldable_5050__N500__seed1207: running... FAILED (exit=1, parse_ok=False)
[409/462] rank_moldable_5050__N600__seed7: running... FAILED (exit=1, parse_ok=False)
[410/462] rank_moldable_5050__N600__seed107: running... FAILED (exit=1, parse_ok=False)
[411/462] rank_moldable_5050__N600__seed207: running... FAILED (exit=1, parse_ok=False)
[412/462] rank_moldable_5050__N600__seed1007: running... FAILED (exit=1, parse_ok=False)
[413/462] rank_moldable_5050__N600__seed1107: running... FAILED (exit=1, parse_ok=False)
[414/462] rank_moldable_5050__N600__seed1207: running... FAILED (exit=1, parse_ok=False)
[415/462] rank_moldable_5050__N700__seed7: running... FAILED (exit=1, parse_ok=False)
[416/462] rank_moldable_5050__N700__seed107: running... FAILED (exit=1, parse_ok=False)
[417/462] rank_moldable_5050__N700__seed207: running... FAILED (exit=1, parse_ok=False)
[418/462] rank_moldable_5050__N700__seed1007: running... FAILED (exit=1, parse_ok=False)
[419/462] rank_moldable_5050__N700__seed1107: running... FAILED (exit=1, parse_ok=False)
[420/462] rank_moldable_5050__N700__seed1207: running... FAILED (exit=1, parse_ok=False)
[421/462] rank_moldable_2575__N100__seed7: running... ok in 19.7s  (misses=0.0, cost=€1728.11)
[422/462] rank_moldable_2575__N100__seed107: running... ok in 20.3s  (misses=0.0, cost=€1723.68)
[423/462] rank_moldable_2575__N100__seed207: running... ok in 19.9s  (misses=0.0, cost=€1703.94)
[424/462] rank_moldable_2575__N100__seed1007: running... ok in 19.7s  (misses=0.0, cost=€1723.68)
[425/462] rank_moldable_2575__N100__seed1107: running... ok in 19.7s  (misses=0.0, cost=€1726.28)
[426/462] rank_moldable_2575__N100__seed1207: running... ok in 19.7s  (misses=0.01, cost=€1687.45)
[427/462] rank_moldable_2575__N200__seed7: running... ok in 36.5s  (misses=0.11, cost=€4151.24)
[428/462] rank_moldable_2575__N200__seed107: running... ok in 36.5s  (misses=0.135, cost=€3760.22)
[429/462] rank_moldable_2575__N200__seed207: running... ok in 37.5s  (misses=0.11, cost=€3717.05)
[430/462] rank_moldable_2575__N200__seed1007: running... ok in 36.8s  (misses=0.105, cost=€3224.92)
[431/462] rank_moldable_2575__N200__seed1107: running... ok in 36.7s  (misses=0.13, cost=€3372.62)
[432/462] rank_moldable_2575__N200__seed1207: running... ok in 37.7s  (misses=0.115, cost=€4101.12)
[433/462] rank_moldable_2575__N300__seed7: running... ok in 54.2s  (misses=0.17, cost=€5969.27)
[434/462] rank_moldable_2575__N300__seed107: running... ok in 51.9s  (misses=0.2033, cost=€5276.83)
[435/462] rank_moldable_2575__N300__seed207: running... ok in 52.6s  (misses=0.1667, cost=€6271.75)
[436/462] rank_moldable_2575__N300__seed1007: running... ok in 52.8s  (misses=0.1867, cost=€6144.38)
[437/462] rank_moldable_2575__N300__seed1107: running... ok in 53.0s  (misses=0.1833, cost=€5385.18)
[438/462] rank_moldable_2575__N300__seed1207: running... ok in 51.6s  (misses=0.2133, cost=€6131.12)
[439/462] rank_moldable_2575__N400__seed7: running... ok in 64.0s  (misses=0.27, cost=€6303.02)
[440/462] rank_moldable_2575__N400__seed107: running... ok in 64.7s  (misses=0.2475, cost=€8667.68)
[441/462] rank_moldable_2575__N400__seed207: running... ok in 65.6s  (misses=0.23, cost=€7015.54)
[442/462] rank_moldable_2575__N400__seed1007: running... ok in 66.3s  (misses=0.24, cost=€9181.64)
[443/462] rank_moldable_2575__N400__seed1107: running... ok in 63.9s  (misses=0.25, cost=€6990.75)
[444/462] rank_moldable_2575__N400__seed1207: running... ok in 64.4s  (misses=0.25, cost=€7250.21)
[445/462] rank_moldable_2575__N500__seed7: running... FAILED (exit=1, parse_ok=False)
[446/462] rank_moldable_2575__N500__seed107: running... FAILED (exit=1, parse_ok=False)
[447/462] rank_moldable_2575__N500__seed207: running... FAILED (exit=1, parse_ok=False)
[448/462] rank_moldable_2575__N500__seed1007: running... FAILED (exit=1, parse_ok=False)
[449/462] rank_moldable_2575__N500__seed1107: running... FAILED (exit=1, parse_ok=False)
[450/462] rank_moldable_2575__N500__seed1207: running... FAILED (exit=1, parse_ok=False)
[451/462] rank_moldable_2575__N600__seed7: running... FAILED (exit=1, parse_ok=False)
[452/462] rank_moldable_2575__N600__seed107: running... FAILED (exit=1, parse_ok=False)
[453/462] rank_moldable_2575__N600__seed207: running... FAILED (exit=1, parse_ok=False)
[454/462] rank_moldable_2575__N600__seed1007: running... FAILED (exit=1, parse_ok=False)
[455/462] rank_moldable_2575__N600__seed1107: running... FAILED (exit=1, parse_ok=False)
[456/462] rank_moldable_2575__N600__seed1207: running... FAILED (exit=1, parse_ok=False)
[457/462] rank_moldable_2575__N700__seed7: running... FAILED (exit=1, parse_ok=False)
[458/462] rank_moldable_2575__N700__seed107: running... FAILED (exit=1, parse_ok=False)
[459/462] rank_moldable_2575__N700__seed207: running... FAILED (exit=1, parse_ok=False)
[460/462] rank_moldable_2575__N700__seed1007: running... FAILED (exit=1, parse_ok=False)
[461/462] rank_moldable_2575__N700__seed1107: running... FAILED (exit=1, parse_ok=False)
[462/462] rank_moldable_2575__N700__seed1207: running... FAILED (exit=1, parse_ok=False)
wrote /Users/srishtidasgupta/PhD/PhD/PhD_Codebase/Vortex-mid/Vortex-moldable-sched/plain_results/plain_results_per_run.json (462 cells)
